ARM Linker, 5.03 [Build 24] [MDK-ARM Professional]

==============================================================================

Section Cross References

    startup_stm32f10x_md.o(RESET) refers to startup_stm32f10x_md.o(STACK) for __initial_sp
    startup_stm32f10x_md.o(RESET) refers to startup_stm32f10x_md.o(.text) for Reset_Handler
    startup_stm32f10x_md.o(RESET) refers to stm32f10x_it.o(.text) for NMI_Handler
    startup_stm32f10x_md.o(RESET) refers to hal_key.o(.text) for TIM2_IRQHandler
    startup_stm32f10x_md.o(RESET) refers to gizwits_product.o(.text) for TIM3_IRQHandler
    startup_stm32f10x_md.o(.text) refers to system_stm32f10x.o(.text) for SystemInit
    startup_stm32f10x_md.o(.text) refers to entry.o(.ARM.Collect$$$$00000000) for __main
    system_stm32f10x.o(.text) refers to system_stm32f10x.o(.data) for SystemCoreClock
    stm32f10x_adc.o(.text) refers to stm32f10x_rcc.o(.text) for RCC_APB2PeriphResetCmd
    stm32f10x_bkp.o(.text) refers to stm32f10x_rcc.o(.text) for RCC_BackupResetCmd
    stm32f10x_can.o(.text) refers to stm32f10x_rcc.o(.text) for RCC_APB1PeriphResetCmd
    stm32f10x_cec.o(.text) refers to stm32f10x_rcc.o(.text) for RCC_APB1PeriphResetCmd
    stm32f10x_dac.o(.text) refers to stm32f10x_rcc.o(.text) for RCC_APB1PeriphResetCmd
    stm32f10x_gpio.o(.text) refers to stm32f10x_rcc.o(.text) for RCC_APB2PeriphResetCmd
    stm32f10x_i2c.o(.text) refers to stm32f10x_rcc.o(.text) for RCC_APB1PeriphResetCmd
    stm32f10x_pwr.o(.text) refers to stm32f10x_rcc.o(.text) for RCC_APB1PeriphResetCmd
    stm32f10x_rcc.o(.text) refers to stm32f10x_rcc.o(.data) for APBAHBPrescTable
    stm32f10x_spi.o(.text) refers to stm32f10x_rcc.o(.text) for RCC_APB2PeriphResetCmd
    stm32f10x_tim.o(.text) refers to stm32f10x_rcc.o(.text) for RCC_APB2PeriphResetCmd
    stm32f10x_usart.o(.text) refers to stm32f10x_rcc.o(.text) for RCC_APB2PeriphResetCmd
    stm32f10x_wwdg.o(.text) refers to stm32f10x_rcc.o(.text) for RCC_APB1PeriphResetCmd
    main.o(.text) refers to printf8.o(i.__0printf$8) for __2printf
    main.o(.text) refers to gizwits_protocol.o(.text) for gizwitsSetMode
    main.o(.text) refers to hal_led.o(.text) for led_off
    main.o(.text) refers to hal_relay.o(.text) for relay_on
    main.o(.text) refers to hal_key.o(.text) for keyInitOne
    main.o(.text) refers to memcpya.o(.text) for __aeabi_memcpy
    main.o(.text) refers to system_stm32f10x.o(.text) for SystemInit
    main.o(.text) refers to hal_uart.o(.text) for uartxInit
    main.o(.text) refers to gizwits_product.o(.text) for userInit
    main.o(.text) refers to hal_nrf24l01.o(.text) for NRF24L01_Init
    main.o(.text) refers to hal_watchdog.o(.text) for watchdogInit
    main.o(.text) refers to main.o(.data) for i
    main.o(.text) refers to gizwits_product.o(.bss) for currentDataPoint
    main.o(.text) refers to main.o(.bss) for singleKey
    stm32f10x_it.o(.text) refers to stm32f10x_usart.o(.text) for USART_GetITStatus
    stm32f10x_it.o(.text) refers to stm32f10x_rtc.o(.text) for RTC_GetITStatus
    hal_key.o(.text) refers to stm32f10x_gpio.o(.text) for GPIO_ReadInputDataBit
    hal_key.o(.text) refers to stm32f10x_tim.o(.text) for TIM_GetITStatus
    hal_key.o(.text) refers to stm32f10x_rcc.o(.text) for RCC_APB1PeriphClockCmd
    hal_key.o(.text) refers to misc.o(.text) for NVIC_Init
    hal_key.o(.text) refers to memcpya.o(.text) for __aeabi_memcpy
    hal_key.o(.text) refers to main.o(.data) for keys
    hal_key.o(.text) refers to hal_key.o(.data) for keyCountTime
    hal_uart.o(.text) refers to stm32f10x_rcc.o(.text) for RCC_APB2PeriphClockCmd
    hal_uart.o(.text) refers to stm32f10x_gpio.o(.text) for GPIO_Init
    hal_uart.o(.text) refers to stm32f10x_usart.o(.text) for USART_Init
    hal_uart.o(.text) refers to misc.o(.text) for NVIC_Init
    hal_watchdog.o(.text) refers to stm32f10x_iwdg.o(.text) for IWDG_WriteAccessCmd
    hal_led.o(.text) refers to stm32f10x_rcc.o(.text) for RCC_APB2PeriphClockCmd
    hal_led.o(.text) refers to stm32f10x_gpio.o(.text) for GPIO_Init
    hal_relay.o(.text) refers to stm32f10x_rcc.o(.text) for RCC_APB2PeriphClockCmd
    hal_relay.o(.text) refers to stm32f10x_gpio.o(.text) for GPIO_Init
    hal_nrf24l01.o(.text) refers to stm32f10x_rcc.o(.text) for RCC_APB2PeriphClockCmd
    hal_nrf24l01.o(.text) refers to stm32f10x_gpio.o(.text) for GPIO_Init
    hal_nrf24l01.o(.text) refers to stm32f10x_spi.o(.text) for SPI_Init
    hal_nrf24l01.o(.text) refers to hal_nrf24l01.o(.constdata) for RX_ADDRESS
    gizwits_product.o(.text) refers to printf8.o(i.__0printf$8) for __2printf
    gizwits_product.o(.text) refers to hal_relay.o(.text) for relay_on
    gizwits_product.o(.text) refers to hal_nrf24l01.o(.text) for NRF24L01_TX_Mode
    gizwits_product.o(.text) refers to memseta.o(.text) for __aeabi_memclr
    gizwits_product.o(.text) refers to stm32f10x_tim.o(.text) for TIM_GetITStatus
    gizwits_product.o(.text) refers to stm32f10x_rcc.o(.text) for RCC_APB1PeriphClockCmd
[...]
    printf4.o(i.__0printf$4) refers to printf4.o(i._printf_core) for _printf_core
    printf4.o(i.__0printf$4) refers to hal_uart.o(.text) for fputc
    printf4.o(i.__0printf$4) refers to stdout.o(.data) for __stdout
    printf4.o(i.__0snprintf$4) refers to printf4.o(i._printf_core) for _printf_core
    printf4.o(i.__0snprintf$4) refers to printf4.o(i._snputc) for _snputc
    printf4.o(i.__0sprintf$4) refers to printf4.o(i._printf_core) for _printf_core
    printf4.o(i.__0sprintf$4) refers to printf4.o(i._sputc) for _sputc
    printf4.o(i.__0vfprintf$4) refers to printf4.o(i._printf_core) for _printf_core
    printf4.o(i.__0vfprintf$4) refers to hal_uart.o(.text) for fputc
    printf4.o(i.__0vprintf$4) refers to printf4.o(i._printf_core) for _printf_core
    printf4.o(i.__0vprintf$4) refers to hal_uart.o(.text) for fputc
    printf4.o(i.__0vprintf$4) refers to stdout.o(.data) for __stdout
    printf4.o(i.__0vsnprintf$4) refers to printf4.o(i._printf_core) for _printf_core
    printf4.o(i.__0vsnprintf$4) refers to printf4.o(i._snputc) for _snputc
    printf4.o(i.__0vsprintf$4) refers to printf4.o(i._printf_core) for _printf_core
    printf4.o(i.__0vsprintf$4) refers to printf4.o(i._sputc) for _sputc
    printf4.o(i._printf_core) refers to uldiv.o(.text) for __aeabi_uldivmod
    printf5.o(i.__0fprintf$5) refers to printf5.o(i._printf_core) for _printf_core
    printf5.o(i.__0fprintf$5) refers to hal_uart.o(.text) for fputc
    printf5.o(i.__0printf$5) refers to printf5.o(i._printf_core) for _printf_core
    printf5.o(i.__0printf$5) refers to hal_uart.o(.text) for fputc
    printf5.o(i.__0printf$5) refers to stdout.o(.data) for __stdout
    printf5.o(i.__0snprintf$5) refers to printf5.o(i._printf_core) for _printf_core
    printf5.o(i.__0snprintf$5) refers to printf5.o(i._snputc) for _snputc
    printf5.o(i.__0sprintf$5) refers to printf5.o(i._printf_core) for _printf_core
    printf5.o(i.__0sprintf$5) refers to printf5.o(i._sputc) for _sputc
    printf5.o(i.__0vfprintf$5) refers to printf5.o(i._printf_core) for _printf_core
    printf5.o(i.__0vfprintf$5) refers to hal_uart.o(.text) for fputc
    printf5.o(i.__0vprintf$5) refers to printf5.o(i._printf_core) for _printf_core
    printf5.o(i.__0vprintf$5) refers to hal_uart.o(.text) for fputc
    printf5.o(i.__0vprintf$5) refers to stdout.o(.data) for __stdout
    printf5.o(i.__0vsnprintf$5) refers to printf5.o(i._printf_core) for _printf_core
    printf5.o(i.__0vsnprintf$5) refers to printf5.o(i._snputc) for _snputc
    printf5.o(i.__0vsprintf$5) refers to printf5.o(i._printf_core) for _printf_core
    printf5.o(i.__0vsprintf$5) refers to printf5.o(i._sputc) for _sputc
    printf5.o(i._printf_core) refers to uldiv.o(.text) for __aeabi_uldivmod
    printf6.o(i.__0fprintf$6) refers to printf6.o(i._printf_core) for _printf_core
    printf6.o(i.__0fprintf$6) refers to hal_uart.o(.text) for fputc
    printf6.o(i.__0printf$6) refers to printf6.o(i._printf_core) for _printf_core
    printf6.o(i.__0printf$6) refers to hal_uart.o(.text) for fputc
    printf6.o(i.__0printf$6) refers to stdout.o(.data) for __stdout
    printf6.o(i.__0snprintf$6) refers to printf6.o(i._printf_core) for _printf_core
    printf6.o(i.__0snprintf$6) refers to printf6.o(i._snputc) for _snputc
    printf6.o(i.__0sprintf$6) refers to printf6.o(i._printf_core) for _printf_core
    printf6.o(i.__0sprintf$6) refers to printf6.o(i._sputc) for _sputc
    printf6.o(i.__0vfprintf$6) refers to printf6.o(i._printf_core) for _printf_core
    printf6.o(i.__0vfprintf$6) refers to hal_uart.o(.text) for fputc
    printf6.o(i.__0vprintf$6) refers to printf6.o(i._printf_core) for _printf_core
    printf6.o(i.__0vprintf$6) refers to hal_uart.o(.text) for fputc
    printf6.o(i.__0vprintf$6) refers to stdout.o(.data) for __stdout
    printf6.o(i.__0vsnprintf$6) refers to printf6.o(i._printf_core) for _printf_core
    printf6.o(i.__0vsnprintf$6) refers to printf6.o(i._snputc) for _snputc
    printf6.o(i.__0vsprintf$6) refers to printf6.o(i._printf_core) for _printf_core
    printf6.o(i.__0vsprintf$6) refers to printf6.o(i._sputc) for _sputc
    printf6.o(i._printf_core) refers to printf6.o(i._printf_pre_padding) for _printf_pre_padding
    printf6.o(i._printf_core) refers to uidiv.o(.text) for __aeabi_uidivmod
    printf6.o(i._printf_core) refers to printf6.o(i._printf_post_padding) for _printf_post_padding
    printf7.o(i.__0fprintf$7) refers to printf7.o(i._printf_core) for _printf_core
    printf7.o(i.__0fprintf$7) refers to hal_uart.o(.text) for fputc
    printf7.o(i.__0printf$7) refers to printf7.o(i._printf_core) for _printf_core
    printf7.o(i.__0printf$7) refers to hal_uart.o(.text) for fputc
    printf7.o(i.__0printf$7) refers to stdout.o(.data) for __stdout
    printf7.o(i.__0snprintf$7) refers to printf7.o(i._printf_core) for _printf_core
    printf7.o(i.__0snprintf$7) refers to printf7.o(i._snputc) for _snputc
    printf7.o(i.__0sprintf$7) refers to printf7.o(i._printf_core) for _printf_core
    printf7.o(i.__0sprintf$7) refers to printf7.o(i._sputc) for _sputc
    printf7.o(i.__0vfprintf$7) refers to printf7.o(i._printf_core) for _printf_core
    printf7.o(i.__0vfprintf$7) refers to hal_uart.o(.text) for fputc
    printf7.o(i.__0vprintf$7) refers to printf7.o(i._printf_core) for _printf_core
    printf7.o(i.__0vprintf$7) refers to hal_uart.o(.text) for fputc
    printf7.o(i.__0vprintf$7) refers to stdout.o(.data) for __stdout
    printf7.o(i.__0vsnprintf$7) refers to printf7.o(i._printf_core) for _printf_core
    printf7.o(i.__0vsnprintf$7) refers to printf7.o(i._snputc) for _snputc
    printf7.o(i.__0vsprintf$7) refers to printf7.o(i._printf_core) for _printf_core
    printf7.o(i.__0vsprintf$7) refers to printf7.o(i._sputc) for _sputc
    printf7.o(i._printf_core) refers to printf7.o(i._printf_pre_padding) for _printf_pre_padding
    printf7.o(i._printf_core) refers to uldiv.o(.text) for __aeabi_uldivmod
    printf7.o(i._printf_core) refers to printf7.o(i._printf_post_padding) for _printf_post_padding
    printf8.o(i.__0fprintf$8) refers to printf8.o(i._printf_core) for _printf_core
    printf8.o(i.__0fprintf$8) refers to hal_uart.o(.text) for fputc
    printf8.o(i.__0printf$8) refers to printf8.o(i._printf_core) for _printf_core
    printf8.o(i.__0printf$8) refers to hal_uart.o(.text) for fputc
    printf8.o(i.__0printf$8) refers to stdout.o(.data) for __stdout
    printf8.o(i.__0snprintf$8) refers to printf8.o(i._printf_core) for _printf_core
    printf8.o(i.__0snprintf$8) refers to printf8.o(i._snputc) for _snputc
    printf8.o(i.__0sprintf$8) refers to printf8.o(i._printf_core) for _printf_core
    printf8.o(i.__0sprintf$8) refers to printf8.o(i._sputc) for _sputc
    printf8.o(i.__0vfprintf$8) refers to printf8.o(i._printf_core) for _printf_core
    printf8.o(i.__0vfprintf$8) refers to hal_uart.o(.text) for fputc
    printf8.o(i.__0vprintf$8) refers to printf8.o(i._printf_core) for _printf_core
    printf8.o(i.__0vprintf$8) refers to hal_uart.o(.text) for fputc
    printf8.o(i.__0vprintf$8) refers to stdout.o(.data) for __stdout
    printf8.o(i.__0vsnprintf$8) refers to printf8.o(i._printf_core) for _printf_core
    printf8.o(i.__0vsnprintf$8) refers to printf8.o(i._snputc) for _snputc
    printf8.o(i.__0vsprintf$8) refers to printf8.o(i._printf_core) for _printf_core
    printf8.o(i.__0vsprintf$8) refers to printf8.o(i._sputc) for _sputc
    printf8.o(i._printf_core) refers to printf8.o(i._printf_pre_padding) for _printf_pre_padding
    printf8.o(i._printf_core) refers to uldiv.o(.text) for __aeabi_uldivmod
    printf8.o(i._printf_core) refers to printf8.o(i._printf_post_padding) for _printf_post_padding
    printfa.o(i.__0fprintf) refers (Special) to iusefp.o(.text) for __I$use$fp
    printfa.o(i.__0fprintf) refers to printfa.o(i._printf_core) for _printf_core
    printfa.o(i.__0fprintf) refers to hal_uart.o(.text) for fputc
    printfa.o(i.__0printf) refers (Special) to iusefp.o(.text) for __I$use$fp
    printfa.o(i.__0printf) refers to printfa.o(i._printf_core) for _printf_core
    printfa.o(i.__0printf) refers to hal_uart.o(.text) for fputc
    printfa.o(i.__0printf) refers to stdout.o(.data) for __stdout
    printfa.o(i.__0snprintf) refers (Special) to iusefp.o(.text) for __I$use$fp
    printfa.o(i.__0snprintf) refers to printfa.o(i._printf_core) for _printf_core
    printfa.o(i.__0snprintf) refers to printfa.o(i._snputc) for _snputc
    printfa.o(i.__0sprintf) refers (Special) to iusefp.o(.text) for __I$use$fp
    printfa.o(i.__0sprintf) refers to printfa.o(i._printf_core) for _printf_core
    printfa.o(i.__0sprintf) refers to printfa.o(i._sputc) for _sputc
    printfa.o(i.__0vfprintf) refers (Special) to iusefp.o(.text) for __I$use$fp
    printfa.o(i.__0vfprintf) refers to printfa.o(i._printf_core) for _printf_core
    printfa.o(i.__0vfprintf) refers to hal_uart.o(.text) for fputc
    printfa.o(i.__0vprintf) refers (Special) to iusefp.o(.text) for __I$use$fp
    printfa.o(i.__0vprintf) refers to printfa.o(i._printf_core) for _printf_core
    printfa.o(i.__0vprintf) refers to hal_uart.o(.text) for fputc
    printfa.o(i.__0vprintf) refers to stdout.o(.data) for __stdout
    printfa.o(i.__0vsnprintf) refers (Special) to iusefp.o(.text) for __I$use$fp
    printfa.o(i.__0vsnprintf) refers to printfa.o(i._printf_core) for _printf_core
    printfa.o(i.__0vsnprintf) refers to printfa.o(i._snputc) for _snputc
    printfa.o(i.__0vsprintf) refers (Special) to iusefp.o(.text) for __I$use$fp
    printfa.o(i.__0vsprintf) refers to printfa.o(i._printf_core) for _printf_core
    printfa.o(i.__0vsprintf) refers to printfa.o(i._sputc) for _sputc
    printfa.o(i._fp_digits) refers (Special) to iusefp.o(.text) for __I$use$fp
    printfa.o(i._fp_digits) refers to dmul.o(.text) for __aeabi_dmul
    printfa.o(i._fp_digits) refers to ddiv.o(.text) for __aeabi_ddiv
    printfa.o(i._fp_digits) refers to cdrcmple.o(.text) for __aeabi_cdrcmple
    printfa.o(i._fp_digits) refers to dadd.o(.text) for __aeabi_dadd
    printfa.o(i._fp_digits) refers to dfixul.o(.text) for __aeabi_d2ulz
    printfa.o(i._fp_digits) refers to uldiv.o(.text) for __aeabi_uldivmod
    printfa.o(i._printf_core) refers (Special) to iusefp.o(.text) for __I$use$fp
    printfa.o(i._printf_core) refers to printfa.o(i._printf_pre_padding) for _printf_pre_padding
    printfa.o(i._printf_core) refers to uldiv.o(.text) for __aeabi_uldivmod
    printfa.o(i._printf_core) refers to printfa.o(i._printf_post_padding) for _printf_post_padding
    printfa.o(i._printf_core) refers to printfa.o(i._fp_digits) for _fp_digits
    printfa.o(i._printf_core) refers to uidiv.o(.text) for __aeabi_uidivmod
    printfa.o(i._printf_post_padding) refers (Special) to iusefp.o(.text) for __I$use$fp
    printfa.o(i._printf_pre_padding) refers (Special) to iusefp.o(.text) for __I$use$fp
    printfa.o(i._snputc) refers (Special) to iusefp.o(.text) for __I$use$fp
    printfa.o(i._sputc) refers (Special) to iusefp.o(.text) for __I$use$fp
    fadd.o(.text) refers (Special) to iusefp.o(.text) for __I$use$fp
    fadd.o(.text) refers to fepilogue.o(.text) for _float_epilogue
    fmul.o(.text) refers (Special) to iusefp.o(.text) for __I$use$fp
    fdiv.o(.text) refers (Special) to iusefp.o(.text) for __I$use$fp
    fdiv.o(.text) refers to fepilogue.o(.text) for _float_round
    ffltui.o(.text) refers (Special) to iusefp.o(.text) for __I$use$fp
    ffltui.o(.text) refers to fepilogue.o(.text) for _float_epilogue
    ffixui.o(.text) refers (Special) to iusefp.o(.text) for __I$use$fp
    entry2.o(.ARM.Collect$$$$00000001) refers to entry2.o(.ARM.Collect$$$$00002712) for __lit__00000000
    entry2.o(.ARM.Collect$$$$00002712) refers to startup_stm32f10x_md.o(STACK) for __initial_sp
    entry2.o(__vectab_stack_and_reset_area) refers to startup_stm32f10x_md.o(STACK) for __initial_sp
    entry2.o(__vectab_stack_and_reset_area) refers to entry.o(.ARM.Collect$$$$00000000) for __main
    entry5.o(.ARM.Collect$$$$00000004) refers to init.o(.text) for __scatterload
    entry9a.o(.ARM.Collect$$$$0000000B) refers to main.o(.text) for main
    entry9b.o(.ARM.Collect$$$$0000000C) refers to main.o(.text) for main
    uldiv.o(.text) refers to llushr.o(.text) for __aeabi_llsr
    uldiv.o(.text) refers to llshl.o(.text) for __aeabi_llsl
    dadd.o(.text) refers to llshl.o(.text) for __aeabi_llsl
    dadd.o(.text) refers to llsshr.o(.text) for __aeabi_lasr
    dadd.o(.text) refers to depilogue.o(.text) for _double_epilogue
    dmul.o(.text) refers to depilogue.o(.text) for _double_epilogue
    ddiv.o(.text) refers to depilogue.o(.text) for _double_round
    dfixul.o(.text) refers to llushr.o(.text) for __aeabi_llsr
    dfixul.o(.text) refers to llshl.o(.text) for __aeabi_llsl
    init.o(.text) refers to entry5.o(.ARM.Collect$$$$00000004) for __main_after_scatterload
    depilogue.o(.text) refers to llshl.o(.text) for __aeabi_llsl
    depilogue.o(.text) refers to llushr.o(.text) for __aeabi_llsr


==============================================================================

Removing Unused input sections from the image.

    Removing startup_stm32f10x_md.o(HEAP), (512 bytes).
    Removing core_cm3.o(.emb_text), (32 bytes).
    Removing stm32f10x_adc.o(.text), (1102 bytes).
    Removing stm32f10x_bkp.o(.text), (196 bytes).
    Removing stm32f10x_can.o(.text), (2536 bytes).
    Removing stm32f10x_cec.o(.text), (288 bytes).
    Removing stm32f10x_crc.o(.text), (72 bytes).
    Removing stm32f10x_dac.o(.text), (396 bytes).
    Removing stm32f10x_dbgmcu.o(.text), (48 bytes).
    Removing stm32f10x_dma.o(.text), (592 bytes).
    Removing stm32f10x_exti.o(.text), (284 bytes).
    Removing stm32f10x_flash.o(.text), (1468 bytes).
    Removing stm32f10x_fsmc.o(.text), (1560 bytes).
    Removing stm32f10x_i2c.o(.text), (1028 bytes).
    Removing stm32f10x_pwr.o(.text), (204 bytes).
    Removing stm32f10x_sdio.o(.text), (472 bytes).
    Removing stm32f10x_wwdg.o(.text), (136 bytes).
    Removing dadd.o(.text), (334 bytes).
    Removing dmul.o(.text), (228 bytes).
    Removing ddiv.o(.text), (222 bytes).
    Removing dfixul.o(.text), (48 bytes).
    Removing cdrcmple.o(.text), (40 bytes).
    Removing depilogue.o(.text), (190 bytes).

23 unused section(s) (total 11988 bytes) removed from the image.

==============================================================================

Image Symbol Table

    Local Symbols

    Symbol Name                              Value     Ov Type        Size  Object(Section)

    ../clib/microlib/ctype/toupper.c         0x00000000   Number         0  toupper.o ABSOLUTE
    ../clib/microlib/division.c              0x00000000   Number         0  uldiv.o ABSOLUTE
    ../clib/microlib/division.c              0x00000000   Number         0  uidiv.o ABSOLUTE
    ../clib/microlib/init/entry.s            0x00000000   Number         0  entry7a.o ABSOLUTE
    ../clib/microlib/init/entry.s            0x00000000   Number         0  entry9a.o ABSOLUTE
    ../clib/microlib/init/entry.s            0x00000000   Number         0  entry8b.o ABSOLUTE
    ../clib/microlib/init/entry.s            0x00000000   Number         0  entry8a.o ABSOLUTE
    ../clib/microlib/init/entry.s            0x00000000   Number         0  entry.o ABSOLUTE
    ../clib/microlib/init/entry.s            0x00000000   Number         0  entry9b.o ABSOLUTE
    ../clib/microlib/init/entry.s            0x00000000   Number         0  entry7b.o ABSOLUTE
    ../clib/microlib/init/entry.s            0x00000000   Number         0  entry10a.o ABSOLUTE
    ../clib/microlib/init/entry.s            0x00000000   Number         0  entry10b.o ABSOLUTE
    ../clib/microlib/init/entry.s            0x00000000   Number         0  entry5.o ABSOLUTE
    ../clib/microlib/init/entry.s            0x00000000   Number         0  entry11a.o ABSOLUTE
    ../clib/microlib/init/entry.s            0x00000000   Number         0  entry2.o ABSOLUTE
    ../clib/microlib/init/entry.s            0x00000000   Number         0  entry11b.o ABSOLUTE
    ../clib/microlib/longlong.c              0x00000000   Number         0  llsshr.o ABSOLUTE
    ../clib/microlib/longlong.c              0x00000000   Number         0  llshl.o ABSOLUTE
    ../clib/microlib/longlong.c              0x00000000   Number         0  llushr.o ABSOLUTE
    ../clib/microlib/printf/printf.c         0x00000000   Number         0  printf2.o ABSOLUTE
    ../clib/microlib/printf/printf.c         0x00000000   Number         0  printf1.o ABSOLUTE
    ../clib/microlib/printf/printf.c         0x00000000   Number         0  printf0.o ABSOLUTE
    ../clib/microlib/printf/printf.c         0x00000000   Number         0  printfb.o ABSOLUTE
    ../clib/microlib/printf/printf.c         0x00000000   Number         0  printfa.o ABSOLUTE
    ../clib/microlib/printf/printf.c         0x00000000   Number         0  printf8.o ABSOLUTE
    ../clib/microlib/printf/printf.c         0x00000000   Number         0  printf7.o ABSOLUTE
    ../clib/microlib/printf/printf.c         0x00000000   Number         0  printf6.o ABSOLUTE
    ../clib/microlib/printf/printf.c         0x00000000   Number         0  printf5.o ABSOLUTE
    ../clib/microlib/printf/printf.c         0x00000000   Number         0  printf4.o ABSOLUTE
    ../clib/microlib/printf/printf.c         0x00000000   Number         0  printf3.o ABSOLUTE
    ../clib/microlib/printf/stubs.s          0x00000000   Number         0  stubs.o ABSOLUTE
    ../clib/microlib/stdio/streams.c         0x00000000   Number         0  stdout.o ABSOLUTE
    ../clib/microlib/string/memcpy.c         0x00000000   Number         0  memcpyb.o ABSOLUTE
    ../clib/microlib/string/memcpy.c         0x00000000   Number         0  memcpya.o ABSOLUTE
    ../clib/microlib/string/memset.c         0x00000000   Number         0  memseta.o ABSOLUTE
    ../clib/microlib/string/strlen.c         0x00000000   Number         0  strlen.o ABSOLUTE
    ../clib/microlib/stubs.s                 0x00000000   Number         0  iusefp.o ABSOLUTE
    ../fplib/microlib/fpadd.c                0x00000000   Number         0  dadd.o ABSOLUTE
    ../fplib/microlib/fpadd.c                0x00000000   Number         0  fadd.o ABSOLUTE
    ../fplib/microlib/fpdiv.c                0x00000000   Number         0  fdiv.o ABSOLUTE
    ../fplib/microlib/fpdiv.c                0x00000000   Number         0  ddiv.o ABSOLUTE
    ../fplib/microlib/fpepilogue.c           0x00000000   Number         0  fepilogue.o ABSOLUTE
    ../fplib/microlib/fpepilogue.c           0x00000000   Number         0  depilogue.o ABSOLUTE
    ../fplib/microlib/fpfix.c                0x00000000   Number         0  dfixul.o ABSOLUTE
    ../fplib/microlib/fpfix.c                0x00000000   Number         0  ffixui.o ABSOLUTE
    ../fplib/microlib/fpflt.c                0x00000000   Number         0  ffltui.o ABSOLUTE
    ../fplib/microlib/fpmul.c                0x00000000   Number         0  fmul.o ABSOLUTE
    ../fplib/microlib/fpmul.c                0x00000000   Number         0  dmul.o ABSOLUTE
    ..\Gizwits\gizwits_product.c             0x00000000   Number         0  gizwits_product.o ABSOLUTE
    ..\Gizwits\gizwits_protocol.c            0x00000000   Number         0  gizwits_protocol.o ABSOLUTE
    ..\Hal\Hal_Usart\hal_uart.c              0x00000000   Number         0  hal_uart.o ABSOLUTE
    ..\Hal\Hal_Watchdog\hal_watchdog.c       0x00000000   Number         0  hal_watchdog.o ABSOLUTE
    ..\Hal\Hal_key\hal_key.c                 0x00000000   Number         0  hal_key.o ABSOLUTE
    ..\Hal\Hal_led\hal_led.c                 0x00000000   Number         0  hal_led.o ABSOLUTE
    ..\Hal\Hal_nrf24l01\Hal_nrf24l01.c       0x00000000   Number         0  hal_nrf24l01.o ABSOLUTE
    ..\Hal\Hal_relay\Hal_relay.c             0x00000000   Number         0  hal_relay.o ABSOLUTE
    ..\Lib\CMSIS\CM3\CoreSupport\core_cm3.c  0x00000000   Number         0  core_cm3.o ABSOLUTE
    ..\Lib\CMSIS\CM3\DeviceSupport\ST\STM32F10x\startup\arm\startup_stm32f10x_md.s 0x00000000   Number         0  startup_stm32f10x_md.o ABSOLUTE
    ..\Lib\CMSIS\CM3\DeviceSupport\ST\STM32F10x\system_stm32f10x.c 0x00000000   Number         0  system_stm32f10x.o ABSOLUTE
    ..\Lib\STM32F10x_StdPeriph_Driver\src\misc.c 0x00000000   Number         0  misc.o ABSOLUTE
    ..\Lib\STM32F10x_StdPeriph_Driver\src\stm32f10x_adc.c 0x00000000   Number         0  stm32f10x_adc.o ABSOLUTE
    ..\Lib\STM32F10x_StdPeriph_Driver\src\stm32f10x_bkp.c 0x00000000   Number         0  stm32f10x_bkp.o ABSOLUTE
    ..\Lib\STM32F10x_StdPeriph_Driver\src\stm32f10x_can.c 0x00000000   Number         0  stm32f10x_can.o ABSOLUTE
    ..\Lib\STM32F10x_StdPeriph_Driver\src\stm32f10x_cec.c 0x00000000   Number         0  stm32f10x_cec.o ABSOLUTE
    ..\Lib\STM32F10x_StdPeriph_Driver\src\stm32f10x_crc.c 0x00000000   Number         0  stm32f10x_crc.o ABSOLUTE
    ..\Lib\STM32F10x_StdPeriph_Driver\src\stm32f10x_dac.c 0x00000000   Number         0  stm32f10x_dac.o ABSOLUTE
    ..\Lib\STM32F10x_StdPeriph_Driver\src\stm32f10x_dbgmcu.c 0x00000000   Number         0  stm32f10x_dbgmcu.o ABSOLUTE
    ..\Lib\STM32F10x_StdPeriph_Driver\src\stm32f10x_dma.c 0x00000000   Number         0  stm32f10x_dma.o ABSOLUTE
    ..\Lib\STM32F10x_StdPeriph_Driver\src\stm32f10x_exti.c 0x00000000   Number         0  stm32f10x_exti.o ABSOLUTE
    ..\Lib\STM32F10x_StdPeriph_Driver\src\stm32f10x_flash.c 0x00000000   Number         0  stm32f10x_flash.o ABSOLUTE
    ..\Lib\STM32F10x_StdPeriph_Driver\src\stm32f10x_fsmc.c 0x00000000   Number         0  stm32f10x_fsmc.o ABSOLUTE
    ..\Lib\STM32F10x_StdPeriph_Driver\src\stm32f10x_gpio.c 0x00000000   Number         0  stm32f10x_gpio.o ABSOLUTE
    ..\Lib\STM32F10x_StdPeriph_Driver\src\stm32f10x_i2c.c 0x00000000   Number         0  stm32f10x_i2c.o ABSOLUTE
    ..\Lib\STM32F10x_StdPeriph_Driver\src\stm32f10x_iwdg.c 0x00000000   Number         0  stm32f10x_iwdg.o ABSOLUTE
    ..\Lib\STM32F10x_StdPeriph_Driver\src\stm32f10x_pwr.c 0x00000000   Number         0  stm32f10x_pwr.o ABSOLUTE
    ..\Lib\STM32F10x_StdPeriph_Driver\src\stm32f10x_rcc.c 0x00000000   Number         0  stm32f10x_rcc.o ABSOLUTE
    ..\Lib\STM32F10x_StdPeriph_Driver\src\stm32f10x_rtc.c 0x00000000   Number         0  stm32f10x_rtc.o ABSOLUTE
    ..\Lib\STM32F10x_StdPeriph_Driver\src\stm32f10x_sdio.c 0x00000000   Number         0  stm32f10x_sdio.o ABSOLUTE
    ..\Lib\STM32F10x_StdPeriph_Driver\src\stm32f10x_spi.c 0x00000000   Number         0  stm32f10x_spi.o ABSOLUTE
    ..\Lib\STM32F10x_StdPeriph_Driver\src\stm32f10x_tim.c 0x00000000   Number         0  stm32f10x_tim.o ABSOLUTE
    ..\Lib\STM32F10x_StdPeriph_Driver\src\stm32f10x_usart.c 0x00000000   Number         0  stm32f10x_usart.o ABSOLUTE
    ..\Lib\STM32F10x_StdPeriph_Driver\src\stm32f10x_wwdg.c 0x00000000   Number         0  stm32f10x_wwdg.o ABSOLUTE
    ..\User\main.c                           0x00000000   Number         0  main.o ABSOLUTE
    ..\User\stm32f10x_it.c                   0x00000000   Number         0  stm32f10x_it.o ABSOLUTE
    ..\Utils\common.c                        0x00000000   Number         0  common.o ABSOLUTE
    ..\Utils\dataPointTools.c                0x00000000   Number         0  datapointtools.o ABSOLUTE
    ..\Utils\ringbuffer.c                    0x00000000   Number         0  ringbuffer.o ABSOLUTE
    ..\\Lib\\CMSIS\\CM3\\CoreSupport\\core_cm3.c 0x00000000   Number         0  core_cm3.o ABSOLUTE
    cdrcmple.s                               0x00000000   Number         0  cdrcmple.o ABSOLUTE
    dc.s                                     0x00000000   Number         0  dc.o ABSOLUTE
    handlers.s                               0x00000000   Number         0  handlers.o ABSOLUTE
    init.s                                   0x00000000   Number         0  init.o ABSOLUTE
    RESET                                    0x08000000   Section      236  startup_stm32f10x_md.o(RESET)
    .ARM.Collect$$$$00000000                 0x080000ec   Section        0  entry.o(.ARM.Collect$$$$00000000)
    .ARM.Collect$$$$00000001                 0x080000ec   Section        4  entry2.o(.ARM.Collect$$$$00000001)
    .ARM.Collect$$$$00000004                 0x080000f0   Section        4  entry5.o(.ARM.Collect$$$$00000004)
    .ARM.Collect$$$$00000008                 0x080000f4   Section        0  entry7b.o(.ARM.Collect$$$$00000008)
    .ARM.Collect$$$$0000000A                 0x080000f4   Section        0  entry8b.o(.ARM.Collect$$$$0000000A)
    .ARM.Collect$$$$0000000B                 0x080000f4   Section        8  entry9a.o(.ARM.Collect$$$$0000000B)
    .ARM.Collect$$$$0000000D                 0x080000fc   Section        0  entry10a.o(.ARM.Collect$$$$0000000D)
    .ARM.Collect$$$$0000000F                 0x080000fc   Section        0  entry11a.o(.ARM.Collect$$$$0000000F)
    .ARM.Collect$$$$00002712                 0x080000fc   Section        4  entry2.o(.ARM.Collect$$$$00002712)
    __lit__00000000                          0x080000fc   Data           4  entry2.o(.ARM.Collect$$$$00002712)
    .text                                    0x08000100   Section       36  startup_stm32f10x_md.o(.text)
    .text                                    0x08000124   Section        0  system_stm32f10x.o(.text)
    SetSysClockTo72                          0x08000125   Thumb Code   212  system_stm32f10x.o(.text)
    SetSysClock                              0x080001f9   Thumb Code     8  system_stm32f10x.o(.text)
    .text                                    0x08000300   Section        0  misc.o(.text)
    .text                                    0x080003dc   Section        0  stm32f10x_gpio.o(.text)
    .text                                    0x08000734   Section        0  stm32f10x_iwdg.o(.text)
    .text                                    0x08000774   Section        0  stm32f10x_rcc.o(.text)
    .text                                    0x08000b18   Section        0  stm32f10x_rtc.o(.text)
    .text                                    0x08000c5c   Section        0  stm32f10x_spi.o(.text)
    .text                                    0x08000f68   Section        0  stm32f10x_tim.o(.text)
    TI4_Config                               0x0800140f   Thumb Code   130  stm32f10x_tim.o(.text)
    TI3_Config                               0x080014a3   Thumb Code   122  stm32f10x_tim.o(.text)
    TI2_Config                               0x08001537   Thumb Code   130  stm32f10x_tim.o(.text)
    TI1_Config                               0x080015cb   Thumb Code   108  stm32f10x_tim.o(.text)
    .text                                    0x08001d84   Section        0  stm32f10x_usart.o(.text)
    .text                                    0x0800218c   Section        0  main.o(.text)
    .text                                    0x08002470   Section        0  stm32f10x_it.o(.text)
    .text                                    0x0800251c   Section        0  hal_key.o(.text)
    .text                                    0x08002880   Section        0  hal_uart.o(.text)
    .text                                    0x08002a30   Section        0  hal_watchdog.o(.text)
    .text                                    0x08002a6c   Section        0  hal_led.o(.text)
    .text                                    0x08002acc   Section        0  hal_relay.o(.text)
    .text                                    0x08002b14   Section        0  hal_nrf24l01.o(.text)
    .text                                    0x08002ec0   Section        0  gizwits_product.o(.text)
    .text                                    0x080033c4   Section        0  gizwits_protocol.o(.text)
    gizProtocolHeadInit                      0x080033f9   Thumb Code    34  gizwits_protocol.o(.text)
    gizProtocolWaitAck                       0x0800341b   Thumb Code    70  gizwits_protocol.o(.text)
    gizDataPoint2Event                       0x08003461   Thumb Code   266  gizwits_protocol.o(.text)
    gizCheckReport                           0x0800356b   Thumb Code   364  gizwits_protocol.o(.text)
    gizDataPoints2ReportData                 0x080036d7   Thumb Code  1026  gizwits_protocol.o(.text)
    gizProtocolIssuedProcess                 0x08003ad9   Thumb Code   228  gizwits_protocol.o(.text)
    gizProtocolIssuedDataAck                 0x08003bbd   Thumb Code   226  gizwits_protocol.o(.text)
    gizReportData                            0x08003c9f   Thumb Code   144  gizwits_protocol.o(.text)
    gizDevReportPolicy                       0x08003d2f   Thumb Code   134  gizwits_protocol.o(.text)
    gizProtocolGetOnePacket                  0x08003db5   Thumb Code   690  gizwits_protocol.o(.text)
    gizProtocolResendData                    0x08004067   Thumb Code    64  gizwits_protocol.o(.text)
    gizProtocolWaitAckCheck                  0x080040a7   Thumb Code    48  gizwits_protocol.o(.text)
    gizProtocolCommonAck                     0x080040d7   Thumb Code    88  gizwits_protocol.o(.text)
    gizProtocolAckHandle                     0x0800412f   Thumb Code    94  gizwits_protocol.o(.text)
    gizProtocolGetDeviceInfo                 0x0800418d   Thumb Code   184  gizwits_protocol.o(.text)
    gizProtocolErrorCmd                      0x08004245   Thumb Code    92  gizwits_protocol.o(.text)
    gizProtocolNTP                           0x080042a1   Thumb Code   102  gizwits_protocol.o(.text)
    gizProtocolReboot                        0x08004307   Thumb Code    28  gizwits_protocol.o(.text)
    gizProtocolModuleStatus                  0x08004323   Thumb Code  1368  gizwits_protocol.o(.text)
    gizProtocolModuleInfoHandle              0x08004ceb   Thumb Code    66  gizwits_protocol.o(.text)
    .text                                    0x08005168   Section        0  common.o(.text)
    isleap                                   0x080052f3   Thumb Code    52  common.o(.text)
    get_yeardays                             0x08005327   Thumb Code    24  common.o(.text)
    .text                                    0x080054f8   Section        0  datapointtools.o(.text)
    .text                                    0x08005844   Section        0  ringbuffer.o(.text)
    .text                                    0x08005a12   Section        0  toupper.o(.text)
    .text                                    0x08005a1e   Section        0  memcpya.o(.text)
    .text                                    0x08005a42   Section        0  memseta.o(.text)
    .text                                    0x08005a66   Section        0  strlen.o(.text)
    .text                                    0x08005a74   Section        0  fadd.o(.text)
    .text                                    0x08005b24   Section        0  fmul.o(.text)
    .text                                    0x08005b90   Section        0  fdiv.o(.text)
    .text                                    0x08005c10   Section        0  ffltui.o(.text)
    .text                                    0x08005c1a   Section        0  ffixui.o(.text)
    .text                                    0x08005c42   Section        0  uldiv.o(.text)
    .text                                    0x08005ca4   Section        0  iusefp.o(.text)
    .text                                    0x08005ca4   Section        0  fepilogue.o(.text)
    .text                                    0x08005d10   Section       36  init.o(.text)
    .text                                    0x08005d34   Section        0  llshl.o(.text)
    .text                                    0x08005d52   Section        0  llushr.o(.text)
    i.__0printf$8                            0x08005d74   Section        0  printf8.o(i.__0printf$8)
    i.__scatterload_copy                     0x08005d94   Section       14  handlers.o(i.__scatterload_copy)
    i.__scatterload_null                     0x08005da2   Section        2  handlers.o(i.__scatterload_null)
    i.__scatterload_zeroinit                 0x08005da4   Section       14  handlers.o(i.__scatterload_zeroinit)
    i._printf_core                           0x08005db4   Section        0  printf8.o(i._printf_core)
    _printf_core                             0x08005db5   Thumb Code   988  printf8.o(i._printf_core)
    i._printf_post_padding                   0x080061bc   Section        0  printf8.o(i._printf_post_padding)
    _printf_post_padding                     0x080061bd   Thumb Code    38  printf8.o(i._printf_post_padding)
    i._printf_pre_padding                    0x080061e2   Section        0  printf8.o(i._printf_pre_padding)
    _printf_pre_padding                      0x080061e3   Thumb Code    48  printf8.o(i._printf_pre_padding)
    .constdata                               0x08006212   Section       10  hal_nrf24l01.o(.constdata)
    .constdata                               0x0800621c   Section       48  common.o(.constdata)
    .data                                    0x20000000   Section       20  system_stm32f10x.o(.data)
    .data                                    0x20000014   Section       20  stm32f10x_rcc.o(.data)
    APBAHBPrescTable                         0x20000014   Data          16  stm32f10x_rcc.o(.data)
    ADCPrescTable                            0x20000024   Data           4  stm32f10x_rcc.o(.data)
    .data                                    0x20000028   Section        6  main.o(.data)
    i                                        0x20000028   Data           1  main.o(.data)
    .data                                    0x2000002e   Section       10  hal_key.o(.data)
    keyTotolNum                              0x2000002e   Data           1  hal_key.o(.data)
    keyCheck                                 0x2000002f   Data           1  hal_key.o(.data)
    keyState                                 0x20000030   Data           1  hal_key.o(.data)
    keyLongCheck                             0x20000032   Data           2  hal_key.o(.data)
    keyPrev                                  0x20000034   Data           2  hal_key.o(.data)
    key_total                                0x20000036   Data           1  hal_key.o(.data)
    .data                                    0x20000038   Section        4  gizwits_product.o(.data)
    timerMsCount                             0x20000038   Data           4  gizwits_product.o(.data)
    .data                                    0x2000003c   Section       16  gizwits_protocol.o(.data)
    lastReportTime                           0x2000003c   Data           4  gizwits_protocol.o(.data)
    lastRepTime                              0x20000040   Data           4  gizwits_protocol.o(.data)
    protocolFlag                             0x20000044   Data           1  gizwits_protocol.o(.data)
    protocolCount                            0x20000046   Data           2  gizwits_protocol.o(.data)
    lastData                                 0x20000048   Data           1  gizwits_protocol.o(.data)
    debugCount                               0x20000049   Data           1  gizwits_protocol.o(.data)
    lastStatus                               0x2000004a   Data           2  gizwits_protocol.o(.data)
    .data                                    0x2000004c   Section        4  stdout.o(.data)
    .bss                                     0x20000050   Section      144  main.o(.bss)
    .bss                                     0x200000e0   Section       36  gizwits_product.o(.bss)
    .bss                                     0x20000104   Section      448  gizwits_protocol.o(.bss)
    rbBuf                                    0x20000286   Data          62  gizwits_protocol.o(.bss)
    STACK                                    0x200002c8   Section     4096  startup_stm32f10x_md.o(STACK)

    Global Symbols

    Symbol Name                              Value     Ov Type        Size  Object(Section)

    BuildAttributes$$THM_ISAv4$P$D$K$B$S$PE$A:L22UL41UL21$X:L11$S22US41US21$IEEE1$IW$USESV6$~STKCKD$USESV7$~SHL$OTIME$ROPI$EBA8$MICROLIB$REQ8$PRES8$EABIv2 0x00000000   Number         0  anon$$obj.o ABSOLUTE
    __ARM_use_no_argv                        0x00000000   Number         0  main.o ABSOLUTE
    _printf_a                                0x00000000   Number         0  stubs.o ABSOLUTE
    _printf_c                                0x00000000   Number         0  stubs.o ABSOLUTE
    _printf_charcount                        0x00000000   Number         0  stubs.o ABSOLUTE
    _printf_d                                0x00000000   Number         0  stubs.o ABSOLUTE
    _printf_e                                0x00000000   Number         0  stubs.o ABSOLUTE
    _printf_f                                0x00000000   Number         0  stubs.o ABSOLUTE
    _printf_flags                            0x00000000   Number         0  stubs.o ABSOLUTE
    _printf_fp_dec                           0x00000000   Number         0  stubs.o ABSOLUTE
    _printf_fp_hex                           0x00000000   Number         0  stubs.o ABSOLUTE
    _printf_g                                0x00000000   Number         0  stubs.o ABSOLUTE
    _printf_i                                0x00000000   Number         0  stubs.o ABSOLUTE
    _printf_int_dec                          0x00000000   Number         0  stubs.o ABSOLUTE
    _printf_l                                0x00000000   Number         0  stubs.o ABSOLUTE
    _printf_lc                               0x00000000   Number         0  stubs.o ABSOLUTE
    _printf_ll                               0x00000000   Number         0  stubs.o ABSOLUTE
    _printf_lld                              0x00000000   Number         0  stubs.o ABSOLUTE
    _printf_lli                              0x00000000   Number         0  stubs.o ABSOLUTE
    _printf_llo                              0x00000000   Number         0  stubs.o ABSOLUTE
    _printf_llu                              0x00000000   Number         0  stubs.o ABSOLUTE
    _printf_llx                              0x00000000   Number         0  stubs.o ABSOLUTE
    _printf_longlong_dec                     0x00000000   Number         0  stubs.o ABSOLUTE
    _printf_longlong_hex                     0x00000000   Number         0  stubs.o ABSOLUTE
    _printf_longlong_oct                     0x00000000   Number         0  stubs.o ABSOLUTE
    _printf_ls                               0x00000000   Number         0  stubs.o ABSOLUTE
    _printf_mbtowc                           0x00000000   Number         0  stubs.o ABSOLUTE
    _printf_n                                0x00000000   Number         0  stubs.o ABSOLUTE
    _printf_o                                0x00000000   Number         0  stubs.o ABSOLUTE
    _printf_p                                0x00000000   Number         0  stubs.o ABSOLUTE
    _printf_percent                          0x00000000   Number         0  stubs.o ABSOLUTE
    _printf_pre_padding                      0x00000000   Number         0  stubs.o ABSOLUTE
    _printf_return_value                     0x00000000   Number         0  stubs.o ABSOLUTE
    _printf_s                                0x00000000   Number         0  stubs.o ABSOLUTE
    _printf_sizespec                         0x00000000   Number         0  stubs.o ABSOLUTE
    _printf_str                              0x00000000   Number         0  stubs.o ABSOLUTE
    _printf_truncate_signed                  0x00000000   Number         0  stubs.o ABSOLUTE
    _printf_truncate_unsigned                0x00000000   Number         0  stubs.o ABSOLUTE
    _printf_u                                0x00000000   Number         0  stubs.o ABSOLUTE
    _printf_wc                               0x00000000   Number         0  stubs.o ABSOLUTE
    _printf_wctomb                           0x00000000   Number         0  stubs.o ABSOLUTE
    _printf_widthprec                        0x00000000   Number         0  stubs.o ABSOLUTE
    _printf_x                                0x00000000   Number         0  stubs.o ABSOLUTE
    __cpp_initialize__aeabi_                  - Undefined Weak Reference
    __cxa_finalize                            - Undefined Weak Reference
    __decompress                              - Undefined Weak Reference
    _clock_init                               - Undefined Weak Reference
    _microlib_exit                            - Undefined Weak Reference
    __Vectors_Size                           0x000000ec   Number         0  startup_stm32f10x_md.o ABSOLUTE
    __Vectors                                0x08000000   Data           4  startup_stm32f10x_md.o(RESET)
    __Vectors_End                            0x080000ec   Data           0  startup_stm32f10x_md.o(RESET)
    __main                                   0x080000ed   Thumb Code     0  entry.o(.ARM.Collect$$$$00000000)
    _main_stk                                0x080000ed   Thumb Code     0  entry2.o(.ARM.Collect$$$$00000001)
    _main_scatterload                        0x080000f1   Thumb Code     0  entry5.o(.ARM.Collect$$$$00000004)
    __main_after_scatterload                 0x080000f5   Thumb Code     0  entry5.o(.ARM.Collect$$$$00000004)
    _main_clock                              0x080000f5   Thumb Code     0  entry7b.o(.ARM.Collect$$$$00000008)
    _main_cpp_init                           0x080000f5   Thumb Code     0  entry8b.o(.ARM.Collect$$$$0000000A)
    _main_init                               0x080000f5   Thumb Code     0  entry9a.o(.ARM.Collect$$$$0000000B)
    __rt_final_cpp                           0x080000fd   Thumb Code     0  entry10a.o(.ARM.Collect$$$$0000000D)
    __rt_final_exit                          0x080000fd   Thumb Code     0  entry11a.o(.ARM.Collect$$$$0000000F)
    Reset_Handler                            0x08000101   Thumb Code     8  startup_stm32f10x_md.o(.text)
    ADC1_2_IRQHandler                        0x0800011b   Thumb Code     0  startup_stm32f10x_md.o(.text)
    CAN1_RX1_IRQHandler                      0x0800011b   Thumb Code     0  startup_stm32f10x_md.o(.text)
    CAN1_SCE_IRQHandler                      0x0800011b   Thumb Code     0  startup_stm32f10x_md.o(.text)
    DMA1_Channel1_IRQHandler                 0x0800011b   Thumb Code     0  startup_stm32f10x_md.o(.text)
    DMA1_Channel2_IRQHandler                 0x0800011b   Thumb Code     0  startup_stm32f10x_md.o(.text)
    DMA1_Channel3_IRQHandler                 0x0800011b   Thumb Code     0  startup_stm32f10x_md.o(.text)
    DMA1_Channel4_IRQHandler                 0x0800011b   Thumb Code     0  startup_stm32f10x_md.o(.text)
    DMA1_Channel5_IRQHandler                 0x0800011b   Thumb Code     0  startup_stm32f10x_md.o(.text)
    DMA1_Channel6_IRQHandler                 0x0800011b   Thumb Code     0  startup_stm32f10x_md.o(.text)
    DMA1_Channel7_IRQHandler                 0x0800011b   Thumb Code     0  startup_stm32f10x_md.o(.text)
    EXTI0_IRQHandler                         0x0800011b   Thumb Code     0  startup_stm32f10x_md.o(.text)
    EXTI15_10_IRQHandler                     0x0800011b   Thumb Code     0  startup_stm32f10x_md.o(.text)
    EXTI1_IRQHandler                         0x0800011b   Thumb Code     0  startup_stm32f10x_md.o(.text)
    EXTI2_IRQHandler                         0x0800011b   Thumb Code     0  startup_stm32f10x_md.o(.text)
    EXTI3_IRQHandler                         0x0800011b   Thumb Code     0  startup_stm32f10x_md.o(.text)
    EXTI4_IRQHandler                         0x0800011b   Thumb Code     0  startup_stm32f10x_md.o(.text)
    EXTI9_5_IRQHandler                       0x0800011b   Thumb Code     0  startup_stm32f10x_md.o(.text)
    FLASH_IRQHandler                         0x0800011b   Thumb Code     0  startup_stm32f10x_md.o(.text)
    I2C1_ER_IRQHandler                       0x0800011b   Thumb Code     0  startup_stm32f10x_md.o(.text)
    I2C1_EV_IRQHandler                       0x0800011b   Thumb Code     0  startup_stm32f10x_md.o(.text)
    I2C2_ER_IRQHandler                       0x0800011b   Thumb Code     0  startup_stm32f10x_md.o(.text)
    I2C2_EV_IRQHandler                       0x0800011b   Thumb Code     0  startup_stm32f10x_md.o(.text)
    PVD_IRQHandler                           0x0800011b   Thumb Code     0  startup_stm32f10x_md.o(.text)
    RCC_IRQHandler                           0x0800011b   Thumb Code     0  startup_stm32f10x_md.o(.text)
    RTCAlarm_IRQHandler                      0x0800011b   Thumb Code     0  startup_stm32f10x_md.o(.text)
    SPI1_IRQHandler                          0x0800011b   Thumb Code     0  startup_stm32f10x_md.o(.text)
    SPI2_IRQHandler                          0x0800011b   Thumb Code     0  startup_stm32f10x_md.o(.text)
    TAMPER_IRQHandler                        0x0800011b   Thumb Code     0  startup_stm32f10x_md.o(.text)
    TIM1_BRK_IRQHandler                      0x0800011b   Thumb Code     0  startup_stm32f10x_md.o(.text)
    TIM1_CC_IRQHandler                       0x0800011b   Thumb Code     0  startup_stm32f10x_md.o(.text)
    TIM1_TRG_COM_IRQHandler                  0x0800011b   Thumb Code     0  startup_stm32f10x_md.o(.text)
    TIM1_UP_IRQHandler                       0x0800011b   Thumb Code     0  startup_stm32f10x_md.o(.text)
    TIM4_IRQHandler                          0x0800011b   Thumb Code     0  startup_stm32f10x_md.o(.text)
    USBWakeUp_IRQHandler                     0x0800011b   Thumb Code     0  startup_stm32f10x_md.o(.text)
    USB_HP_CAN1_TX_IRQHandler                0x0800011b   Thumb Code     0  startup_stm32f10x_md.o(.text)
    USB_LP_CAN1_RX0_IRQHandler               0x0800011b   Thumb Code     0  startup_stm32f10x_md.o(.text)
    WWDG_IRQHandler                          0x0800011b   Thumb Code     0  startup_stm32f10x_md.o(.text)
    SystemInit                               0x08000201   Thumb Code    78  system_stm32f10x.o(.text)
    SystemCoreClockUpdate                    0x0800024f   Thumb Code   142  system_stm32f10x.o(.text)
    NVIC_PriorityGroupConfig                 0x08000301   Thumb Code    10  misc.o(.text)
    NVIC_Init                                0x0800030b   Thumb Code   102  misc.o(.text)
    NVIC_SetVectorTable                      0x08000371   Thumb Code    14  misc.o(.text)
    NVIC_SystemLPConfig                      0x0800037f   Thumb Code    34  misc.o(.text)
    SysTick_CLKSourceConfig                  0x080003a1   Thumb Code    40  misc.o(.text)
    GPIO_DeInit                              0x080003dd   Thumb Code   172  stm32f10x_gpio.o(.text)
    GPIO_AFIODeInit                          0x08000489   Thumb Code    20  stm32f10x_gpio.o(.text)
    GPIO_Init                                0x0800049d   Thumb Code   274  stm32f10x_gpio.o(.text)
    GPIO_StructInit                          0x080005af   Thumb Code    16  stm32f10x_gpio.o(.text)
    GPIO_ReadInputDataBit                    0x080005bf   Thumb Code    18  stm32f10x_gpio.o(.text)
    GPIO_ReadInputData                       0x080005d1   Thumb Code     8  stm32f10x_gpio.o(.text)
    GPIO_ReadOutputDataBit                   0x080005d9   Thumb Code    18  stm32f10x_gpio.o(.text)
    GPIO_ReadOutputData                      0x080005eb   Thumb Code     8  stm32f10x_gpio.o(.text)
    GPIO_SetBits                             0x080005f3   Thumb Code     4  stm32f10x_gpio.o(.text)
    GPIO_ResetBits                           0x080005f7   Thumb Code     4  stm32f10x_gpio.o(.text)
    GPIO_WriteBit                            0x080005fb   Thumb Code    10  stm32f10x_gpio.o(.text)
    GPIO_Write                               0x08000605   Thumb Code     4  stm32f10x_gpio.o(.text)
    GPIO_PinLockConfig                       0x08000609   Thumb Code    18  stm32f10x_gpio.o(.text)
    GPIO_EventOutputConfig                   0x0800061b   Thumb Code    26  stm32f10x_gpio.o(.text)
    GPIO_EventOutputCmd                      0x08000635   Thumb Code     6  stm32f10x_gpio.o(.text)
    GPIO_PinRemapConfig                      0x0800063b   Thumb Code   138  stm32f10x_gpio.o(.text)
    GPIO_EXTILineConfig                      0x080006c5   Thumb Code    66  stm32f10x_gpio.o(.text)
    GPIO_ETH_MediaInterfaceConfig            0x08000707   Thumb Code     6  stm32f10x_gpio.o(.text)
    IWDG_WriteAccessCmd                      0x08000735   Thumb Code     6  stm32f10x_iwdg.o(.text)
    IWDG_SetPrescaler                        0x0800073b   Thumb Code     6  stm32f10x_iwdg.o(.text)
    IWDG_SetReload                           0x08000741   Thumb Code     6  stm32f10x_iwdg.o(.text)
    IWDG_ReloadCounter                       0x08000747   Thumb Code    10  stm32f10x_iwdg.o(.text)
    IWDG_Enable                              0x08000751   Thumb Code    10  stm32f10x_iwdg.o(.text)
    IWDG_GetFlagStatus                       0x0800075b   Thumb Code    20  stm32f10x_iwdg.o(.text)
    RCC_DeInit                               0x08000775   Thumb Code    64  stm32f10x_rcc.o(.text)
    RCC_HSEConfig                            0x080007b5   Thumb Code    70  stm32f10x_rcc.o(.text)
    RCC_GetFlagStatus                        0x080007fb   Thumb Code    56  stm32f10x_rcc.o(.text)
    RCC_WaitForHSEStartUp                    0x08000833   Thumb Code    56  stm32f10x_rcc.o(.text)
    RCC_AdjustHSICalibrationValue            0x0800086b   Thumb Code    20  stm32f10x_rcc.o(.text)
    RCC_HSICmd                               0x0800087f   Thumb Code     6  stm32f10x_rcc.o(.text)
    RCC_PLLConfig                            0x08000885   Thumb Code    24  stm32f10x_rcc.o(.text)
    RCC_PLLCmd                               0x0800089d   Thumb Code     6  stm32f10x_rcc.o(.text)
    RCC_SYSCLKConfig                         0x080008a3   Thumb Code    18  stm32f10x_rcc.o(.text)
    RCC_GetSYSCLKSource                      0x080008b5   Thumb Code    10  stm32f10x_rcc.o(.text)
    RCC_HCLKConfig                           0x080008bf   Thumb Code    18  stm32f10x_rcc.o(.text)
    RCC_PCLK1Config                          0x080008d1   Thumb Code    18  stm32f10x_rcc.o(.text)
    RCC_PCLK2Config                          0x080008e3   Thumb Code    20  stm32f10x_rcc.o(.text)
    RCC_ITConfig                             0x080008f7   Thumb Code    26  stm32f10x_rcc.o(.text)
    RCC_USBCLKConfig                         0x08000911   Thumb Code     6  stm32f10x_rcc.o(.text)
    RCC_ADCCLKConfig                         0x08000917   Thumb Code    18  stm32f10x_rcc.o(.text)
    RCC_LSEConfig                            0x08000929   Thumb Code    44  stm32f10x_rcc.o(.text)
    RCC_LSICmd                               0x08000955   Thumb Code     6  stm32f10x_rcc.o(.text)
    RCC_RTCCLKConfig                         0x0800095b   Thumb Code    12  stm32f10x_rcc.o(.text)
    RCC_RTCCLKCmd                            0x08000967   Thumb Code     8  stm32f10x_rcc.o(.text)
    RCC_GetClocksFreq                        0x0800096f   Thumb Code   192  stm32f10x_rcc.o(.text)
    RCC_AHBPeriphClockCmd                    0x08000a2f   Thumb Code    26  stm32f10x_rcc.o(.text)
    RCC_APB2PeriphClockCmd                   0x08000a49   Thumb Code    26  stm32f10x_rcc.o(.text)
    RCC_APB1PeriphClockCmd                   0x08000a63   Thumb Code    26  stm32f10x_rcc.o(.text)
    RCC_APB2PeriphResetCmd                   0x08000a7d   Thumb Code    26  stm32f10x_rcc.o(.text)
    RCC_APB1PeriphResetCmd                   0x08000a97   Thumb Code    26  stm32f10x_rcc.o(.text)
    RCC_BackupResetCmd                       0x08000ab1   Thumb Code     8  stm32f10x_rcc.o(.text)
    RCC_ClockSecuritySystemCmd               0x08000ab9   Thumb Code     6  stm32f10x_rcc.o(.text)
    RCC_MCOConfig                            0x08000abf   Thumb Code     6  stm32f10x_rcc.o(.text)
    RCC_ClearFlag                            0x08000ac5   Thumb Code    14  stm32f10x_rcc.o(.text)
    RCC_GetITStatus                          0x08000ad3   Thumb Code    20  stm32f10x_rcc.o(.text)
    RCC_ClearITPendingBit                    0x08000ae7   Thumb Code     6  stm32f10x_rcc.o(.text)
    RTC_ITConfig                             0x08000b19   Thumb Code    26  stm32f10x_rtc.o(.text)
    RTC_EnterConfigMode                      0x08000b33   Thumb Code    18  stm32f10x_rtc.o(.text)
    RTC_ExitConfigMode                       0x08000b45   Thumb Code    20  stm32f10x_rtc.o(.text)
    RTC_GetCounter                           0x08000b59   Thumb Code    18  stm32f10x_rtc.o(.text)
    RTC_SetCounter                           0x08000b6b   Thumb Code    26  stm32f10x_rtc.o(.text)
    RTC_SetPrescaler                         0x08000b85   Thumb Code    28  stm32f10x_rtc.o(.text)
    RTC_SetAlarm                             0x08000ba1   Thumb Code    26  stm32f10x_rtc.o(.text)
    RTC_GetDivider                           0x08000bbb   Thumb Code    22  stm32f10x_rtc.o(.text)
    RTC_WaitForLastTask                      0x08000bd1   Thumb Code    16  stm32f10x_rtc.o(.text)
    RTC_WaitForSynchro                       0x08000be1   Thumb Code    34  stm32f10x_rtc.o(.text)
    RTC_GetFlagStatus                        0x08000c03   Thumb Code    22  stm32f10x_rtc.o(.text)
    RTC_ClearFlag                            0x08000c19   Thumb Code    16  stm32f10x_rtc.o(.text)
    RTC_GetITStatus                          0x08000c29   Thumb Code    32  stm32f10x_rtc.o(.text)
    RTC_ClearITPendingBit                    0x08000c49   Thumb Code    16  stm32f10x_rtc.o(.text)
    SPI_I2S_DeInit                           0x08000c5d   Thumb Code    76  stm32f10x_spi.o(.text)
    SPI_Init                                 0x08000ca9   Thumb Code    60  stm32f10x_spi.o(.text)
    I2S_Init                                 0x08000ce5   Thumb Code   226  stm32f10x_spi.o(.text)
    SPI_StructInit                           0x08000dc7   Thumb Code    24  stm32f10x_spi.o(.text)
    I2S_StructInit                           0x08000ddf   Thumb Code    20  stm32f10x_spi.o(.text)
    SPI_Cmd                                  0x08000df3   Thumb Code    24  stm32f10x_spi.o(.text)
    I2S_Cmd                                  0x08000e0b   Thumb Code    24  stm32f10x_spi.o(.text)
    SPI_I2S_ITConfig                         0x08000e23   Thumb Code    32  stm32f10x_spi.o(.text)
    SPI_I2S_DMACmd                           0x08000e43   Thumb Code    18  stm32f10x_spi.o(.text)
    SPI_I2S_SendData                         0x08000e55   Thumb Code     4  stm32f10x_spi.o(.text)
    SPI_I2S_ReceiveData                      0x08000e59   Thumb Code     6  stm32f10x_spi.o(.text)
    SPI_NSSInternalSoftwareConfig            0x08000e5f   Thumb Code    30  stm32f10x_spi.o(.text)
    SPI_SSOutputCmd                          0x08000e7d   Thumb Code    24  stm32f10x_spi.o(.text)
    SPI_DataSizeConfig                       0x08000e95   Thumb Code    18  stm32f10x_spi.o(.text)
    SPI_TransmitCRC                          0x08000ea7   Thumb Code    10  stm32f10x_spi.o(.text)
    SPI_CalculateCRC                         0x08000eb1   Thumb Code    24  stm32f10x_spi.o(.text)
    SPI_GetCRC                               0x08000ec9   Thumb Code    16  stm32f10x_spi.o(.text)
    SPI_GetCRCPolynomial                     0x08000ed9   Thumb Code     6  stm32f10x_spi.o(.text)
    SPI_BiDirectionalLineConfig              0x08000edf   Thumb Code    28  stm32f10x_spi.o(.text)
    SPI_I2S_GetFlagStatus                    0x08000efb   Thumb Code    18  stm32f10x_spi.o(.text)
    SPI_I2S_ClearFlag                        0x08000f0d   Thumb Code     6  stm32f10x_spi.o(.text)
    SPI_I2S_GetITStatus                      0x08000f13   Thumb Code    52  stm32f10x_spi.o(.text)
    SPI_I2S_ClearITPendingBit                0x08000f47   Thumb Code    20  stm32f10x_spi.o(.text)
    TIM_DeInit                               0x08000f69   Thumb Code   424  stm32f10x_tim.o(.text)
    TIM_TimeBaseInit                         0x08001111   Thumb Code   122  stm32f10x_tim.o(.text)
    TIM_OC1Init                              0x0800118b   Thumb Code   132  stm32f10x_tim.o(.text)
    TIM_OC2Init                              0x0800120f   Thumb Code   154  stm32f10x_tim.o(.text)
    TIM_OC3Init                              0x080012a9   Thumb Code   150  stm32f10x_tim.o(.text)
    TIM_OC4Init                              0x0800133f   Thumb Code   182  stm32f10x_tim.o(.text)
    TIM_SetIC4Prescaler                      0x080013f5   Thumb Code    26  stm32f10x_tim.o(.text)
    TIM_SetIC3Prescaler                      0x08001491   Thumb Code    18  stm32f10x_tim.o(.text)
    TIM_SetIC2Prescaler                      0x0800151d   Thumb Code    26  stm32f10x_tim.o(.text)
    TIM_SetIC1Prescaler                      0x080015b9   Thumb Code    18  stm32f10x_tim.o(.text)
    TIM_ICInit                               0x08001637   Thumb Code   150  stm32f10x_tim.o(.text)
    TIM_PWMIConfig                           0x080016cd   Thumb Code   124  stm32f10x_tim.o(.text)
    TIM_BDTRConfig                           0x08001749   Thumb Code    32  stm32f10x_tim.o(.text)
    TIM_TimeBaseStructInit                   0x08001769   Thumb Code    18  stm32f10x_tim.o(.text)
    TIM_OCStructInit                         0x0800177b   Thumb Code    20  stm32f10x_tim.o(.text)
    TIM_ICStructInit                         0x0800178f   Thumb Code    18  stm32f10x_tim.o(.text)
    TIM_BDTRStructInit                       0x080017a1   Thumb Code    40  stm32f10x_tim.o(.text)
    TIM_Cmd                                  0x080017c9   Thumb Code    24  stm32f10x_tim.o(.text)
    TIM_CtrlPWMOutputs                       0x080017e1   Thumb Code    30  stm32f10x_tim.o(.text)
    TIM_ITConfig                             0x080017ff   Thumb Code    18  stm32f10x_tim.o(.text)
    TIM_GenerateEvent                        0x08001811   Thumb Code     4  stm32f10x_tim.o(.text)
    TIM_DMAConfig                            0x08001815   Thumb Code    10  stm32f10x_tim.o(.text)
    TIM_DMACmd                               0x0800181f   Thumb Code    18  stm32f10x_tim.o(.text)
    TIM_InternalClockConfig                  0x08001831   Thumb Code    12  stm32f10x_tim.o(.text)
    TIM_SelectInputTrigger                   0x0800183d   Thumb Code    18  stm32f10x_tim.o(.text)
    TIM_ITRxExternalClockConfig              0x0800184f   Thumb Code    24  stm32f10x_tim.o(.text)
    TIM_TIxExternalClockConfig               0x08001867   Thumb Code    62  stm32f10x_tim.o(.text)
    TIM_ETRConfig                            0x080018a5   Thumb Code    28  stm32f10x_tim.o(.text)
    TIM_ETRClockMode1Config                  0x080018c1   Thumb Code    54  stm32f10x_tim.o(.text)
    TIM_ETRClockMode2Config                  0x080018f7   Thumb Code    32  stm32f10x_tim.o(.text)
    TIM_PrescalerConfig                      0x08001917   Thumb Code     6  stm32f10x_tim.o(.text)
    TIM_CounterModeConfig                    0x0800191d   Thumb Code    18  stm32f10x_tim.o(.text)
    TIM_EncoderInterfaceConfig               0x0800192f   Thumb Code    66  stm32f10x_tim.o(.text)
    TIM_ForcedOC1Config                      0x08001971   Thumb Code    18  stm32f10x_tim.o(.text)
    TIM_ForcedOC2Config                      0x08001983   Thumb Code    26  stm32f10x_tim.o(.text)
    TIM_ForcedOC3Config                      0x0800199d   Thumb Code    18  stm32f10x_tim.o(.text)
    TIM_ForcedOC4Config                      0x080019af   Thumb Code    26  stm32f10x_tim.o(.text)
    TIM_ARRPreloadConfig                     0x080019c9   Thumb Code    24  stm32f10x_tim.o(.text)
    TIM_SelectCOM                            0x080019e1   Thumb Code    24  stm32f10x_tim.o(.text)
    TIM_SelectCCDMA                          0x080019f9   Thumb Code    24  stm32f10x_tim.o(.text)
    TIM_CCPreloadControl                     0x08001a11   Thumb Code    24  stm32f10x_tim.o(.text)
    TIM_OC1PreloadConfig                     0x08001a29   Thumb Code    18  stm32f10x_tim.o(.text)
    TIM_OC2PreloadConfig                     0x08001a3b   Thumb Code    26  stm32f10x_tim.o(.text)
    TIM_OC3PreloadConfig                     0x08001a55   Thumb Code    18  stm32f10x_tim.o(.text)
    TIM_OC4PreloadConfig                     0x08001a67   Thumb Code    26  stm32f10x_tim.o(.text)
    TIM_OC1FastConfig                        0x08001a81   Thumb Code    18  stm32f10x_tim.o(.text)
    TIM_OC2FastConfig                        0x08001a93   Thumb Code    26  stm32f10x_tim.o(.text)
    TIM_OC3FastConfig                        0x08001aad   Thumb Code    18  stm32f10x_tim.o(.text)
    TIM_OC4FastConfig                        0x08001abf   Thumb Code    26  stm32f10x_tim.o(.text)
    TIM_ClearOC1Ref                          0x08001ad9   Thumb Code    18  stm32f10x_tim.o(.text)
    TIM_ClearOC2Ref                          0x08001aeb   Thumb Code    24  stm32f10x_tim.o(.text)
    TIM_ClearOC3Ref                          0x08001b03   Thumb Code    18  stm32f10x_tim.o(.text)
    TIM_ClearOC4Ref                          0x08001b15   Thumb Code    24  stm32f10x_tim.o(.text)
    TIM_OC1PolarityConfig                    0x08001b2d   Thumb Code    18  stm32f10x_tim.o(.text)
    TIM_OC1NPolarityConfig                   0x08001b3f   Thumb Code    18  stm32f10x_tim.o(.text)
    TIM_OC2PolarityConfig                    0x08001b51   Thumb Code    26  stm32f10x_tim.o(.text)
    TIM_OC2NPolarityConfig                   0x08001b6b   Thumb Code    26  stm32f10x_tim.o(.text)
    TIM_OC3PolarityConfig                    0x08001b85   Thumb Code    26  stm32f10x_tim.o(.text)
    TIM_OC3NPolarityConfig                   0x08001b9f   Thumb Code    26  stm32f10x_tim.o(.text)
    TIM_OC4PolarityConfig                    0x08001bb9   Thumb Code    26  stm32f10x_tim.o(.text)
    TIM_CCxCmd                               0x08001bd3   Thumb Code    30  stm32f10x_tim.o(.text)
    TIM_CCxNCmd                              0x08001bf1   Thumb Code    30  stm32f10x_tim.o(.text)
    TIM_SelectOCxM                           0x08001c0f   Thumb Code    82  stm32f10x_tim.o(.text)
    TIM_UpdateDisableConfig                  0x08001c61   Thumb Code    24  stm32f10x_tim.o(.text)
    TIM_UpdateRequestConfig                  0x08001c79   Thumb Code    24  stm32f10x_tim.o(.text)
    TIM_SelectHallSensor                     0x08001c91   Thumb Code    24  stm32f10x_tim.o(.text)
    TIM_SelectOnePulseMode                   0x08001ca9   Thumb Code    18  stm32f10x_tim.o(.text)
    TIM_SelectOutputTrigger                  0x08001cbb   Thumb Code    18  stm32f10x_tim.o(.text)
    TIM_SelectSlaveMode                      0x08001ccd   Thumb Code    18  stm32f10x_tim.o(.text)
    TIM_SelectMasterSlaveMode                0x08001cdf   Thumb Code    18  stm32f10x_tim.o(.text)
    TIM_SetCounter                           0x08001cf1   Thumb Code     4  stm32f10x_tim.o(.text)
    TIM_SetAutoreload                        0x08001cf5   Thumb Code     4  stm32f10x_tim.o(.text)
    TIM_SetCompare1                          0x08001cf9   Thumb Code     4  stm32f10x_tim.o(.text)
    TIM_SetCompare2                          0x08001cfd   Thumb Code     4  stm32f10x_tim.o(.text)
    TIM_SetCompare3                          0x08001d01   Thumb Code     4  stm32f10x_tim.o(.text)
    TIM_SetCompare4                          0x08001d05   Thumb Code     6  stm32f10x_tim.o(.text)
    TIM_SetClockDivision                     0x08001d0b   Thumb Code    18  stm32f10x_tim.o(.text)
    TIM_GetCapture1                          0x08001d1d   Thumb Code     6  stm32f10x_tim.o(.text)
    TIM_GetCapture2                          0x08001d23   Thumb Code     6  stm32f10x_tim.o(.text)
    TIM_GetCapture3                          0x08001d29   Thumb Code     6  stm32f10x_tim.o(.text)
    TIM_GetCapture4                          0x08001d2f   Thumb Code     8  stm32f10x_tim.o(.text)
    TIM_GetCounter                           0x08001d37   Thumb Code     6  stm32f10x_tim.o(.text)
    TIM_GetPrescaler                         0x08001d3d   Thumb Code     6  stm32f10x_tim.o(.text)
    TIM_GetFlagStatus                        0x08001d43   Thumb Code    18  stm32f10x_tim.o(.text)
    TIM_ClearFlag                            0x08001d55   Thumb Code     6  stm32f10x_tim.o(.text)
    TIM_GetITStatus                          0x08001d5b   Thumb Code    34  stm32f10x_tim.o(.text)
    TIM_ClearITPendingBit                    0x08001d7d   Thumb Code     6  stm32f10x_tim.o(.text)
    USART_DeInit                             0x08001d85   Thumb Code   134  stm32f10x_usart.o(.text)
    USART_Init                               0x08001e0b   Thumb Code   210  stm32f10x_usart.o(.text)
    USART_StructInit                         0x08001edd   Thumb Code    24  stm32f10x_usart.o(.text)
    USART_ClockInit                          0x08001ef5   Thumb Code    34  stm32f10x_usart.o(.text)
    USART_ClockStructInit                    0x08001f17   Thumb Code    12  stm32f10x_usart.o(.text)
    USART_Cmd                                0x08001f23   Thumb Code    24  stm32f10x_usart.o(.text)
    USART_ITConfig                           0x08001f3b   Thumb Code    74  stm32f10x_usart.o(.text)
    USART_DMACmd                             0x08001f85   Thumb Code    18  stm32f10x_usart.o(.text)
    USART_SetAddress                         0x08001f97   Thumb Code    18  stm32f10x_usart.o(.text)
    USART_WakeUpConfig                       0x08001fa9   Thumb Code    18  stm32f10x_usart.o(.text)
    USART_ReceiverWakeUpCmd                  0x08001fbb   Thumb Code    24  stm32f10x_usart.o(.text)
    USART_LINBreakDetectLengthConfig         0x08001fd3   Thumb Code    18  stm32f10x_usart.o(.text)
    USART_LINCmd                             0x08001fe5   Thumb Code    24  stm32f10x_usart.o(.text)
    USART_SendData                           0x08001ffd   Thumb Code     8  stm32f10x_usart.o(.text)
    USART_ReceiveData                        0x08002005   Thumb Code    10  stm32f10x_usart.o(.text)
    USART_SendBreak                          0x0800200f   Thumb Code    10  stm32f10x_usart.o(.text)
    USART_SetGuardTime                       0x08002019   Thumb Code    16  stm32f10x_usart.o(.text)
    USART_SetPrescaler                       0x08002029   Thumb Code    16  stm32f10x_usart.o(.text)
    USART_SmartCardCmd                       0x08002039   Thumb Code    24  stm32f10x_usart.o(.text)
    USART_SmartCardNACKCmd                   0x08002051   Thumb Code    24  stm32f10x_usart.o(.text)
    USART_HalfDuplexCmd                      0x08002069   Thumb Code    24  stm32f10x_usart.o(.text)
    USART_OverSampling8Cmd                   0x08002081   Thumb Code    22  stm32f10x_usart.o(.text)
    USART_OneBitMethodCmd                    0x08002097   Thumb Code    24  stm32f10x_usart.o(.text)
    USART_IrDAConfig                         0x080020af   Thumb Code    18  stm32f10x_usart.o(.text)
    USART_IrDACmd                            0x080020c1   Thumb Code    24  stm32f10x_usart.o(.text)
    USART_GetFlagStatus                      0x080020d9   Thumb Code    26  stm32f10x_usart.o(.text)
    USART_ClearFlag                          0x080020f3   Thumb Code    18  stm32f10x_usart.o(.text)
    USART_GetITStatus                        0x08002105   Thumb Code    84  stm32f10x_usart.o(.text)
    USART_ClearITPendingBit                  0x08002159   Thumb Code    52  stm32f10x_usart.o(.text)
    key1ShortPress                           0x0800218d   Thumb Code    16  main.o(.text)
    key1LongPress                            0x0800219d   Thumb Code    16  main.o(.text)
    key2ShortPress                           0x080021ad   Thumb Code    22  main.o(.text)
    key2LongPress                            0x080021c3   Thumb Code    22  main.o(.text)
    key3ShortPress                           0x080021d9   Thumb Code    62  main.o(.text)
    key3LongPress                            0x08002217   Thumb Code    10  main.o(.text)
    key4ShortPress                           0x08002221   Thumb Code    10  main.o(.text)
    key4LongPress                            0x0800222b   Thumb Code    10  main.o(.text)
    keyInit                                  0x08002235   Thumb Code   132  main.o(.text)
    main                                     0x080022b9   Thumb Code   134  main.o(.text)
    NMI_Handler                              0x08002471   Thumb Code     2  stm32f10x_it.o(.text)
    HardFault_Handler                        0x08002473   Thumb Code     4  stm32f10x_it.o(.text)
    MemManage_Handler                        0x08002477   Thumb Code     4  stm32f10x_it.o(.text)
    BusFault_Handler                         0x0800247b   Thumb Code     4  stm32f10x_it.o(.text)
    UsageFault_Handler                       0x0800247f   Thumb Code     4  stm32f10x_it.o(.text)
    SVC_Handler                              0x08002483   Thumb Code     2  stm32f10x_it.o(.text)
    DebugMon_Handler                         0x08002485   Thumb Code     2  stm32f10x_it.o(.text)
    PendSV_Handler                           0x08002487   Thumb Code     2  stm32f10x_it.o(.text)
    SysTick_Handler                          0x08002489   Thumb Code    10  stm32f10x_it.o(.text)
    USART1_IRQHandler                        0x08002493   Thumb Code    56  stm32f10x_it.o(.text)
    USART3_IRQHandler                        0x080024cb   Thumb Code    56  stm32f10x_it.o(.text)
    RTC_IRQHandler                           0x08002503   Thumb Code    18  stm32f10x_it.o(.text)
    getKey                                   0x0800251d   Thumb Code    94  hal_key.o(.text)
    readKeyValue                             0x0800257b   Thumb Code   222  hal_key.o(.text)
    keyHandle                                0x08002659   Thumb Code   188  hal_key.o(.text)
    TIM2_IRQHandler                          0x08002715   Thumb Code    28  hal_key.o(.text)
    timer2Init                               0x08002731   Thumb Code    92  hal_key.o(.text)
    keyInitOne                               0x0800278d   Thumb Code    82  hal_key.o(.text)
    keyParaInit                              0x080027df   Thumb Code   130  hal_key.o(.text)
    uartGpioInit                             0x08002881   Thumb Code   148  hal_uart.o(.text)
    uartConfig                               0x08002915   Thumb Code   136  hal_uart.o(.text)
    nvicConfiguration                        0x0800299d   Thumb Code    60  hal_uart.o(.text)
    uart1SendData                            0x080029d9   Thumb Code    28  hal_uart.o(.text)
    uartxInit                                0x080029f5   Thumb Code    16  hal_uart.o(.text)
    fputc                                    0x08002a05   Thumb Code    32  hal_uart.o(.text)
    watchdogInit                             0x08002a31   Thumb Code    44  hal_watchdog.o(.text)
    watchdogFeed                             0x08002a5d   Thumb Code    10  hal_watchdog.o(.text)
    ledGpioInit                              0x08002a6d   Thumb Code    44  hal_led.o(.text)
    led_on                                   0x08002a99   Thumb Code    10  hal_led.o(.text)
    led_off                                  0x08002aa3   Thumb Code    10  hal_led.o(.text)
    ledDelay                                 0x08002aad   Thumb Code    24  hal_led.o(.text)
    relayGpioInit                            0x08002acd   Thumb Code    44  hal_relay.o(.text)
    relay_on                                 0x08002af9   Thumb Code    10  hal_relay.o(.text)
    relay_off                                0x08002b03   Thumb Code    10  hal_relay.o(.text)
    NRF24L01_Init                            0x08002b15   Thumb Code   200  hal_nrf24l01.o(.text)
    SPI2_ReadWriteByte                       0x08002bdd   Thumb Code    78  hal_nrf24l01.o(.text)
    NRF24L01_Read_Buf                        0x08002c2b   Thumb Code    56  hal_nrf24l01.o(.text)
    NRF24L01_Write_Buf                       0x08002c63   Thumb Code    56  hal_nrf24l01.o(.text)
    SPI2_SetSpeed                            0x08002c9b   Thumb Code    36  hal_nrf24l01.o(.text)
    NRF24L01_Check                           0x08002cbf   Thumb Code    72  hal_nrf24l01.o(.text)
    NRF24L01_Write_Reg                       0x08002d07   Thumb Code    38  hal_nrf24l01.o(.text)
    NRF24L01_Read_Reg                        0x08002d2d   Thumb Code    36  hal_nrf24l01.o(.text)
    NRF24L01_TxPacket                        0x08002d51   Thumb Code    98  hal_nrf24l01.o(.text)
    NRF24L01_RxPacket                        0x08002db3   Thumb Code    58  hal_nrf24l01.o(.text)
    NRF24L01_RX_Mode                         0x08002ded   Thumb Code    80  hal_nrf24l01.o(.text)
    NRF24L01_TX_Mode                         0x08002e3d   Thumb Code    90  hal_nrf24l01.o(.text)
    gizwitsEventProcess                      0x08002ec1   Thumb Code   442  gizwits_product.o(.text)
    userHandle                               0x0800307b   Thumb Code     2  gizwits_product.o(.text)
    userInit                                 0x0800307d   Thumb Code    12  gizwits_product.o(.text)
    gizTimerMs                               0x08003089   Thumb Code    12  gizwits_product.o(.text)
    gizGetTimerCount                         0x08003095   Thumb Code     6  gizwits_product.o(.text)
    mcuRestart                               0x0800309b   Thumb Code    38  gizwits_product.o(.text)
    TIM3_IRQHandler                          0x080030c1   Thumb Code    26  gizwits_product.o(.text)
    timerInit                                0x080030db   Thumb Code    92  gizwits_product.o(.text)
    USART2_IRQHandler                        0x08003137   Thumb Code    48  gizwits_product.o(.text)
    uartWrite                                0x08003167   Thumb Code    82  gizwits_product.o(.text)
    uartInit                                 0x080031b9   Thumb Code   172  gizwits_product.o(.text)
    gizPutData                               0x080033c5   Thumb Code    52  gizwits_protocol.o(.text)
    gizwitsInit                              0x0800487b   Thumb Code    46  gizwits_protocol.o(.text)
    gizwitsSetMode                           0x080048a9   Thumb Code   896  gizwits_protocol.o(.text)
    gizwitsGetNTP                            0x08004c29   Thumb Code    94  gizwits_protocol.o(.text)
    gizwitsGetModuleInfo                     0x08004c87   Thumb Code   100  gizwits_protocol.o(.text)
    gizwitsHandle                            0x08004d2d   Thumb Code   546  gizwits_protocol.o(.text)
    gizwitsPassthroughData                   0x08004f4f   Thumb Code   532  gizwits_protocol.o(.text)
    gizProtocolSum                           0x08005169   Thumb Code    38  common.o(.text)
    exchangeBytes                            0x0800518f   Thumb Code    22  common.o(.text)
    exchangeWord                             0x080051a5   Thumb Code    26  common.o(.text)
    char2hex                                 0x080051bf   Thumb Code   106  common.o(.text)
    checkStringIsNotZero                     0x08005229   Thumb Code    46  common.o(.text)
    returnWeekDay                            0x08005257   Thumb Code   156  common.o(.text)
    returnNtp2Wt                             0x0800533f   Thumb Code   274  common.o(.text)
    str2Hex                                  0x08005451   Thumb Code    80  common.o(.text)
    hex2Str                                  0x080054a1   Thumb Code    80  common.o(.text)
    gizByteOrderExchange                     0x080054f9   Thumb Code    50  datapointtools.o(.text)
    gizY2X                                   0x0800552b   Thumb Code    14  datapointtools.o(.text)
    gizX2Y                                   0x08005539   Thumb Code    12  datapointtools.o(.text)
    gizY2XFloat                              0x08005545   Thumb Code    42  datapointtools.o(.text)
    gizX2YFloat                              0x0800556f   Thumb Code    42  datapointtools.o(.text)
    gizAcrossByteJudge                       0x08005599   Thumb Code    42  datapointtools.o(.text)
    gizVarlenCompressValue                   0x080055c3   Thumb Code   124  datapointtools.o(.text)
    gizVarlenDecompressionValue              0x0800563f   Thumb Code   196  datapointtools.o(.text)
    gizStandardDecompressionValue            0x08005703   Thumb Code   194  datapointtools.o(.text)
    gizStandardCompressValue                 0x080057c5   Thumb Code   128  datapointtools.o(.text)
    rbCreate                                 0x08005845   Thumb Code    22  ringbuffer.o(.text)
    rbDelete                                 0x0800585b   Thumb Code    24  ringbuffer.o(.text)
    rbCapacity                               0x08005873   Thumb Code    14  ringbuffer.o(.text)
    rbCanRead                                0x08005881   Thumb Code    56  ringbuffer.o(.text)
    rbCanWrite                               0x080058b9   Thumb Code    30  ringbuffer.o(.text)
    rbRead                                   0x080058d7   Thumb Code   162  ringbuffer.o(.text)
    rbWrite                                  0x08005979   Thumb Code   154  ringbuffer.o(.text)
    toupper                                  0x08005a13   Thumb Code    12  toupper.o(.text)
    __aeabi_memcpy                           0x08005a1f   Thumb Code    36  memcpya.o(.text)
    __aeabi_memcpy4                          0x08005a1f   Thumb Code     0  memcpya.o(.text)
    __aeabi_memcpy8                          0x08005a1f   Thumb Code     0  memcpya.o(.text)
    __aeabi_memset                           0x08005a43   Thumb Code    14  memseta.o(.text)
    __aeabi_memset4                          0x08005a43   Thumb Code     0  memseta.o(.text)
    __aeabi_memset8                          0x08005a43   Thumb Code     0  memseta.o(.text)
    __aeabi_memclr                           0x08005a51   Thumb Code     4  memseta.o(.text)
    __aeabi_memclr4                          0x08005a51   Thumb Code     0  memseta.o(.text)
    __aeabi_memclr8                          0x08005a51   Thumb Code     0  memseta.o(.text)
    _memset$wrapper                          0x08005a55   Thumb Code    18  memseta.o(.text)
    strlen                                   0x08005a67   Thumb Code    14  strlen.o(.text)
    __aeabi_fadd                             0x08005a75   Thumb Code   164  fadd.o(.text)
    __aeabi_fsub                             0x08005b19   Thumb Code     6  fadd.o(.text)
    __aeabi_frsub                            0x08005b1f   Thumb Code     6  fadd.o(.text)
    __aeabi_fmul                             0x08005b25   Thumb Code   108  fmul.o(.text)
    __aeabi_fdiv                             0x08005b91   Thumb Code   128  fdiv.o(.text)
    __aeabi_ui2f                             0x08005c11   Thumb Code    10  ffltui.o(.text)
    __aeabi_f2uiz                            0x08005c1b   Thumb Code    40  ffixui.o(.text)
    __aeabi_uldivmod                         0x08005c43   Thumb Code    98  uldiv.o(.text)
    __I$use$fp                               0x08005ca5   Thumb Code     0  iusefp.o(.text)
    _float_round                             0x08005ca5   Thumb Code    18  fepilogue.o(.text)
    _float_epilogue                          0x08005cb7   Thumb Code    90  fepilogue.o(.text)
    __scatterload                            0x08005d11   Thumb Code    28  init.o(.text)
    __scatterload_rt2                        0x08005d11   Thumb Code     0  init.o(.text)
    __aeabi_llsl                             0x08005d35   Thumb Code    30  llshl.o(.text)
    _ll_shift_l                              0x08005d35   Thumb Code     0  llshl.o(.text)
    __aeabi_llsr                             0x08005d53   Thumb Code    32  llushr.o(.text)
    _ll_ushift_r                             0x08005d53   Thumb Code     0  llushr.o(.text)
    __0printf$8                              0x08005d75   Thumb Code    22  printf8.o(i.__0printf$8)
    __1printf$8                              0x08005d75   Thumb Code     0  printf8.o(i.__0printf$8)
    __2printf                                0x08005d75   Thumb Code     0  printf8.o(i.__0printf$8)
    __scatterload_copy                       0x08005d95   Thumb Code    14  handlers.o(i.__scatterload_copy)
    __scatterload_null                       0x08005da3   Thumb Code     2  handlers.o(i.__scatterload_null)
    __scatterload_zeroinit                   0x08005da5   Thumb Code    14  handlers.o(i.__scatterload_zeroinit)
    TX_ADDRESS                               0x08006212   Data           5  hal_nrf24l01.o(.constdata)
    RX_ADDRESS                               0x08006217   Data           5  hal_nrf24l01.o(.constdata)
    Region$$Table$$Base                      0x0800624c   Number         0  anon$$obj.o(Region$$Table)
    Region$$Table$$Limit                     0x0800626c   Number         0  anon$$obj.o(Region$$Table)
    SystemCoreClock                          0x20000000   Data           4  system_stm32f10x.o(.data)
    AHBPrescTable                            0x20000004   Data          16  system_stm32f10x.o(.data)
    keys                                     0x20000029   Data           5  main.o(.data)
    keyCountTime                             0x20000037   Data           1  hal_key.o(.data)
    __stdout                                 0x2000004c   Data           4  stdout.o(.data)
    tmp_buf                                  0x20000050   Data          30  main.o(.bss)
    tmp_buf2                                 0x2000006e   Data          30  main.o(.bss)
    singleKey                                0x2000008c   Data          84  main.o(.bss)
    currentDataPoint                         0x200000e0   Data          36  gizwits_product.o(.bss)
    gizwitsProtocol                          0x20000104   Data         370  gizwits_protocol.o(.bss)
    pRb                                      0x20000276   Data          16  gizwits_protocol.o(.bss)
    __initial_sp                             0x200012c8   Data           0  startup_stm32f10x_md.o(STACK)



==============================================================================

Memory Map of the image

  Image Entry point : 0x08000101

  Load Region LR_1 (Base: 0x08000000, Size: 0x000062bc, Max: 0xffffffff, ABSOLUTE)

    Execution Region ER_RO (Base: 0x08000000, Size: 0x0000626c, Max: 0xffffffff, ABSOLUTE)

    Base Addr    Size         Type   Attr      Idx    E Section Name        Object

    0x08000000   0x000000ec   Data   RO            3    RESET               startup_stm32f10x_md.o
    0x080000ec   0x00000000   Code   RO          666  * .ARM.Collect$$$$00000000  mc_w.l(entry.o)
    0x080000ec   0x00000004   Code   RO          950    .ARM.Collect$$$$00000001  mc_w.l(entry2.o)
    0x080000f0   0x00000004   Code   RO          953    .ARM.Collect$$$$00000004  mc_w.l(entry5.o)
    0x080000f4   0x00000000   Code   RO          955    .ARM.Collect$$$$00000008  mc_w.l(entry7b.o)
    0x080000f4   0x00000000   Code   RO          957    .ARM.Collect$$$$0000000A  mc_w.l(entry8b.o)
    0x080000f4   0x00000008   Code   RO          958    .ARM.Collect$$$$0000000B  mc_w.l(entry9a.o)
    0x080000fc   0x00000000   Code   RO          960    .ARM.Collect$$$$0000000D  mc_w.l(entry10a.o)
    0x080000fc   0x00000000   Code   RO          962    .ARM.Collect$$$$0000000F  mc_w.l(entry11a.o)
    0x080000fc   0x00000004   Code   RO          951    .ARM.Collect$$$$00002712  mc_w.l(entry2.o)
    0x08000100   0x00000024   Code   RO            4  * .text               startup_stm32f10x_md.o
    0x08000124   0x000001dc   Code   RO           24    .text               system_stm32f10x.o
    0x08000300   0x000000dc   Code   RO          121    .text               misc.o
    0x080003dc   0x00000358   Code   RO          269    .text               stm32f10x_gpio.o
    0x08000734   0x00000040   Code   RO          293    .text               stm32f10x_iwdg.o
    0x08000774   0x000003a4   Code   RO          317    .text               stm32f10x_rcc.o
    0x08000b18   0x00000144   Code   RO          331    .text               stm32f10x_rtc.o
    0x08000c5c   0x0000030c   Code   RO          355    .text               stm32f10x_spi.o
    0x08000f68   0x00000e1a   Code   RO          367    .text               stm32f10x_tim.o
    0x08001d82   0x00000002   PAD
    0x08001d84   0x00000408   Code   RO          379    .text               stm32f10x_usart.o
    0x0800218c   0x000002e4   Code   RO          403    .text               main.o
    0x08002470   0x000000ac   Code   RO          466    .text               stm32f10x_it.o
    0x0800251c   0x00000364   Code   RO          481    .text               hal_key.o
    0x08002880   0x000001b0   Code   RO          505    .text               hal_uart.o
    0x08002a30   0x0000003c   Code   RO          517    .text               hal_watchdog.o
    0x08002a6c   0x00000060   Code   RO          532    .text               hal_led.o
    0x08002acc   0x00000048   Code   RO          550    .text               hal_relay.o
    0x08002b14   0x000003ac   Code   RO          562    .text               hal_nrf24l01.o
    0x08002ec0   0x00000504   Code   RO          577    .text               gizwits_product.o
    0x080033c4   0x00001da4   Code   RO          607    .text               gizwits_protocol.o
    0x08005168   0x00000390   Code   RO          629    .text               common.o
    0x080054f8   0x0000034c   Code   RO          642    .text               datapointtools.o
    0x08005844   0x000001ce   Code   RO          654    .text               ringbuffer.o
    0x08005a12   0x0000000c   Code   RO          669    .text               mc_w.l(toupper.o)
    0x08005a1e   0x00000024   Code   RO          671    .text               mc_w.l(memcpya.o)
    0x08005a42   0x00000024   Code   RO          673    .text               mc_w.l(memseta.o)
    0x08005a66   0x0000000e   Code   RO          675    .text               mc_w.l(strlen.o)
    0x08005a74   0x000000b0   Code   RO          940    .text               mf_w.l(fadd.o)
    0x08005b24   0x0000006c   Code   RO          942    .text               mf_w.l(fmul.o)
    0x08005b90   0x00000080   Code   RO          944    .text               mf_w.l(fdiv.o)
    0x08005c10   0x0000000a   Code   RO          946    .text               mf_w.l(ffltui.o)
    0x08005c1a   0x00000028   Code   RO          948    .text               mf_w.l(ffixui.o)
    0x08005c42   0x00000062   Code   RO          967    .text               mc_w.l(uldiv.o)
    0x08005ca4   0x00000000   Code   RO          969    .text               mc_w.l(iusefp.o)
    0x08005ca4   0x0000006c   Code   RO          970    .text               mf_w.l(fepilogue.o)
    0x08005d10   0x00000024   Code   RO          982    .text               mc_w.l(init.o)
    0x08005d34   0x0000001e   Code   RO          984    .text               mc_w.l(llshl.o)
    0x08005d52   0x00000020   Code   RO          986    .text               mc_w.l(llushr.o)
    0x08005d72   0x00000002   PAD
    0x08005d74   0x00000020   Code   RO          886    i.__0printf$8       mc_w.l(printf8.o)
    0x08005d94   0x0000000e   Code   RO          994    i.__scatterload_copy  mc_w.l(handlers.o)
    0x08005da2   0x00000002   Code   RO          995    i.__scatterload_null  mc_w.l(handlers.o)
    0x08005da4   0x0000000e   Code   RO          996    i.__scatterload_zeroinit  mc_w.l(handlers.o)
    0x08005db2   0x00000002   PAD
    0x08005db4   0x00000408   Code   RO          893    i._printf_core      mc_w.l(printf8.o)
    0x080061bc   0x00000026   Code   RO          894    i._printf_post_padding  mc_w.l(printf8.o)
    0x080061e2   0x00000030   Code   RO          895    i._printf_pre_padding  mc_w.l(printf8.o)
    0x08006212   0x0000000a   Data   RO          563    .constdata          hal_nrf24l01.o
    0x0800621c   0x00000030   Data   RO          630    .constdata          common.o
    0x0800624c   0x00000020   Data   RO          992    Region$$Table       anon$$obj.o


    Execution Region ER_RW (Base: 0x20000000, Size: 0x00000050, Max: 0xffffffff, ABSOLUTE)

    Base Addr    Size         Type   Attr      Idx    E Section Name        Object

    0x20000000   0x00000014   Data   RW           25    .data               system_stm32f10x.o
    0x20000014   0x00000014   Data   RW          318    .data               stm32f10x_rcc.o
    0x20000028   0x00000006   Data   RW          405    .data               main.o
    0x2000002e   0x0000000a   Data   RW          482    .data               hal_key.o
    0x20000038   0x00000004   Data   RW          579    .data               gizwits_product.o
    0x2000003c   0x00000010   Data   RW          609    .data               gizwits_protocol.o
    0x2000004c   0x00000004   Data   RW          964    .data               mc_w.l(stdout.o)


    Execution Region ER_ZI (Base: 0x20000050, Size: 0x00001278, Max: 0xffffffff, ABSOLUTE)

    Base Addr    Size         Type   Attr      Idx    E Section Name        Object

    0x20000050   0x00000090   Zero   RW          404    .bss                main.o
    0x200000e0   0x00000024   Zero   RW          578    .bss                gizwits_product.o
    0x20000104   0x000001c0   Zero   RW          608    .bss                gizwits_protocol.o
    0x200002c4   0x00000004   PAD
    0x200002c8   0x00001000   Zero   RW            1    STACK               startup_stm32f10x_md.o


==============================================================================

Image component sizes


      Code (inc. data)   RO Data    RW Data    ZI Data      Debug   Object Name

       912          8         48          0          0       3985   common.o
         0          0          0          0          0       4244   core_cm3.o
       844          0          0          0          0       4970   datapointtools.o
      1284        376          0          4         36      19028   gizwits_product.o
      7588       2318          0         16        448      11690   gizwits_protocol.o
       868         32          0         10          0       4440   hal_key.o
        96          8          0          0          0       1006   hal_led.o
       940         42         10          0          0       4064   hal_nrf24l01.o
        72          8          0          0          0        787   hal_relay.o
       432         12          0          0          0       1446   hal_uart.o
        60          6          0          0          0        680   hal_watchdog.o
       740        306          0          6        144      12921   main.o
       220         20          0          0          0       1813   misc.o
       462          0          0          0          0       2435   ringbuffer.o
        36          8        236          0       4096        868   startup_stm32f10x_md.o
       856         40          0          0          0       5653   stm32f10x_gpio.o
       172          8          0          0          0       1701   stm32f10x_it.o
        64          6          0          0          0       1265   stm32f10x_iwdg.o
       932         44          0         20          0       8808   stm32f10x_rcc.o
       324          4          0          0          0       2666   stm32f10x_rtc.o
       780         14          0          0          0       6542   stm32f10x_spi.o
      3610         88          0          0          0      22144   stm32f10x_tim.o
      1032         22          0          0          0       8384   stm32f10x_usart.o
       476         36          0         20          0     257383   system_stm32f10x.o

    ----------------------------------------------------------------------
     22802       3406        326         76       4728     388923   Object Totals
         0          0         32          0          0          0   (incl. Generated)
         2          0          0          0          4          0   (incl. Padding)

    ----------------------------------------------------------------------

      Code (inc. data)   RO Data    RW Data    ZI Data      Debug   Library Member Name

         0          0          0          0          0          0   entry.o
         0          0          0          0          0          0   entry10a.o
         0          0          0          0          0          0   entry11a.o
         8          4          0          0          0          0   entry2.o
         4          0          0          0          0          0   entry5.o
         0          0          0          0          0          0   entry7b.o
         0          0          0          0          0          0   entry8b.o
         8          4          0          0          0          0   entry9a.o
        30          0          0          0          0          0   handlers.o
        36          8          0          0          0         68   init.o
         0          0          0          0          0          0   iusefp.o
        30          0          0          0          0         68   llshl.o
        32          0          0          0          0         68   llushr.o
        36          0          0          0          0         68   memcpya.o
        36          0          0          0          0        108   memseta.o
      1150         54          0          0          0        352   printf8.o
         0          0          0          4          0          0   stdout.o
        14          0          0          0          0         68   strlen.o
        12          0          0          0          0         68   toupper.o
        98          0          0          0          0         92   uldiv.o
       176          0          0          0          0        140   fadd.o
       128          0          0          0          0         88   fdiv.o
       108          0          0          0          0        168   fepilogue.o
        40          0          0          0          0         68   ffixui.o
        10          0          0          0          0         68   ffltui.o
       108          0          0          0          0         76   fmul.o

    ----------------------------------------------------------------------
      2068         70          0          4          0       1568   Library Totals
         4          0          0          0          0          0   (incl. Padding)

    ----------------------------------------------------------------------

      Code (inc. data)   RO Data    RW Data    ZI Data      Debug   Library Name

      1494         70          0          4          0        960   mc_w.l
       570          0          0          0          0        608   mf_w.l

    ----------------------------------------------------------------------
      2068         70          0          4          0       1568   Library Totals

    ----------------------------------------------------------------------

==============================================================================


      Code (inc. data)   RO Data    RW Data    ZI Data      Debug   

     24870       3476        326         80       4728     387371   Grand Totals
     24870       3476        326         80       4728     387371   ELF Image Totals
     24870       3476        326         80          0          0   ROM Totals

==============================================================================

    Total RO  Size (Code + RO Data)                25196 (  24.61kB)
    Total RW  Size (RW Data + ZI Data)              4808 (   4.70kB)
    Total ROM Size (Code + RO Data + RW Data)      25276 (  24.68kB)

==============================================================================

