ARM Linker, 5.03 [Build 24] [MDK-ARM Professional]

==============================================================================

Section Cross References

    startup_stm32f10x_md.o(RESET) refers to startup_stm32f10x_md.o(STACK) for __initial_sp
    startup_stm32f10x_md.o(RESET) refers to startup_stm32f10x_md.o(.text) for Reset_Handler
    startup_stm32f10x_md.o(RESET) refers to stm32f10x_it.o(.text) for NMI_Handler
    startup_stm32f10x_md.o(RESET) refers to hal_key.o(.text) for TIM2_IRQHandler
    startup_stm32f10x_md.o(RESET) refers to gizwits_product.o(.text) for TIM3_IRQHandler
    startup_stm32f10x_md.o(.text) refers to system_stm32f10x.o(.text) for SystemInit
    startup_stm32f10x_md.o(.text) refers to entry.o(.ARM.Collect$$$$00000000) for __main
    system_stm32f10x.o(.text) refers to system_stm32f10x.o(.data) for SystemCoreClock
    stm32f10x_adc.o(.text) refers to stm32f10x_rcc.o(.text) for RCC_APB2PeriphResetCmd
    stm32f10x_bkp.o(.text) refers to stm32f10x_rcc.o(.text) for RCC_BackupResetCmd
    stm32f10x_can.o(.text) refers to stm32f10x_rcc.o(.text) for RCC_APB1PeriphResetCmd
    stm32f10x_cec.o(.text) refers to stm32f10x_rcc.o(.text) for RCC_APB1PeriphResetCmd
    stm32f10x_dac.o(.text) refers to stm32f10x_rcc.o(.text) for RCC_APB1PeriphResetCmd
    stm32f10x_gpio.o(.text) refers to stm32f10x_rcc.o(.text) for RCC_APB2PeriphResetCmd
    stm32f10x_i2c.o(.text) refers to stm32f10x_rcc.o(.text) for RCC_APB1PeriphResetCmd
    stm32f10x_pwr.o(.text) refers to stm32f10x_rcc.o(.text) for RCC_APB1PeriphResetCmd
    stm32f10x_rcc.o(.text) refers to stm32f10x_rcc.o(.data) for APBAHBPrescTable
    stm32f10x_spi.o(.text) refers to stm32f10x_rcc.o(.text) for RCC_APB2PeriphResetCmd
    stm32f10x_tim.o(.text) refers to stm32f10x_rcc.o(.text) for RCC_APB2PeriphResetCmd
    stm32f10x_usart.o(.text) refers to stm32f10x_rcc.o(.text) for RCC_APB2PeriphResetCmd
    stm32f10x_wwdg.o(.text) refers to stm32f10x_rcc.o(.text) for RCC_APB1PeriphResetCmd
    main.o(.text) refers to printf8.o(i.__0printf$8) for __2printf
    main.o(.text) refers to gizwits_protocol.o(.text) for gizwitsSetMode
    main.o(.text) refers to hal_led.o(.text) for ledoff
    main.o(.text) refers to hal_key.o(.text) for keyInitOne
    main.o(.text) refers to memcpya.o(.text) for __aeabi_memcpy
    main.o(.text) refers to system_stm32f10x.o(.text) for SystemInit
    main.o(.text) refers to hal_uart.o(.text) for uartxInit
    main.o(.text) refers to gizwits_product.o(.text) for userInit
    main.o(.text) refers to hal_watchdog.o(.text) for watchdogInit
    main.o(.text) refers to main.o(.data) for i
    main.o(.text) refers to gizwits_product.o(.bss) for currentDataPoint
    main.o(.text) refers to main.o(.bss) for singleKey
    stm32f10x_it.o(.text) refers to stm32f10x_usart.o(.text) for USART_GetITStatus
    stm32f10x_it.o(.text) refers to stm32f10x_rtc.o(.text) for RTC_GetITStatus
    hal_key.o(.text) refers to stm32f10x_gpio.o(.text) for GPIO_ReadInputDataBit
    hal_key.o(.text) refers to stm32f10x_tim.o(.text) for TIM_GetITStatus
    hal_key.o(.text) refers to stm32f10x_rcc.o(.text) for RCC_APB1PeriphClockCmd
    hal_key.o(.text) refers to misc.o(.text) for NVIC_Init
    hal_key.o(.text) refers to memcpya.o(.text) for __aeabi_memcpy
    hal_key.o(.text) refers to main.o(.data) for keys
    hal_key.o(.text) refers to hal_key.o(.data) for keyCountTime
    hal_uart.o(.text) refers to stm32f10x_rcc.o(.text) for RCC_APB2PeriphClockCmd
    hal_uart.o(.text) refers to stm32f10x_gpio.o(.text) for GPIO_Init
    hal_uart.o(.text) refers to stm32f10x_usart.o(.text) for USART_Init
    hal_uart.o(.text) refers to misc.o(.text) for NVIC_Init
    hal_watchdog.o(.text) refers to stm32f10x_iwdg.o(.text) for IWDG_WriteAccessCmd
    hal_led.o(.text) refers to stm32f10x_rcc.o(.text) for RCC_APB2PeriphClockCmd
    hal_led.o(.text) refers to stm32f10x_gpio.o(.text) for GPIO_Init
    gizwits_product.o(.text) refers to printf8.o(i.__0printf$8) for __2printf
    gizwits_product.o(.text) refers to hal_led.o(.text) for ledon
    gizwits_product.o(.text) refers to memseta.o(.text) for __aeabi_memclr
    gizwits_product.o(.text) refers to stm32f10x_tim.o(.text) for TIM_GetITStatus
    gizwits_product.o(.text) refers to stm32f10x_rcc.o(.text) for RCC_APB1PeriphClockCmd
    gizwits_product.o(.text) refers to misc.o(.text) for NVIC_Init
    gizwits_product.o(.text) refers to stm32f10x_usart.o(.text) for USART_GetITStatus
    gizwits_product.o(.text) refers to gizwits_protocol.o(.text) for gizPutData
    gizwits_product.o(.text) refers to stm32f10x_gpio.o(.text) for GPIO_Init
    gizwits_product.o(.text) refers to gizwits_product.o(.bss) for currentDataPoint
    gizwits_product.o(.text) refers to gizwits_product.o(.data) for timerMsCount
    gizwits_protocol.o(.text) refers to printf8.o(i.__0printf$8) for __2printf
    gizwits_protocol.o(.text) refers to ringbuffer.o(.text) for rbWrite
    gizwits_protocol.o(.text) refers to memseta.o(.text) for __aeabi_memclr
[...]
    printf0.o(i.__0sprintf$0) refers to printf0.o(i._printf_core) for _printf_core
    printf0.o(i.__0sprintf$0) refers to printf0.o(i._sputc) for _sputc
    printf0.o(i.__0vfprintf$0) refers to printf0.o(i._printf_core) for _printf_core
    printf0.o(i.__0vfprintf$0) refers to hal_uart.o(.text) for fputc
    printf0.o(i.__0vprintf$0) refers to printf0.o(i._printf_core) for _printf_core
    printf0.o(i.__0vprintf$0) refers to hal_uart.o(.text) for fputc
    printf0.o(i.__0vprintf$0) refers to stdout.o(.data) for __stdout
    printf0.o(i.__0vsnprintf$0) refers to printf0.o(i._printf_core) for _printf_core
    printf0.o(i.__0vsnprintf$0) refers to printf0.o(i._snputc) for _snputc
    printf0.o(i.__0vsprintf$0) refers to printf0.o(i._printf_core) for _printf_core
    printf0.o(i.__0vsprintf$0) refers to printf0.o(i._sputc) for _sputc
    printf1.o(i.__0fprintf$1) refers to printf1.o(i._printf_core) for _printf_core
    printf1.o(i.__0fprintf$1) refers to hal_uart.o(.text) for fputc
    printf1.o(i.__0printf$1) refers to printf1.o(i._printf_core) for _printf_core
    printf1.o(i.__0printf$1) refers to hal_uart.o(.text) for fputc
    printf1.o(i.__0printf$1) refers to stdout.o(.data) for __stdout
    printf1.o(i.__0snprintf$1) refers to printf1.o(i._printf_core) for _printf_core
    printf1.o(i.__0snprintf$1) refers to printf1.o(i._snputc) for _snputc
    printf1.o(i.__0sprintf$1) refers to printf1.o(i._printf_core) for _printf_core
    printf1.o(i.__0sprintf$1) refers to printf1.o(i._sputc) for _sputc
    printf1.o(i.__0vfprintf$1) refers to printf1.o(i._printf_core) for _printf_core
    printf1.o(i.__0vfprintf$1) refers to hal_uart.o(.text) for fputc
    printf1.o(i.__0vprintf$1) refers to printf1.o(i._printf_core) for _printf_core
    printf1.o(i.__0vprintf$1) refers to hal_uart.o(.text) for fputc
    printf1.o(i.__0vprintf$1) refers to stdout.o(.data) for __stdout
    printf1.o(i.__0vsnprintf$1) refers to printf1.o(i._printf_core) for _printf_core
    printf1.o(i.__0vsnprintf$1) refers to printf1.o(i._snputc) for _snputc
    printf1.o(i.__0vsprintf$1) refers to printf1.o(i._printf_core) for _printf_core
    printf1.o(i.__0vsprintf$1) refers to printf1.o(i._sputc) for _sputc
    printf1.o(i._printf_core) refers to uidiv.o(.text) for __aeabi_uidivmod
    printf2.o(i.__0fprintf$2) refers to printf2.o(i._printf_core) for _printf_core
    printf2.o(i.__0fprintf$2) refers to hal_uart.o(.text) for fputc
    printf2.o(i.__0printf$2) refers to printf2.o(i._printf_core) for _printf_core
    printf2.o(i.__0printf$2) refers to hal_uart.o(.text) for fputc
    printf2.o(i.__0printf$2) refers to stdout.o(.data) for __stdout
    printf2.o(i.__0snprintf$2) refers to printf2.o(i._printf_core) for _printf_core
    printf2.o(i.__0snprintf$2) refers to printf2.o(i._snputc) for _snputc
    printf2.o(i.__0sprintf$2) refers to printf2.o(i._printf_core) for _printf_core
    printf2.o(i.__0sprintf$2) refers to printf2.o(i._sputc) for _sputc
    printf2.o(i.__0vfprintf$2) refers to printf2.o(i._printf_core) for _printf_core
    printf2.o(i.__0vfprintf$2) refers to hal_uart.o(.text) for fputc
    printf2.o(i.__0vprintf$2) refers to printf2.o(i._printf_core) for _printf_core
    printf2.o(i.__0vprintf$2) refers to hal_uart.o(.text) for fputc
    printf2.o(i.__0vprintf$2) refers to stdout.o(.data) for __stdout
    printf2.o(i.__0vsnprintf$2) refers to printf2.o(i._printf_core) for _printf_core
    printf2.o(i.__0vsnprintf$2) refers to printf2.o(i._snputc) for _snputc
    printf2.o(i.__0vsprintf$2) refers to printf2.o(i._printf_core) for _printf_core
    printf2.o(i.__0vsprintf$2) refers to printf2.o(i._sputc) for _sputc
    printf3.o(i.__0fprintf$3) refers to printf3.o(i._printf_core) for _printf_core
    printf3.o(i.__0fprintf$3) refers to hal_uart.o(.text) for fputc
    printf3.o(i.__0printf$3) refers to printf3.o(i._printf_core) for _printf_core
    printf3.o(i.__0printf$3) refers to hal_uart.o(.text) for fputc
    printf3.o(i.__0printf$3) refers to stdout.o(.data) for __stdout
    printf3.o(i.__0snprintf$3) refers to printf3.o(i._printf_core) for _printf_core
    printf3.o(i.__0snprintf$3) refers to printf3.o(i._snputc) for _snputc
    printf3.o(i.__0sprintf$3) refers to printf3.o(i._printf_core) for _printf_core
    printf3.o(i.__0sprintf$3) refers to printf3.o(i._sputc) for _sputc
    printf3.o(i.__0vfprintf$3) refers to printf3.o(i._printf_core) for _printf_core
    printf3.o(i.__0vfprintf$3) refers to hal_uart.o(.text) for fputc
    printf3.o(i.__0vprintf$3) refers to printf3.o(i._printf_core) for _printf_core
    printf3.o(i.__0vprintf$3) refers to hal_uart.o(.text) for fputc
    printf3.o(i.__0vprintf$3) refers to stdout.o(.data) for __stdout
    printf3.o(i.__0vsnprintf$3) refers to printf3.o(i._printf_core) for _printf_core
    printf3.o(i.__0vsnprintf$3) refers to printf3.o(i._snputc) for _snputc
    printf3.o(i.__0vsprintf$3) refers to printf3.o(i._printf_core) for _printf_core
    printf3.o(i.__0vsprintf$3) refers to printf3.o(i._sputc) for _sputc
    printf3.o(i._printf_core) refers to uidiv.o(.text) for __aeabi_uidivmod
    printf4.o(i.__0fprintf$4) refers to printf4.o(i._printf_core) for _printf_core
    printf4.o(i.__0fprintf$4) refers to hal_uart.o(.text) for fputc
    printf4.o(i.__0printf$4) refers to printf4.o(i._printf_core) for _printf_core
    printf4.o(i.__0printf$4) refers to hal_uart.o(.text) for fputc
    printf4.o(i.__0printf$4) refers to stdout.o(.data) for __stdout
    printf4.o(i.__0snprintf$4) refers to printf4.o(i._printf_core) for _printf_core
    printf4.o(i.__0snprintf$4) refers to printf4.o(i._snputc) for _snputc
    printf4.o(i.__0sprintf$4) refers to printf4.o(i._printf_core) for _printf_core
    printf4.o(i.__0sprintf$4) refers to printf4.o(i._sputc) for _sputc
    printf4.o(i.__0vfprintf$4) refers to printf4.o(i._printf_core) for _printf_core
    printf4.o(i.__0vfprintf$4) refers to hal_uart.o(.text) for fputc
    printf4.o(i.__0vprintf$4) refers to printf4.o(i._printf_core) for _printf_core
    printf4.o(i.__0vprintf$4) refers to hal_uart.o(.text) for fputc
    printf4.o(i.__0vprintf$4) refers to stdout.o(.data) for __stdout
    printf4.o(i.__0vsnprintf$4) refers to printf4.o(i._printf_core) for _printf_core
    printf4.o(i.__0vsnprintf$4) refers to printf4.o(i._snputc) for _snputc
    printf4.o(i.__0vsprintf$4) refers to printf4.o(i._printf_core) for _printf_core
    printf4.o(i.__0vsprintf$4) refers to printf4.o(i._sputc) for _sputc
    printf4.o(i._printf_core) refers to uldiv.o(.text) for __aeabi_uldivmod
    printf5.o(i.__0fprintf$5) refers to printf5.o(i._printf_core) for _printf_core
    printf5.o(i.__0fprintf$5) refers to hal_uart.o(.text) for fputc
    printf5.o(i.__0printf$5) refers to printf5.o(i._printf_core) for _printf_core
    printf5.o(i.__0printf$5) refers to hal_uart.o(.text) for fputc
    printf5.o(i.__0printf$5) refers to stdout.o(.data) for __stdout
    printf5.o(i.__0snprintf$5) refers to printf5.o(i._printf_core) for _printf_core
    printf5.o(i.__0snprintf$5) refers to printf5.o(i._snputc) for _snputc
    printf5.o(i.__0sprintf$5) refers to printf5.o(i._printf_core) for _printf_core
    printf5.o(i.__0sprintf$5) refers to printf5.o(i._sputc) for _sputc
    printf5.o(i.__0vfprintf$5) refers to printf5.o(i._printf_core) for _printf_core
    printf5.o(i.__0vfprintf$5) refers to hal_uart.o(.text) for fputc
    printf5.o(i.__0vprintf$5) refers to printf5.o(i._printf_core) for _printf_core
    printf5.o(i.__0vprintf$5) refers to hal_uart.o(.text) for fputc
    printf5.o(i.__0vprintf$5) refers to stdout.o(.data) for __stdout
    printf5.o(i.__0vsnprintf$5) refers to printf5.o(i._printf_core) for _printf_core
    printf5.o(i.__0vsnprintf$5) refers to printf5.o(i._snputc) for _snputc
    printf5.o(i.__0vsprintf$5) refers to printf5.o(i._printf_core) for _printf_core
    printf5.o(i.__0vsprintf$5) refers to printf5.o(i._sputc) for _sputc
    printf5.o(i._printf_core) refers to uldiv.o(.text) for __aeabi_uldivmod
    printf6.o(i.__0fprintf$6) refers to printf6.o(i._printf_core) for _printf_core
    printf6.o(i.__0fprintf$6) refers to hal_uart.o(.text) for fputc
    printf6.o(i.__0printf$6) refers to printf6.o(i._printf_core) for _printf_core
    printf6.o(i.__0printf$6) refers to hal_uart.o(.text) for fputc
    printf6.o(i.__0printf$6) refers to stdout.o(.data) for __stdout
    printf6.o(i.__0snprintf$6) refers to printf6.o(i._printf_core) for _printf_core
    printf6.o(i.__0snprintf$6) refers to printf6.o(i._snputc) for _snputc
    printf6.o(i.__0sprintf$6) refers to printf6.o(i._printf_core) for _printf_core
    printf6.o(i.__0sprintf$6) refers to printf6.o(i._sputc) for _sputc
    printf6.o(i.__0vfprintf$6) refers to printf6.o(i._printf_core) for _printf_core
    printf6.o(i.__0vfprintf$6) refers to hal_uart.o(.text) for fputc
    printf6.o(i.__0vprintf$6) refers to printf6.o(i._printf_core) for _printf_core
    printf6.o(i.__0vprintf$6) refers to hal_uart.o(.text) for fputc
    printf6.o(i.__0vprintf$6) refers to stdout.o(.data) for __stdout
    printf6.o(i.__0vsnprintf$6) refers to printf6.o(i._printf_core) for _printf_core
    printf6.o(i.__0vsnprintf$6) refers to printf6.o(i._snputc) for _snputc
    printf6.o(i.__0vsprintf$6) refers to printf6.o(i._printf_core) for _printf_core
    printf6.o(i.__0vsprintf$6) refers to printf6.o(i._sputc) for _sputc
    printf6.o(i._printf_core) refers to printf6.o(i._printf_pre_padding) for _printf_pre_padding
    printf6.o(i._printf_core) refers to uidiv.o(.text) for __aeabi_uidivmod
    printf6.o(i._printf_core) refers to printf6.o(i._printf_post_padding) for _printf_post_padding
    printf7.o(i.__0fprintf$7) refers to printf7.o(i._printf_core) for _printf_core
    printf7.o(i.__0fprintf$7) refers to hal_uart.o(.text) for fputc
    printf7.o(i.__0printf$7) refers to printf7.o(i._printf_core) for _printf_core
    printf7.o(i.__0printf$7) refers to hal_uart.o(.text) for fputc
    printf7.o(i.__0printf$7) refers to stdout.o(.data) for __stdout
    printf7.o(i.__0snprintf$7) refers to printf7.o(i._printf_core) for _printf_core
    printf7.o(i.__0snprintf$7) refers to printf7.o(i._snputc) for _snputc
    printf7.o(i.__0sprintf$7) refers to printf7.o(i._printf_core) for _printf_core
    printf7.o(i.__0sprintf$7) refers to printf7.o(i._sputc) for _sputc
    printf7.o(i.__0vfprintf$7) refers to printf7.o(i._printf_core) for _printf_core
    printf7.o(i.__0vfprintf$7) refers to hal_uart.o(.text) for fputc
    printf7.o(i.__0vprintf$7) refers to printf7.o(i._printf_core) for _printf_core
    printf7.o(i.__0vprintf$7) refers to hal_uart.o(.text) for fputc
    printf7.o(i.__0vprintf$7) refers to stdout.o(.data) for __stdout
    printf7.o(i.__0vsnprintf$7) refers to printf7.o(i._printf_core) for _printf_core
    printf7.o(i.__0vsnprintf$7) refers to printf7.o(i._snputc) for _snputc
    printf7.o(i.__0vsprintf$7) refers to printf7.o(i._printf_core) for _printf_core
    printf7.o(i.__0vsprintf$7) refers to printf7.o(i._sputc) for _sputc
    printf7.o(i._printf_core) refers to printf7.o(i._printf_pre_padding) for _printf_pre_padding
    printf7.o(i._printf_core) refers to uldiv.o(.text) for __aeabi_uldivmod
    printf7.o(i._printf_core) refers to printf7.o(i._printf_post_padding) for _printf_post_padding
    printf8.o(i.__0fprintf$8) refers to printf8.o(i._printf_core) for _printf_core
    printf8.o(i.__0fprintf$8) refers to hal_uart.o(.text) for fputc
    printf8.o(i.__0printf$8) refers to printf8.o(i._printf_core) for _printf_core
    printf8.o(i.__0printf$8) refers to hal_uart.o(.text) for fputc
    printf8.o(i.__0printf$8) refers to stdout.o(.data) for __stdout
    printf8.o(i.__0snprintf$8) refers to printf8.o(i._printf_core) for _printf_core
    printf8.o(i.__0snprintf$8) refers to printf8.o(i._snputc) for _snputc
    printf8.o(i.__0sprintf$8) refers to printf8.o(i._printf_core) for _printf_core
    printf8.o(i.__0sprintf$8) refers to printf8.o(i._sputc) for _sputc
    printf8.o(i.__0vfprintf$8) refers to printf8.o(i._printf_core) for _printf_core
    printf8.o(i.__0vfprintf$8) refers to hal_uart.o(.text) for fputc
    printf8.o(i.__0vprintf$8) refers to printf8.o(i._printf_core) for _printf_core
    printf8.o(i.__0vprintf$8) refers to hal_uart.o(.text) for fputc
    printf8.o(i.__0vprintf$8) refers to stdout.o(.data) for __stdout
    printf8.o(i.__0vsnprintf$8) refers to printf8.o(i._printf_core) for _printf_core
    printf8.o(i.__0vsnprintf$8) refers to printf8.o(i._snputc) for _snputc
    printf8.o(i.__0vsprintf$8) refers to printf8.o(i._printf_core) for _printf_core
    printf8.o(i.__0vsprintf$8) refers to printf8.o(i._sputc) for _sputc
    printf8.o(i._printf_core) refers to printf8.o(i._printf_pre_padding) for _printf_pre_padding
    printf8.o(i._printf_core) refers to uldiv.o(.text) for __aeabi_uldivmod
    printf8.o(i._printf_core) refers to printf8.o(i._printf_post_padding) for _printf_post_padding
    printfa.o(i.__0fprintf) refers (Special) to iusefp.o(.text) for __I$use$fp
    printfa.o(i.__0fprintf) refers to printfa.o(i._printf_core) for _printf_core
    printfa.o(i.__0fprintf) refers to hal_uart.o(.text) for fputc
    printfa.o(i.__0printf) refers (Special) to iusefp.o(.text) for __I$use$fp
    printfa.o(i.__0printf) refers to printfa.o(i._printf_core) for _printf_core
    printfa.o(i.__0printf) refers to hal_uart.o(.text) for fputc
    printfa.o(i.__0printf) refers to stdout.o(.data) for __stdout
    printfa.o(i.__0snprintf) refers (Special) to iusefp.o(.text) for __I$use$fp
    printfa.o(i.__0snprintf) refers to printfa.o(i._printf_core) for _printf_core
    printfa.o(i.__0snprintf) refers to printfa.o(i._snputc) for _snputc
    printfa.o(i.__0sprintf) refers (Special) to iusefp.o(.text) for __I$use$fp
    printfa.o(i.__0sprintf) refers to printfa.o(i._printf_core) for _printf_core
    printfa.o(i.__0sprintf) refers to printfa.o(i._sputc) for _sputc
    printfa.o(i.__0vfprintf) refers (Special) to iusefp.o(.text) for __I$use$fp
    printfa.o(i.__0vfprintf) refers to printfa.o(i._printf_core) for _printf_core
    printfa.o(i.__0vfprintf) refers to hal_uart.o(.text) for fputc
    printfa.o(i.__0vprintf) refers (Special) to iusefp.o(.text) for __I$use$fp
    printfa.o(i.__0vprintf) refers to printfa.o(i._printf_core) for _printf_core
    printfa.o(i.__0vprintf) refers to hal_uart.o(.text) for fputc
    printfa.o(i.__0vprintf) refers to stdout.o(.data) for __stdout
    printfa.o(i.__0vsnprintf) refers (Special) to iusefp.o(.text) for __I$use$fp
    printfa.o(i.__0vsnprintf) refers to printfa.o(i._printf_core) for _printf_core
    printfa.o(i.__0vsnprintf) refers to printfa.o(i._snputc) for _snputc
    printfa.o(i.__0vsprintf) refers (Special) to iusefp.o(.text) for __I$use$fp
    printfa.o(i.__0vsprintf) refers to printfa.o(i._printf_core) for _printf_core
    printfa.o(i.__0vsprintf) refers to printfa.o(i._sputc) for _sputc
    printfa.o(i._fp_digits) refers (Special) to iusefp.o(.text) for __I$use$fp
    printfa.o(i._fp_digits) refers to dmul.o(.text) for __aeabi_dmul
    printfa.o(i._fp_digits) refers to ddiv.o(.text) for __aeabi_ddiv
    printfa.o(i._fp_digits) refers to cdrcmple.o(.text) for __aeabi_cdrcmple
    printfa.o(i._fp_digits) refers to dadd.o(.text) for __aeabi_dadd
    printfa.o(i._fp_digits) refers to dfixul.o(.text) for __aeabi_d2ulz
    printfa.o(i._fp_digits) refers to uldiv.o(.text) for __aeabi_uldivmod
    printfa.o(i._printf_core) refers (Special) to iusefp.o(.text) for __I$use$fp
    printfa.o(i._printf_core) refers to printfa.o(i._printf_pre_padding) for _printf_pre_padding
    printfa.o(i._printf_core) refers to uldiv.o(.text) for __aeabi_uldivmod
    printfa.o(i._printf_core) refers to printfa.o(i._printf_post_padding) for _printf_post_padding
    printfa.o(i._printf_core) refers to printfa.o(i._fp_digits) for _fp_digits
    printfa.o(i._printf_core) refers to uidiv.o(.text) for __aeabi_uidivmod
    printfa.o(i._printf_post_padding) refers (Special) to iusefp.o(.text) for __I$use$fp
    printfa.o(i._printf_pre_padding) refers (Special) to iusefp.o(.text) for __I$use$fp
    printfa.o(i._snputc) refers (Special) to iusefp.o(.text) for __I$use$fp
    printfa.o(i._sputc) refers (Special) to iusefp.o(.text) for __I$use$fp
    fadd.o(.text) refers (Special) to iusefp.o(.text) for __I$use$fp
    fadd.o(.text) refers to fepilogue.o(.text) for _float_epilogue
    fmul.o(.text) refers (Special) to iusefp.o(.text) for __I$use$fp
    fdiv.o(.text) refers (Special) to iusefp.o(.text) for __I$use$fp
    fdiv.o(.text) refers to fepilogue.o(.text) for _float_round
    ffltui.o(.text) refers (Special) to iusefp.o(.text) for __I$use$fp
    ffltui.o(.text) refers to fepilogue.o(.text) for _float_epilogue
    ffixui.o(.text) refers (Special) to iusefp.o(.text) for __I$use$fp
    entry2.o(.ARM.Collect$$$$00000001) refers to entry2.o(.ARM.Collect$$$$00002712) for __lit__00000000
    entry2.o(.ARM.Collect$$$$00002712) refers to startup_stm32f10x_md.o(STACK) for __initial_sp
    entry2.o(__vectab_stack_and_reset_area) refers to startup_stm32f10x_md.o(STACK) for __initial_sp
    entry2.o(__vectab_stack_and_reset_area) refers to entry.o(.ARM.Collect$$$$00000000) for __main
    entry5.o(.ARM.Collect$$$$00000004) refers to init.o(.text) for __scatterload
    entry9a.o(.ARM.Collect$$$$0000000B) refers to main.o(.text) for main
    entry9b.o(.ARM.Collect$$$$0000000C) refers to main.o(.text) for main
    uldiv.o(.text) refers to llushr.o(.text) for __aeabi_llsr
    uldiv.o(.text) refers to llshl.o(.text) for __aeabi_llsl
    dadd.o(.text) refers to llshl.o(.text) for __aeabi_llsl
    dadd.o(.text) refers to llsshr.o(.text) for __aeabi_lasr
    dadd.o(.text) refers to depilogue.o(.text) for _double_epilogue
    dmul.o(.text) refers to depilogue.o(.text) for _double_epilogue
    ddiv.o(.text) refers to depilogue.o(.text) for _double_round
    dfixul.o(.text) refers to llushr.o(.text) for __aeabi_llsr
    dfixul.o(.text) refers to llshl.o(.text) for __aeabi_llsl
    init.o(.text) refers to entry5.o(.ARM.Collect$$$$00000004) for __main_after_scatterload
    depilogue.o(.text) refers to llshl.o(.text) for __aeabi_llsl
    depilogue.o(.text) refers to llushr.o(.text) for __aeabi_llsr


==============================================================================

Removing Unused input sections from the image.

    Removing startup_stm32f10x_md.o(HEAP), (512 bytes).
    Removing core_cm3.o(.emb_text), (32 bytes).
    Removing stm32f10x_adc.o(.text), (1102 bytes).
    Removing stm32f10x_bkp.o(.text), (196 bytes).
    Removing stm32f10x_can.o(.text), (2536 bytes).
    Removing stm32f10x_cec.o(.text), (288 bytes).
    Removing stm32f10x_crc.o(.text), (72 bytes).
    Removing stm32f10x_dac.o(.text), (396 bytes).
    Removing stm32f10x_dbgmcu.o(.text), (48 bytes).
    Removing stm32f10x_dma.o(.text), (592 bytes).
    Removing stm32f10x_exti.o(.text), (284 bytes).
    Removing stm32f10x_flash.o(.text), (1468 bytes).
    Removing stm32f10x_fsmc.o(.text), (1560 bytes).
    Removing stm32f10x_i2c.o(.text), (1028 bytes).
    Removing stm32f10x_pwr.o(.text), (204 bytes).
    Removing stm32f10x_sdio.o(.text), (472 bytes).
    Removing stm32f10x_spi.o(.text), (780 bytes).
    Removing stm32f10x_wwdg.o(.text), (136 bytes).
    Removing dadd.o(.text), (334 bytes).
    Removing dmul.o(.text), (228 bytes).
    Removing ddiv.o(.text), (222 bytes).
    Removing dfixul.o(.text), (48 bytes).
    Removing cdrcmple.o(.text), (40 bytes).
    Removing depilogue.o(.text), (190 bytes).

24 unused section(s) (total 12768 bytes) removed from the image.

==============================================================================

Image Symbol Table

    Local Symbols

    Symbol Name                              Value     Ov Type        Size  Object(Section)

    ../clib/microlib/ctype/toupper.c         0x00000000   Number         0  toupper.o ABSOLUTE
    ../clib/microlib/division.c              0x00000000   Number         0  uidiv.o ABSOLUTE
    ../clib/microlib/division.c              0x00000000   Number         0  uldiv.o ABSOLUTE
    ../clib/microlib/init/entry.s            0x00000000   Number         0  entry10a.o ABSOLUTE
    ../clib/microlib/init/entry.s            0x00000000   Number         0  entry2.o ABSOLUTE
    ../clib/microlib/init/entry.s            0x00000000   Number         0  entry9b.o ABSOLUTE
    ../clib/microlib/init/entry.s            0x00000000   Number         0  entry5.o ABSOLUTE
    ../clib/microlib/init/entry.s            0x00000000   Number         0  entry11b.o ABSOLUTE
    ../clib/microlib/init/entry.s            0x00000000   Number         0  entry7b.o ABSOLUTE
    ../clib/microlib/init/entry.s            0x00000000   Number         0  entry.o ABSOLUTE
    ../clib/microlib/init/entry.s            0x00000000   Number         0  entry11a.o ABSOLUTE
    ../clib/microlib/init/entry.s            0x00000000   Number         0  entry8a.o ABSOLUTE
    ../clib/microlib/init/entry.s            0x00000000   Number         0  entry8b.o ABSOLUTE
    ../clib/microlib/init/entry.s            0x00000000   Number         0  entry10b.o ABSOLUTE
    ../clib/microlib/init/entry.s            0x00000000   Number         0  entry9a.o ABSOLUTE
    ../clib/microlib/init/entry.s            0x00000000   Number         0  entry7a.o ABSOLUTE
    ../clib/microlib/longlong.c              0x00000000   Number         0  llshl.o ABSOLUTE
    ../clib/microlib/longlong.c              0x00000000   Number         0  llushr.o ABSOLUTE
    ../clib/microlib/longlong.c              0x00000000   Number         0  llsshr.o ABSOLUTE
    ../clib/microlib/printf/printf.c         0x00000000   Number         0  printf6.o ABSOLUTE
    ../clib/microlib/printf/printf.c         0x00000000   Number         0  printf7.o ABSOLUTE
    ../clib/microlib/printf/printf.c         0x00000000   Number         0  printf8.o ABSOLUTE
    ../clib/microlib/printf/printf.c         0x00000000   Number         0  printfb.o ABSOLUTE
    ../clib/microlib/printf/printf.c         0x00000000   Number         0  printf0.o ABSOLUTE
    ../clib/microlib/printf/printf.c         0x00000000   Number         0  printf1.o ABSOLUTE
    ../clib/microlib/printf/printf.c         0x00000000   Number         0  printfa.o ABSOLUTE
    ../clib/microlib/printf/printf.c         0x00000000   Number         0  printf2.o ABSOLUTE
    ../clib/microlib/printf/printf.c         0x00000000   Number         0  printf3.o ABSOLUTE
    ../clib/microlib/printf/printf.c         0x00000000   Number         0  printf4.o ABSOLUTE
    ../clib/microlib/printf/printf.c         0x00000000   Number         0  printf5.o ABSOLUTE
    ../clib/microlib/printf/stubs.s          0x00000000   Number         0  stubs.o ABSOLUTE
    ../clib/microlib/stdio/streams.c         0x00000000   Number         0  stdout.o ABSOLUTE
    ../clib/microlib/string/memcpy.c         0x00000000   Number         0  memcpya.o ABSOLUTE
    ../clib/microlib/string/memcpy.c         0x00000000   Number         0  memcpyb.o ABSOLUTE
    ../clib/microlib/string/memset.c         0x00000000   Number         0  memseta.o ABSOLUTE
    ../clib/microlib/string/strlen.c         0x00000000   Number         0  strlen.o ABSOLUTE
    ../clib/microlib/stubs.s                 0x00000000   Number         0  iusefp.o ABSOLUTE
    ../fplib/microlib/fpadd.c                0x00000000   Number         0  fadd.o ABSOLUTE
    ../fplib/microlib/fpadd.c                0x00000000   Number         0  dadd.o ABSOLUTE
    ../fplib/microlib/fpdiv.c                0x00000000   Number         0  fdiv.o ABSOLUTE
    ../fplib/microlib/fpdiv.c                0x00000000   Number         0  ddiv.o ABSOLUTE
    ../fplib/microlib/fpepilogue.c           0x00000000   Number         0  depilogue.o ABSOLUTE
    ../fplib/microlib/fpepilogue.c           0x00000000   Number         0  fepilogue.o ABSOLUTE
    ../fplib/microlib/fpfix.c                0x00000000   Number         0  dfixul.o ABSOLUTE
    ../fplib/microlib/fpfix.c                0x00000000   Number         0  ffixui.o ABSOLUTE
    ../fplib/microlib/fpflt.c                0x00000000   Number         0  ffltui.o ABSOLUTE
    ../fplib/microlib/fpmul.c                0x00000000   Number         0  fmul.o ABSOLUTE
    ../fplib/microlib/fpmul.c                0x00000000   Number         0  dmul.o ABSOLUTE
    ..\Gizwits\gizwits_product.c             0x00000000   Number         0  gizwits_product.o ABSOLUTE
    ..\Gizwits\gizwits_protocol.c            0x00000000   Number         0  gizwits_protocol.o ABSOLUTE
    ..\Hal\Hal_Usart\hal_uart.c              0x00000000   Number         0  hal_uart.o ABSOLUTE
    ..\Hal\Hal_Watchdog\hal_watchdog.c       0x00000000   Number         0  hal_watchdog.o ABSOLUTE
    ..\Hal\Hal_key\hal_key.c                 0x00000000   Number         0  hal_key.o ABSOLUTE
    ..\Hal\Hal_led\hal_led.c                 0x00000000   Number         0  hal_led.o ABSOLUTE
    ..\Lib\CMSIS\CM3\CoreSupport\core_cm3.c  0x00000000   Number         0  core_cm3.o ABSOLUTE
    ..\Lib\CMSIS\CM3\DeviceSupport\ST\STM32F10x\startup\arm\startup_stm32f10x_md.s 0x00000000   Number         0  startup_stm32f10x_md.o ABSOLUTE
    ..\Lib\CMSIS\CM3\DeviceSupport\ST\STM32F10x\system_stm32f10x.c 0x00000000   Number         0  system_stm32f10x.o ABSOLUTE
    ..\Lib\STM32F10x_StdPeriph_Driver\src\misc.c 0x00000000   Number         0  misc.o ABSOLUTE
    ..\Lib\STM32F10x_StdPeriph_Driver\src\stm32f10x_adc.c 0x00000000   Number         0  stm32f10x_adc.o ABSOLUTE
    ..\Lib\STM32F10x_StdPeriph_Driver\src\stm32f10x_bkp.c 0x00000000   Number         0  stm32f10x_bkp.o ABSOLUTE
    ..\Lib\STM32F10x_StdPeriph_Driver\src\stm32f10x_can.c 0x00000000   Number         0  stm32f10x_can.o ABSOLUTE
    ..\Lib\STM32F10x_StdPeriph_Driver\src\stm32f10x_cec.c 0x00000000   Number         0  stm32f10x_cec.o ABSOLUTE
    ..\Lib\STM32F10x_StdPeriph_Driver\src\stm32f10x_crc.c 0x00000000   Number         0  stm32f10x_crc.o ABSOLUTE
    ..\Lib\STM32F10x_StdPeriph_Driver\src\stm32f10x_dac.c 0x00000000   Number         0  stm32f10x_dac.o ABSOLUTE
    ..\Lib\STM32F10x_StdPeriph_Driver\src\stm32f10x_dbgmcu.c 0x00000000   Number         0  stm32f10x_dbgmcu.o ABSOLUTE
    ..\Lib\STM32F10x_StdPeriph_Driver\src\stm32f10x_dma.c 0x00000000   Number         0  stm32f10x_dma.o ABSOLUTE
    ..\Lib\STM32F10x_StdPeriph_Driver\src\stm32f10x_exti.c 0x00000000   Number         0  stm32f10x_exti.o ABSOLUTE
    ..\Lib\STM32F10x_StdPeriph_Driver\src\stm32f10x_flash.c 0x00000000   Number         0  stm32f10x_flash.o ABSOLUTE
    ..\Lib\STM32F10x_StdPeriph_Driver\src\stm32f10x_fsmc.c 0x00000000   Number         0  stm32f10x_fsmc.o ABSOLUTE
    ..\Lib\STM32F10x_StdPeriph_Driver\src\stm32f10x_gpio.c 0x00000000   Number         0  stm32f10x_gpio.o ABSOLUTE
    ..\Lib\STM32F10x_StdPeriph_Driver\src\stm32f10x_i2c.c 0x00000000   Number         0  stm32f10x_i2c.o ABSOLUTE
    ..\Lib\STM32F10x_StdPeriph_Driver\src\stm32f10x_iwdg.c 0x00000000   Number         0  stm32f10x_iwdg.o ABSOLUTE
    ..\Lib\STM32F10x_StdPeriph_Driver\src\stm32f10x_pwr.c 0x00000000   Number         0  stm32f10x_pwr.o ABSOLUTE
    ..\Lib\STM32F10x_StdPeriph_Driver\src\stm32f10x_rcc.c 0x00000000   Number         0  stm32f10x_rcc.o ABSOLUTE
    ..\Lib\STM32F10x_StdPeriph_Driver\src\stm32f10x_rtc.c 0x00000000   Number         0  stm32f10x_rtc.o ABSOLUTE
    ..\Lib\STM32F10x_StdPeriph_Driver\src\stm32f10x_sdio.c 0x00000000   Number         0  stm32f10x_sdio.o ABSOLUTE
    ..\Lib\STM32F10x_StdPeriph_Driver\src\stm32f10x_spi.c 0x00000000   Number         0  stm32f10x_spi.o ABSOLUTE
    ..\Lib\STM32F10x_StdPeriph_Driver\src\stm32f10x_tim.c 0x00000000   Number         0  stm32f10x_tim.o ABSOLUTE
    ..\Lib\STM32F10x_StdPeriph_Driver\src\stm32f10x_usart.c 0x00000000   Number         0  stm32f10x_usart.o ABSOLUTE
    ..\Lib\STM32F10x_StdPeriph_Driver\src\stm32f10x_wwdg.c 0x00000000   Number         0  stm32f10x_wwdg.o ABSOLUTE
    ..\User\main.c                           0x00000000   Number         0  main.o ABSOLUTE
    ..\User\stm32f10x_it.c                   0x00000000   Number         0  stm32f10x_it.o ABSOLUTE
    ..\Utils\common.c                        0x00000000   Number         0  common.o ABSOLUTE
    ..\Utils\dataPointTools.c                0x00000000   Number         0  datapointtools.o ABSOLUTE
    ..\Utils\ringbuffer.c                    0x00000000   Number         0  ringbuffer.o ABSOLUTE
    ..\\Lib\\CMSIS\\CM3\\CoreSupport\\core_cm3.c 0x00000000   Number         0  core_cm3.o ABSOLUTE
    cdrcmple.s                               0x00000000   Number         0  cdrcmple.o ABSOLUTE
    dc.s                                     0x00000000   Number         0  dc.o ABSOLUTE
    handlers.s                               0x00000000   Number         0  handlers.o ABSOLUTE
    init.s                                   0x00000000   Number         0  init.o ABSOLUTE
    RESET                                    0x08000000   Section      236  startup_stm32f10x_md.o(RESET)
    .ARM.Collect$$$$00000000                 0x080000ec   Section        0  entry.o(.ARM.Collect$$$$00000000)
    .ARM.Collect$$$$00000001                 0x080000ec   Section        4  entry2.o(.ARM.Collect$$$$00000001)
    .ARM.Collect$$$$00000004                 0x080000f0   Section        4  entry5.o(.ARM.Collect$$$$00000004)
    .ARM.Collect$$$$00000008                 0x080000f4   Section        0  entry7b.o(.ARM.Collect$$$$00000008)
    .ARM.Collect$$$$0000000A                 0x080000f4   Section        0  entry8b.o(.ARM.Collect$$$$0000000A)
    .ARM.Collect$$$$0000000B                 0x080000f4   Section        8  entry9a.o(.ARM.Collect$$$$0000000B)
    .ARM.Collect$$$$0000000D                 0x080000fc   Section        0  entry10a.o(.ARM.Collect$$$$0000000D)
    .ARM.Collect$$$$0000000F                 0x080000fc   Section        0  entry11a.o(.ARM.Collect$$$$0000000F)
    .ARM.Collect$$$$00002712                 0x080000fc   Section        4  entry2.o(.ARM.Collect$$$$00002712)
    __lit__00000000                          0x080000fc   Data           4  entry2.o(.ARM.Collect$$$$00002712)
    .text                                    0x08000100   Section       36  startup_stm32f10x_md.o(.text)
    .text                                    0x08000124   Section        0  system_stm32f10x.o(.text)
    SetSysClockTo72                          0x08000125   Thumb Code   212  system_stm32f10x.o(.text)
    SetSysClock                              0x080001f9   Thumb Code     8  system_stm32f10x.o(.text)
    .text                                    0x08000300   Section        0  misc.o(.text)
    .text                                    0x080003dc   Section        0  stm32f10x_gpio.o(.text)
    .text                                    0x08000734   Section        0  stm32f10x_iwdg.o(.text)
    .text                                    0x08000774   Section        0  stm32f10x_rcc.o(.text)
    .text                                    0x08000b18   Section        0  stm32f10x_rtc.o(.text)
    .text                                    0x08000c5c   Section        0  stm32f10x_tim.o(.text)
    TI4_Config                               0x08001103   Thumb Code   130  stm32f10x_tim.o(.text)
    TI3_Config                               0x08001197   Thumb Code   122  stm32f10x_tim.o(.text)
    TI2_Config                               0x0800122b   Thumb Code   130  stm32f10x_tim.o(.text)
    TI1_Config                               0x080012bf   Thumb Code   108  stm32f10x_tim.o(.text)
    .text                                    0x08001a78   Section        0  stm32f10x_usart.o(.text)
    .text                                    0x08001e80   Section        0  main.o(.text)
    .text                                    0x0800215c   Section        0  stm32f10x_it.o(.text)
    .text                                    0x08002208   Section        0  hal_key.o(.text)
    .text                                    0x0800256c   Section        0  hal_uart.o(.text)
    .text                                    0x0800271c   Section        0  hal_watchdog.o(.text)
    .text                                    0x08002758   Section        0  hal_led.o(.text)
    .text                                    0x08002800   Section        0  gizwits_product.o(.text)
    .text                                    0x08002d14   Section        0  gizwits_protocol.o(.text)
    gizProtocolHeadInit                      0x08002d49   Thumb Code    34  gizwits_protocol.o(.text)
    gizProtocolWaitAck                       0x08002d6b   Thumb Code    70  gizwits_protocol.o(.text)
    gizDataPoint2Event                       0x08002db1   Thumb Code   266  gizwits_protocol.o(.text)
    gizCheckReport                           0x08002ebb   Thumb Code   364  gizwits_protocol.o(.text)
    gizDataPoints2ReportData                 0x08003027   Thumb Code  1026  gizwits_protocol.o(.text)
    gizProtocolIssuedProcess                 0x08003429   Thumb Code   228  gizwits_protocol.o(.text)
    gizProtocolIssuedDataAck                 0x0800350d   Thumb Code   226  gizwits_protocol.o(.text)
    gizReportData                            0x080035ef   Thumb Code   144  gizwits_protocol.o(.text)
    gizDevReportPolicy                       0x0800367f   Thumb Code   134  gizwits_protocol.o(.text)
    gizProtocolGetOnePacket                  0x08003705   Thumb Code   690  gizwits_protocol.o(.text)
    gizProtocolResendData                    0x080039b7   Thumb Code    64  gizwits_protocol.o(.text)
    gizProtocolWaitAckCheck                  0x080039f7   Thumb Code    48  gizwits_protocol.o(.text)
    gizProtocolCommonAck                     0x08003a27   Thumb Code    88  gizwits_protocol.o(.text)
    gizProtocolAckHandle                     0x08003a7f   Thumb Code    94  gizwits_protocol.o(.text)
    gizProtocolGetDeviceInfo                 0x08003add   Thumb Code   184  gizwits_protocol.o(.text)
    gizProtocolErrorCmd                      0x08003b95   Thumb Code    92  gizwits_protocol.o(.text)
    gizProtocolNTP                           0x08003bf1   Thumb Code   102  gizwits_protocol.o(.text)
    gizProtocolReboot                        0x08003c57   Thumb Code    28  gizwits_protocol.o(.text)
    gizProtocolModuleStatus                  0x08003c73   Thumb Code  1368  gizwits_protocol.o(.text)
    gizProtocolModuleInfoHandle              0x0800463b   Thumb Code    66  gizwits_protocol.o(.text)
    .text                                    0x08004ab8   Section        0  common.o(.text)
    isleap                                   0x08004c43   Thumb Code    52  common.o(.text)
    get_yeardays                             0x08004c77   Thumb Code    24  common.o(.text)
    .text                                    0x08004e48   Section        0  datapointtools.o(.text)
    .text                                    0x08005194   Section        0  ringbuffer.o(.text)
    .text                                    0x08005362   Section        0  toupper.o(.text)
    .text                                    0x0800536e   Section        0  memcpya.o(.text)
    .text                                    0x08005392   Section        0  memseta.o(.text)
    .text                                    0x080053b6   Section        0  strlen.o(.text)
    .text                                    0x080053c4   Section        0  fadd.o(.text)
    .text                                    0x08005474   Section        0  fmul.o(.text)
    .text                                    0x080054e0   Section        0  fdiv.o(.text)
    .text                                    0x08005560   Section        0  ffltui.o(.text)
    .text                                    0x0800556a   Section        0  ffixui.o(.text)
    .text                                    0x08005592   Section        0  uldiv.o(.text)
    .text                                    0x080055f4   Section        0  iusefp.o(.text)
    .text                                    0x080055f4   Section        0  fepilogue.o(.text)
    .text                                    0x08005660   Section       36  init.o(.text)
    .text                                    0x08005684   Section        0  llshl.o(.text)
    .text                                    0x080056a2   Section        0  llushr.o(.text)
    i.__0printf$8                            0x080056c4   Section        0  printf8.o(i.__0printf$8)
    i.__scatterload_copy                     0x080056e4   Section       14  handlers.o(i.__scatterload_copy)
    i.__scatterload_null                     0x080056f2   Section        2  handlers.o(i.__scatterload_null)
    i.__scatterload_zeroinit                 0x080056f4   Section       14  handlers.o(i.__scatterload_zeroinit)
    i._printf_core                           0x08005704   Section        0  printf8.o(i._printf_core)
    _printf_core                             0x08005705   Thumb Code   988  printf8.o(i._printf_core)
    i._printf_post_padding                   0x08005b0c   Section        0  printf8.o(i._printf_post_padding)
    _printf_post_padding                     0x08005b0d   Thumb Code    38  printf8.o(i._printf_post_padding)
    i._printf_pre_padding                    0x08005b32   Section        0  printf8.o(i._printf_pre_padding)
    _printf_pre_padding                      0x08005b33   Thumb Code    48  printf8.o(i._printf_pre_padding)
    .constdata                               0x08005b64   Section       48  common.o(.constdata)
    .data                                    0x20000000   Section       20  system_stm32f10x.o(.data)
    .data                                    0x20000014   Section       20  stm32f10x_rcc.o(.data)
    APBAHBPrescTable                         0x20000014   Data          16  stm32f10x_rcc.o(.data)
    ADCPrescTable                            0x20000024   Data           4  stm32f10x_rcc.o(.data)
    .data                                    0x20000028   Section        6  main.o(.data)
    i                                        0x20000028   Data           1  main.o(.data)
    .data                                    0x2000002e   Section       10  hal_key.o(.data)
    keyTotolNum                              0x2000002e   Data           1  hal_key.o(.data)
    keyCheck                                 0x2000002f   Data           1  hal_key.o(.data)
    keyState                                 0x20000030   Data           1  hal_key.o(.data)
    keyLongCheck                             0x20000032   Data           2  hal_key.o(.data)
    keyPrev                                  0x20000034   Data           2  hal_key.o(.data)
    key_total                                0x20000036   Data           1  hal_key.o(.data)
    .data                                    0x20000038   Section        4  gizwits_product.o(.data)
    timerMsCount                             0x20000038   Data           4  gizwits_product.o(.data)
    .data                                    0x2000003c   Section       16  gizwits_protocol.o(.data)
    lastReportTime                           0x2000003c   Data           4  gizwits_protocol.o(.data)
    lastRepTime                              0x20000040   Data           4  gizwits_protocol.o(.data)
    protocolFlag                             0x20000044   Data           1  gizwits_protocol.o(.data)
    protocolCount                            0x20000046   Data           2  gizwits_protocol.o(.data)
    lastData                                 0x20000048   Data           1  gizwits_protocol.o(.data)
    debugCount                               0x20000049   Data           1  gizwits_protocol.o(.data)
    lastStatus                               0x2000004a   Data           2  gizwits_protocol.o(.data)
    .data                                    0x2000004c   Section        4  stdout.o(.data)
    .bss                                     0x20000050   Section       84  main.o(.bss)
    .bss                                     0x200000a4   Section       36  gizwits_product.o(.bss)
    .bss                                     0x200000c8   Section      448  gizwits_protocol.o(.bss)
    rbBuf                                    0x2000024a   Data          62  gizwits_protocol.o(.bss)
    STACK                                    0x20000288   Section     4096  startup_stm32f10x_md.o(STACK)

    Global Symbols

    Symbol Name                              Value     Ov Type        Size  Object(Section)

    BuildAttributes$$THM_ISAv4$P$D$K$B$S$PE$A:L22UL41UL21$X:L11$S22US41US21$IEEE1$IW$USESV6$~STKCKD$USESV7$~SHL$OTIME$ROPI$EBA8$MICROLIB$REQ8$PRES8$EABIv2 0x00000000   Number         0  anon$$obj.o ABSOLUTE
    __ARM_use_no_argv                        0x00000000   Number         0  main.o ABSOLUTE
    _printf_a                                0x00000000   Number         0  stubs.o ABSOLUTE
    _printf_c                                0x00000000   Number         0  stubs.o ABSOLUTE
    _printf_charcount                        0x00000000   Number         0  stubs.o ABSOLUTE
    _printf_d                                0x00000000   Number         0  stubs.o ABSOLUTE
    _printf_e                                0x00000000   Number         0  stubs.o ABSOLUTE
    _printf_f                                0x00000000   Number         0  stubs.o ABSOLUTE
    _printf_flags                            0x00000000   Number         0  stubs.o ABSOLUTE
    _printf_fp_dec                           0x00000000   Number         0  stubs.o ABSOLUTE
    _printf_fp_hex                           0x00000000   Number         0  stubs.o ABSOLUTE
    _printf_g                                0x00000000   Number         0  stubs.o ABSOLUTE
    _printf_i                                0x00000000   Number         0  stubs.o ABSOLUTE
    _printf_int_dec                          0x00000000   Number         0  stubs.o ABSOLUTE
    _printf_l                                0x00000000   Number         0  stubs.o ABSOLUTE
    _printf_lc                               0x00000000   Number         0  stubs.o ABSOLUTE
    _printf_ll                               0x00000000   Number         0  stubs.o ABSOLUTE
    _printf_lld                              0x00000000   Number         0  stubs.o ABSOLUTE
    _printf_lli                              0x00000000   Number         0  stubs.o ABSOLUTE
    _printf_llo                              0x00000000   Number         0  stubs.o ABSOLUTE
    _printf_llu                              0x00000000   Number         0  stubs.o ABSOLUTE
    _printf_llx                              0x00000000   Number         0  stubs.o ABSOLUTE
    _printf_longlong_dec                     0x00000000   Number         0  stubs.o ABSOLUTE
    _printf_longlong_hex                     0x00000000   Number         0  stubs.o ABSOLUTE
    _printf_longlong_oct                     0x00000000   Number         0  stubs.o ABSOLUTE
    _printf_ls                               0x00000000   Number         0  stubs.o ABSOLUTE
    _printf_mbtowc                           0x00000000   Number         0  stubs.o ABSOLUTE
    _printf_n                                0x00000000   Number         0  stubs.o ABSOLUTE
    _printf_o                                0x00000000   Number         0  stubs.o ABSOLUTE
    _printf_p                                0x00000000   Number         0  stubs.o ABSOLUTE
    _printf_percent                          0x00000000   Number         0  stubs.o ABSOLUTE
    _printf_pre_padding                      0x00000000   Number         0  stubs.o ABSOLUTE
    _printf_return_value                     0x00000000   Number         0  stubs.o ABSOLUTE
    _printf_s                                0x00000000   Number         0  stubs.o ABSOLUTE
    _printf_sizespec                         0x00000000   Number         0  stubs.o ABSOLUTE
    _printf_str                              0x00000000   Number         0  stubs.o ABSOLUTE
    _printf_truncate_signed                  0x00000000   Number         0  stubs.o ABSOLUTE
    _printf_truncate_unsigned                0x00000000   Number         0  stubs.o ABSOLUTE
    _printf_u                                0x00000000   Number         0  stubs.o ABSOLUTE
    _printf_wc                               0x00000000   Number         0  stubs.o ABSOLUTE
    _printf_wctomb                           0x00000000   Number         0  stubs.o ABSOLUTE
    _printf_widthprec                        0x00000000   Number         0  stubs.o ABSOLUTE
    _printf_x                                0x00000000   Number         0  stubs.o ABSOLUTE
    __cpp_initialize__aeabi_                  - Undefined Weak Reference
    __cxa_finalize                            - Undefined Weak Reference
    __decompress                              - Undefined Weak Reference
    _clock_init                               - Undefined Weak Reference
    _microlib_exit                            - Undefined Weak Reference
    __Vectors_Size                           0x000000ec   Number         0  startup_stm32f10x_md.o ABSOLUTE
    __Vectors                                0x08000000   Data           4  startup_stm32f10x_md.o(RESET)
    __Vectors_End                            0x080000ec   Data           0  startup_stm32f10x_md.o(RESET)
    __main                                   0x080000ed   Thumb Code     0  entry.o(.ARM.Collect$$$$00000000)
    _main_stk                                0x080000ed   Thumb Code     0  entry2.o(.ARM.Collect$$$$00000001)
    _main_scatterload                        0x080000f1   Thumb Code     0  entry5.o(.ARM.Collect$$$$00000004)
    __main_after_scatterload                 0x080000f5   Thumb Code     0  entry5.o(.ARM.Collect$$$$00000004)
    _main_clock                              0x080000f5   Thumb Code     0  entry7b.o(.ARM.Collect$$$$00000008)
    _main_cpp_init                           0x080000f5   Thumb Code     0  entry8b.o(.ARM.Collect$$$$0000000A)
    _main_init                               0x080000f5   Thumb Code     0  entry9a.o(.ARM.Collect$$$$0000000B)
    __rt_final_cpp                           0x080000fd   Thumb Code     0  entry10a.o(.ARM.Collect$$$$0000000D)
    __rt_final_exit                          0x080000fd   Thumb Code     0  entry11a.o(.ARM.Collect$$$$0000000F)
    Reset_Handler                            0x08000101   Thumb Code     8  startup_stm32f10x_md.o(.text)
    ADC1_2_IRQHandler                        0x0800011b   Thumb Code     0  startup_stm32f10x_md.o(.text)
    CAN1_RX1_IRQHandler                      0x0800011b   Thumb Code     0  startup_stm32f10x_md.o(.text)
    CAN1_SCE_IRQHandler                      0x0800011b   Thumb Code     0  startup_stm32f10x_md.o(.text)
    DMA1_Channel1_IRQHandler                 0x0800011b   Thumb Code     0  startup_stm32f10x_md.o(.text)
    DMA1_Channel2_IRQHandler                 0x0800011b   Thumb Code     0  startup_stm32f10x_md.o(.text)
    DMA1_Channel3_IRQHandler                 0x0800011b   Thumb Code     0  startup_stm32f10x_md.o(.text)
    DMA1_Channel4_IRQHandler                 0x0800011b   Thumb Code     0  startup_stm32f10x_md.o(.text)
    DMA1_Channel5_IRQHandler                 0x0800011b   Thumb Code     0  startup_stm32f10x_md.o(.text)
    DMA1_Channel6_IRQHandler                 0x0800011b   Thumb Code     0  startup_stm32f10x_md.o(.text)
    DMA1_Channel7_IRQHandler                 0x0800011b   Thumb Code     0  startup_stm32f10x_md.o(.text)
    EXTI0_IRQHandler                         0x0800011b   Thumb Code     0  startup_stm32f10x_md.o(.text)
    EXTI15_10_IRQHandler                     0x0800011b   Thumb Code     0  startup_stm32f10x_md.o(.text)
    EXTI1_IRQHandler                         0x0800011b   Thumb Code     0  startup_stm32f10x_md.o(.text)
    EXTI2_IRQHandler                         0x0800011b   Thumb Code     0  startup_stm32f10x_md.o(.text)
    EXTI3_IRQHandler                         0x0800011b   Thumb Code     0  startup_stm32f10x_md.o(.text)
    EXTI4_IRQHandler                         0x0800011b   Thumb Code     0  startup_stm32f10x_md.o(.text)
    EXTI9_5_IRQHandler                       0x0800011b   Thumb Code     0  startup_stm32f10x_md.o(.text)
    FLASH_IRQHandler                         0x0800011b   Thumb Code     0  startup_stm32f10x_md.o(.text)
    I2C1_ER_IRQHandler                       0x0800011b   Thumb Code     0  startup_stm32f10x_md.o(.text)
    I2C1_EV_IRQHandler                       0x0800011b   Thumb Code     0  startup_stm32f10x_md.o(.text)
    I2C2_ER_IRQHandler                       0x0800011b   Thumb Code     0  startup_stm32f10x_md.o(.text)
    I2C2_EV_IRQHandler                       0x0800011b   Thumb Code     0  startup_stm32f10x_md.o(.text)
    PVD_IRQHandler                           0x0800011b   Thumb Code     0  startup_stm32f10x_md.o(.text)
    RCC_IRQHandler                           0x0800011b   Thumb Code     0  startup_stm32f10x_md.o(.text)
    RTCAlarm_IRQHandler                      0x0800011b   Thumb Code     0  startup_stm32f10x_md.o(.text)
    SPI1_IRQHandler                          0x0800011b   Thumb Code     0  startup_stm32f10x_md.o(.text)
    SPI2_IRQHandler                          0x0800011b   Thumb Code     0  startup_stm32f10x_md.o(.text)
    TAMPER_IRQHandler                        0x0800011b   Thumb Code     0  startup_stm32f10x_md.o(.text)
    TIM1_BRK_IRQHandler                      0x0800011b   Thumb Code     0  startup_stm32f10x_md.o(.text)
    TIM1_CC_IRQHandler                       0x0800011b   Thumb Code     0  startup_stm32f10x_md.o(.text)
    TIM1_TRG_COM_IRQHandler                  0x0800011b   Thumb Code     0  startup_stm32f10x_md.o(.text)
    TIM1_UP_IRQHandler                       0x0800011b   Thumb Code     0  startup_stm32f10x_md.o(.text)
    TIM4_IRQHandler                          0x0800011b   Thumb Code     0  startup_stm32f10x_md.o(.text)
    USBWakeUp_IRQHandler                     0x0800011b   Thumb Code     0  startup_stm32f10x_md.o(.text)
    USB_HP_CAN1_TX_IRQHandler                0x0800011b   Thumb Code     0  startup_stm32f10x_md.o(.text)
    USB_LP_CAN1_RX0_IRQHandler               0x0800011b   Thumb Code     0  startup_stm32f10x_md.o(.text)
    WWDG_IRQHandler                          0x0800011b   Thumb Code     0  startup_stm32f10x_md.o(.text)
    SystemInit                               0x08000201   Thumb Code    78  system_stm32f10x.o(.text)
    SystemCoreClockUpdate                    0x0800024f   Thumb Code   142  system_stm32f10x.o(.text)
    NVIC_PriorityGroupConfig                 0x08000301   Thumb Code    10  misc.o(.text)
    NVIC_Init                                0x0800030b   Thumb Code   102  misc.o(.text)
    NVIC_SetVectorTable                      0x08000371   Thumb Code    14  misc.o(.text)
    NVIC_SystemLPConfig                      0x0800037f   Thumb Code    34  misc.o(.text)
    SysTick_CLKSourceConfig                  0x080003a1   Thumb Code    40  misc.o(.text)
    GPIO_DeInit                              0x080003dd   Thumb Code   172  stm32f10x_gpio.o(.text)
    GPIO_AFIODeInit                          0x08000489   Thumb Code    20  stm32f10x_gpio.o(.text)
    GPIO_Init                                0x0800049d   Thumb Code   274  stm32f10x_gpio.o(.text)
    GPIO_StructInit                          0x080005af   Thumb Code    16  stm32f10x_gpio.o(.text)
    GPIO_ReadInputDataBit                    0x080005bf   Thumb Code    18  stm32f10x_gpio.o(.text)
    GPIO_ReadInputData                       0x080005d1   Thumb Code     8  stm32f10x_gpio.o(.text)
    GPIO_ReadOutputDataBit                   0x080005d9   Thumb Code    18  stm32f10x_gpio.o(.text)
    GPIO_ReadOutputData                      0x080005eb   Thumb Code     8  stm32f10x_gpio.o(.text)
    GPIO_SetBits                             0x080005f3   Thumb Code     4  stm32f10x_gpio.o(.text)
    GPIO_ResetBits                           0x080005f7   Thumb Code     4  stm32f10x_gpio.o(.text)
    GPIO_WriteBit                            0x080005fb   Thumb Code    10  stm32f10x_gpio.o(.text)
    GPIO_Write                               0x08000605   Thumb Code     4  stm32f10x_gpio.o(.text)
    GPIO_PinLockConfig                       0x08000609   Thumb Code    18  stm32f10x_gpio.o(.text)
    GPIO_EventOutputConfig                   0x0800061b   Thumb Code    26  stm32f10x_gpio.o(.text)
    GPIO_EventOutputCmd                      0x08000635   Thumb Code     6  stm32f10x_gpio.o(.text)
    GPIO_PinRemapConfig                      0x0800063b   Thumb Code   138  stm32f10x_gpio.o(.text)
    GPIO_EXTILineConfig                      0x080006c5   Thumb Code    66  stm32f10x_gpio.o(.text)
    GPIO_ETH_MediaInterfaceConfig            0x08000707   Thumb Code     6  stm32f10x_gpio.o(.text)
    IWDG_WriteAccessCmd                      0x08000735   Thumb Code     6  stm32f10x_iwdg.o(.text)
    IWDG_SetPrescaler                        0x0800073b   Thumb Code     6  stm32f10x_iwdg.o(.text)
    IWDG_SetReload                           0x08000741   Thumb Code     6  stm32f10x_iwdg.o(.text)
    IWDG_ReloadCounter                       0x08000747   Thumb Code    10  stm32f10x_iwdg.o(.text)
    IWDG_Enable                              0x08000751   Thumb Code    10  stm32f10x_iwdg.o(.text)
    IWDG_GetFlagStatus                       0x0800075b   Thumb Code    20  stm32f10x_iwdg.o(.text)
    RCC_DeInit                               0x08000775   Thumb Code    64  stm32f10x_rcc.o(.text)
    RCC_HSEConfig                            0x080007b5   Thumb Code    70  stm32f10x_rcc.o(.text)
    RCC_GetFlagStatus                        0x080007fb   Thumb Code    56  stm32f10x_rcc.o(.text)
    RCC_WaitForHSEStartUp                    0x08000833   Thumb Code    56  stm32f10x_rcc.o(.text)
    RCC_AdjustHSICalibrationValue            0x0800086b   Thumb Code    20  stm32f10x_rcc.o(.text)
    RCC_HSICmd                               0x0800087f   Thumb Code     6  stm32f10x_rcc.o(.text)
    RCC_PLLConfig                            0x08000885   Thumb Code    24  stm32f10x_rcc.o(.text)
    RCC_PLLCmd                               0x0800089d   Thumb Code     6  stm32f10x_rcc.o(.text)
    RCC_SYSCLKConfig                         0x080008a3   Thumb Code    18  stm32f10x_rcc.o(.text)
    RCC_GetSYSCLKSource                      0x080008b5   Thumb Code    10  stm32f10x_rcc.o(.text)
    RCC_HCLKConfig                           0x080008bf   Thumb Code    18  stm32f10x_rcc.o(.text)
    RCC_PCLK1Config                          0x080008d1   Thumb Code    18  stm32f10x_rcc.o(.text)
    RCC_PCLK2Config                          0x080008e3   Thumb Code    20  stm32f10x_rcc.o(.text)
    RCC_ITConfig                             0x080008f7   Thumb Code    26  stm32f10x_rcc.o(.text)
    RCC_USBCLKConfig                         0x08000911   Thumb Code     6  stm32f10x_rcc.o(.text)
    RCC_ADCCLKConfig                         0x08000917   Thumb Code    18  stm32f10x_rcc.o(.text)
    RCC_LSEConfig                            0x08000929   Thumb Code    44  stm32f10x_rcc.o(.text)
    RCC_LSICmd                               0x08000955   Thumb Code     6  stm32f10x_rcc.o(.text)
    RCC_RTCCLKConfig                         0x0800095b   Thumb Code    12  stm32f10x_rcc.o(.text)
    RCC_RTCCLKCmd                            0x08000967   Thumb Code     8  stm32f10x_rcc.o(.text)
    RCC_GetClocksFreq                        0x0800096f   Thumb Code   192  stm32f10x_rcc.o(.text)
    RCC_AHBPeriphClockCmd                    0x08000a2f   Thumb Code    26  stm32f10x_rcc.o(.text)
    RCC_APB2PeriphClockCmd                   0x08000a49   Thumb Code    26  stm32f10x_rcc.o(.text)
    RCC_APB1PeriphClockCmd                   0x08000a63   Thumb Code    26  stm32f10x_rcc.o(.text)
    RCC_APB2PeriphResetCmd                   0x08000a7d   Thumb Code    26  stm32f10x_rcc.o(.text)
    RCC_APB1PeriphResetCmd                   0x08000a97   Thumb Code    26  stm32f10x_rcc.o(.text)
    RCC_BackupResetCmd                       0x08000ab1   Thumb Code     8  stm32f10x_rcc.o(.text)
    RCC_ClockSecuritySystemCmd               0x08000ab9   Thumb Code     6  stm32f10x_rcc.o(.text)
    RCC_MCOConfig                            0x08000abf   Thumb Code     6  stm32f10x_rcc.o(.text)
    RCC_ClearFlag                            0x08000ac5   Thumb Code    14  stm32f10x_rcc.o(.text)
    RCC_GetITStatus                          0x08000ad3   Thumb Code    20  stm32f10x_rcc.o(.text)
    RCC_ClearITPendingBit                    0x08000ae7   Thumb Code     6  stm32f10x_rcc.o(.text)
    RTC_ITConfig                             0x08000b19   Thumb Code    26  stm32f10x_rtc.o(.text)
    RTC_EnterConfigMode                      0x08000b33   Thumb Code    18  stm32f10x_rtc.o(.text)
    RTC_ExitConfigMode                       0x08000b45   Thumb Code    20  stm32f10x_rtc.o(.text)
    RTC_GetCounter                           0x08000b59   Thumb Code    18  stm32f10x_rtc.o(.text)
    RTC_SetCounter                           0x08000b6b   Thumb Code    26  stm32f10x_rtc.o(.text)
    RTC_SetPrescaler                         0x08000b85   Thumb Code    28  stm32f10x_rtc.o(.text)
    RTC_SetAlarm                             0x08000ba1   Thumb Code    26  stm32f10x_rtc.o(.text)
    RTC_GetDivider                           0x08000bbb   Thumb Code    22  stm32f10x_rtc.o(.text)
    RTC_WaitForLastTask                      0x08000bd1   Thumb Code    16  stm32f10x_rtc.o(.text)
    RTC_WaitForSynchro                       0x08000be1   Thumb Code    34  stm32f10x_rtc.o(.text)
    RTC_GetFlagStatus                        0x08000c03   Thumb Code    22  stm32f10x_rtc.o(.text)
    RTC_ClearFlag                            0x08000c19   Thumb Code    16  stm32f10x_rtc.o(.text)
    RTC_GetITStatus                          0x08000c29   Thumb Code    32  stm32f10x_rtc.o(.text)
    RTC_ClearITPendingBit                    0x08000c49   Thumb Code    16  stm32f10x_rtc.o(.text)
    TIM_DeInit                               0x08000c5d   Thumb Code   424  stm32f10x_tim.o(.text)
    TIM_TimeBaseInit                         0x08000e05   Thumb Code   122  stm32f10x_tim.o(.text)
    TIM_OC1Init                              0x08000e7f   Thumb Code   132  stm32f10x_tim.o(.text)
    TIM_OC2Init                              0x08000f03   Thumb Code   154  stm32f10x_tim.o(.text)
    TIM_OC3Init                              0x08000f9d   Thumb Code   150  stm32f10x_tim.o(.text)
    TIM_OC4Init                              0x08001033   Thumb Code   182  stm32f10x_tim.o(.text)
    TIM_SetIC4Prescaler                      0x080010e9   Thumb Code    26  stm32f10x_tim.o(.text)
    TIM_SetIC3Prescaler                      0x08001185   Thumb Code    18  stm32f10x_tim.o(.text)
    TIM_SetIC2Prescaler                      0x08001211   Thumb Code    26  stm32f10x_tim.o(.text)
    TIM_SetIC1Prescaler                      0x080012ad   Thumb Code    18  stm32f10x_tim.o(.text)
    TIM_ICInit                               0x0800132b   Thumb Code   150  stm32f10x_tim.o(.text)
    TIM_PWMIConfig                           0x080013c1   Thumb Code   124  stm32f10x_tim.o(.text)
    TIM_BDTRConfig                           0x0800143d   Thumb Code    32  stm32f10x_tim.o(.text)
    TIM_TimeBaseStructInit                   0x0800145d   Thumb Code    18  stm32f10x_tim.o(.text)
    TIM_OCStructInit                         0x0800146f   Thumb Code    20  stm32f10x_tim.o(.text)
    TIM_ICStructInit                         0x08001483   Thumb Code    18  stm32f10x_tim.o(.text)
    TIM_BDTRStructInit                       0x08001495   Thumb Code    40  stm32f10x_tim.o(.text)
    TIM_Cmd                                  0x080014bd   Thumb Code    24  stm32f10x_tim.o(.text)
    TIM_CtrlPWMOutputs                       0x080014d5   Thumb Code    30  stm32f10x_tim.o(.text)
    TIM_ITConfig                             0x080014f3   Thumb Code    18  stm32f10x_tim.o(.text)
    TIM_GenerateEvent                        0x08001505   Thumb Code     4  stm32f10x_tim.o(.text)
    TIM_DMAConfig                            0x08001509   Thumb Code    10  stm32f10x_tim.o(.text)
    TIM_DMACmd                               0x08001513   Thumb Code    18  stm32f10x_tim.o(.text)
    TIM_InternalClockConfig                  0x08001525   Thumb Code    12  stm32f10x_tim.o(.text)
    TIM_SelectInputTrigger                   0x08001531   Thumb Code    18  stm32f10x_tim.o(.text)
    TIM_ITRxExternalClockConfig              0x08001543   Thumb Code    24  stm32f10x_tim.o(.text)
    TIM_TIxExternalClockConfig               0x0800155b   Thumb Code    62  stm32f10x_tim.o(.text)
    TIM_ETRConfig                            0x08001599   Thumb Code    28  stm32f10x_tim.o(.text)
    TIM_ETRClockMode1Config                  0x080015b5   Thumb Code    54  stm32f10x_tim.o(.text)
    TIM_ETRClockMode2Config                  0x080015eb   Thumb Code    32  stm32f10x_tim.o(.text)
    TIM_PrescalerConfig                      0x0800160b   Thumb Code     6  stm32f10x_tim.o(.text)
    TIM_CounterModeConfig                    0x08001611   Thumb Code    18  stm32f10x_tim.o(.text)
    TIM_EncoderInterfaceConfig               0x08001623   Thumb Code    66  stm32f10x_tim.o(.text)
    TIM_ForcedOC1Config                      0x08001665   Thumb Code    18  stm32f10x_tim.o(.text)
    TIM_ForcedOC2Config                      0x08001677   Thumb Code    26  stm32f10x_tim.o(.text)
    TIM_ForcedOC3Config                      0x08001691   Thumb Code    18  stm32f10x_tim.o(.text)
    TIM_ForcedOC4Config                      0x080016a3   Thumb Code    26  stm32f10x_tim.o(.text)
    TIM_ARRPreloadConfig                     0x080016bd   Thumb Code    24  stm32f10x_tim.o(.text)
    TIM_SelectCOM                            0x080016d5   Thumb Code    24  stm32f10x_tim.o(.text)
    TIM_SelectCCDMA                          0x080016ed   Thumb Code    24  stm32f10x_tim.o(.text)
    TIM_CCPreloadControl                     0x08001705   Thumb Code    24  stm32f10x_tim.o(.text)
    TIM_OC1PreloadConfig                     0x0800171d   Thumb Code    18  stm32f10x_tim.o(.text)
    TIM_OC2PreloadConfig                     0x0800172f   Thumb Code    26  stm32f10x_tim.o(.text)
    TIM_OC3PreloadConfig                     0x08001749   Thumb Code    18  stm32f10x_tim.o(.text)
    TIM_OC4PreloadConfig                     0x0800175b   Thumb Code    26  stm32f10x_tim.o(.text)
    TIM_OC1FastConfig                        0x08001775   Thumb Code    18  stm32f10x_tim.o(.text)
    TIM_OC2FastConfig                        0x08001787   Thumb Code    26  stm32f10x_tim.o(.text)
    TIM_OC3FastConfig                        0x080017a1   Thumb Code    18  stm32f10x_tim.o(.text)
    TIM_OC4FastConfig                        0x080017b3   Thumb Code    26  stm32f10x_tim.o(.text)
    TIM_ClearOC1Ref                          0x080017cd   Thumb Code    18  stm32f10x_tim.o(.text)
    TIM_ClearOC2Ref                          0x080017df   Thumb Code    24  stm32f10x_tim.o(.text)
    TIM_ClearOC3Ref                          0x080017f7   Thumb Code    18  stm32f10x_tim.o(.text)
    TIM_ClearOC4Ref                          0x08001809   Thumb Code    24  stm32f10x_tim.o(.text)
    TIM_OC1PolarityConfig                    0x08001821   Thumb Code    18  stm32f10x_tim.o(.text)
    TIM_OC1NPolarityConfig                   0x08001833   Thumb Code    18  stm32f10x_tim.o(.text)
    TIM_OC2PolarityConfig                    0x08001845   Thumb Code    26  stm32f10x_tim.o(.text)
    TIM_OC2NPolarityConfig                   0x0800185f   Thumb Code    26  stm32f10x_tim.o(.text)
    TIM_OC3PolarityConfig                    0x08001879   Thumb Code    26  stm32f10x_tim.o(.text)
    TIM_OC3NPolarityConfig                   0x08001893   Thumb Code    26  stm32f10x_tim.o(.text)
    TIM_OC4PolarityConfig                    0x080018ad   Thumb Code    26  stm32f10x_tim.o(.text)
    TIM_CCxCmd                               0x080018c7   Thumb Code    30  stm32f10x_tim.o(.text)
    TIM_CCxNCmd                              0x080018e5   Thumb Code    30  stm32f10x_tim.o(.text)
    TIM_SelectOCxM                           0x08001903   Thumb Code    82  stm32f10x_tim.o(.text)
    TIM_UpdateDisableConfig                  0x08001955   Thumb Code    24  stm32f10x_tim.o(.text)
    TIM_UpdateRequestConfig                  0x0800196d   Thumb Code    24  stm32f10x_tim.o(.text)
    TIM_SelectHallSensor                     0x08001985   Thumb Code    24  stm32f10x_tim.o(.text)
    TIM_SelectOnePulseMode                   0x0800199d   Thumb Code    18  stm32f10x_tim.o(.text)
    TIM_SelectOutputTrigger                  0x080019af   Thumb Code    18  stm32f10x_tim.o(.text)
    TIM_SelectSlaveMode                      0x080019c1   Thumb Code    18  stm32f10x_tim.o(.text)
    TIM_SelectMasterSlaveMode                0x080019d3   Thumb Code    18  stm32f10x_tim.o(.text)
    TIM_SetCounter                           0x080019e5   Thumb Code     4  stm32f10x_tim.o(.text)
    TIM_SetAutoreload                        0x080019e9   Thumb Code     4  stm32f10x_tim.o(.text)
    TIM_SetCompare1                          0x080019ed   Thumb Code     4  stm32f10x_tim.o(.text)
    TIM_SetCompare2                          0x080019f1   Thumb Code     4  stm32f10x_tim.o(.text)
    TIM_SetCompare3                          0x080019f5   Thumb Code     4  stm32f10x_tim.o(.text)
    TIM_SetCompare4                          0x080019f9   Thumb Code     6  stm32f10x_tim.o(.text)
    TIM_SetClockDivision                     0x080019ff   Thumb Code    18  stm32f10x_tim.o(.text)
    TIM_GetCapture1                          0x08001a11   Thumb Code     6  stm32f10x_tim.o(.text)
    TIM_GetCapture2                          0x08001a17   Thumb Code     6  stm32f10x_tim.o(.text)
    TIM_GetCapture3                          0x08001a1d   Thumb Code     6  stm32f10x_tim.o(.text)
    TIM_GetCapture4                          0x08001a23   Thumb Code     8  stm32f10x_tim.o(.text)
    TIM_GetCounter                           0x08001a2b   Thumb Code     6  stm32f10x_tim.o(.text)
    TIM_GetPrescaler                         0x08001a31   Thumb Code     6  stm32f10x_tim.o(.text)
    TIM_GetFlagStatus                        0x08001a37   Thumb Code    18  stm32f10x_tim.o(.text)
    TIM_ClearFlag                            0x08001a49   Thumb Code     6  stm32f10x_tim.o(.text)
    TIM_GetITStatus                          0x08001a4f   Thumb Code    34  stm32f10x_tim.o(.text)
    TIM_ClearITPendingBit                    0x08001a71   Thumb Code     6  stm32f10x_tim.o(.text)
    USART_DeInit                             0x08001a79   Thumb Code   134  stm32f10x_usart.o(.text)
    USART_Init                               0x08001aff   Thumb Code   210  stm32f10x_usart.o(.text)
    USART_StructInit                         0x08001bd1   Thumb Code    24  stm32f10x_usart.o(.text)
    USART_ClockInit                          0x08001be9   Thumb Code    34  stm32f10x_usart.o(.text)
    USART_ClockStructInit                    0x08001c0b   Thumb Code    12  stm32f10x_usart.o(.text)
    USART_Cmd                                0x08001c17   Thumb Code    24  stm32f10x_usart.o(.text)
    USART_ITConfig                           0x08001c2f   Thumb Code    74  stm32f10x_usart.o(.text)
    USART_DMACmd                             0x08001c79   Thumb Code    18  stm32f10x_usart.o(.text)
    USART_SetAddress                         0x08001c8b   Thumb Code    18  stm32f10x_usart.o(.text)
    USART_WakeUpConfig                       0x08001c9d   Thumb Code    18  stm32f10x_usart.o(.text)
    USART_ReceiverWakeUpCmd                  0x08001caf   Thumb Code    24  stm32f10x_usart.o(.text)
    USART_LINBreakDetectLengthConfig         0x08001cc7   Thumb Code    18  stm32f10x_usart.o(.text)
    USART_LINCmd                             0x08001cd9   Thumb Code    24  stm32f10x_usart.o(.text)
    USART_SendData                           0x08001cf1   Thumb Code     8  stm32f10x_usart.o(.text)
    USART_ReceiveData                        0x08001cf9   Thumb Code    10  stm32f10x_usart.o(.text)
    USART_SendBreak                          0x08001d03   Thumb Code    10  stm32f10x_usart.o(.text)
    USART_SetGuardTime                       0x08001d0d   Thumb Code    16  stm32f10x_usart.o(.text)
    USART_SetPrescaler                       0x08001d1d   Thumb Code    16  stm32f10x_usart.o(.text)
    USART_SmartCardCmd                       0x08001d2d   Thumb Code    24  stm32f10x_usart.o(.text)
    USART_SmartCardNACKCmd                   0x08001d45   Thumb Code    24  stm32f10x_usart.o(.text)
    USART_HalfDuplexCmd                      0x08001d5d   Thumb Code    24  stm32f10x_usart.o(.text)
    USART_OverSampling8Cmd                   0x08001d75   Thumb Code    22  stm32f10x_usart.o(.text)
    USART_OneBitMethodCmd                    0x08001d8b   Thumb Code    24  stm32f10x_usart.o(.text)
    USART_IrDAConfig                         0x08001da3   Thumb Code    18  stm32f10x_usart.o(.text)
    USART_IrDACmd                            0x08001db5   Thumb Code    24  stm32f10x_usart.o(.text)
    USART_GetFlagStatus                      0x08001dcd   Thumb Code    26  stm32f10x_usart.o(.text)
    USART_ClearFlag                          0x08001de7   Thumb Code    18  stm32f10x_usart.o(.text)
    USART_GetITStatus                        0x08001df9   Thumb Code    84  stm32f10x_usart.o(.text)
    USART_ClearITPendingBit                  0x08001e4d   Thumb Code    52  stm32f10x_usart.o(.text)
    key1ShortPress                           0x08001e81   Thumb Code    16  main.o(.text)
    key1LongPress                            0x08001e91   Thumb Code    16  main.o(.text)
    key2ShortPress                           0x08001ea1   Thumb Code    22  main.o(.text)
    key2LongPress                            0x08001eb7   Thumb Code    22  main.o(.text)
    key3ShortPress                           0x08001ecd   Thumb Code    70  main.o(.text)
    key3LongPress                            0x08001f13   Thumb Code    30  main.o(.text)
    key4ShortPress                           0x08001f31   Thumb Code    30  main.o(.text)
    key4LongPress                            0x08001f4f   Thumb Code    30  main.o(.text)
    keyInit                                  0x08001f6d   Thumb Code   132  main.o(.text)
    main                                     0x08001ff1   Thumb Code    62  main.o(.text)
    NMI_Handler                              0x0800215d   Thumb Code     2  stm32f10x_it.o(.text)
    HardFault_Handler                        0x0800215f   Thumb Code     4  stm32f10x_it.o(.text)
    MemManage_Handler                        0x08002163   Thumb Code     4  stm32f10x_it.o(.text)
    BusFault_Handler                         0x08002167   Thumb Code     4  stm32f10x_it.o(.text)
    UsageFault_Handler                       0x0800216b   Thumb Code     4  stm32f10x_it.o(.text)
    SVC_Handler                              0x0800216f   Thumb Code     2  stm32f10x_it.o(.text)
    DebugMon_Handler                         0x08002171   Thumb Code     2  stm32f10x_it.o(.text)
    PendSV_Handler                           0x08002173   Thumb Code     2  stm32f10x_it.o(.text)
    SysTick_Handler                          0x08002175   Thumb Code    10  stm32f10x_it.o(.text)
    USART1_IRQHandler                        0x0800217f   Thumb Code    56  stm32f10x_it.o(.text)
    USART3_IRQHandler                        0x080021b7   Thumb Code    56  stm32f10x_it.o(.text)
    RTC_IRQHandler                           0x080021ef   Thumb Code    18  stm32f10x_it.o(.text)
    getKey                                   0x08002209   Thumb Code    94  hal_key.o(.text)
    readKeyValue                             0x08002267   Thumb Code   222  hal_key.o(.text)
    keyHandle                                0x08002345   Thumb Code   188  hal_key.o(.text)
    TIM2_IRQHandler                          0x08002401   Thumb Code    28  hal_key.o(.text)
    timer2Init                               0x0800241d   Thumb Code    92  hal_key.o(.text)
    keyInitOne                               0x08002479   Thumb Code    82  hal_key.o(.text)
    keyParaInit                              0x080024cb   Thumb Code   130  hal_key.o(.text)
    uartGpioInit                             0x0800256d   Thumb Code   148  hal_uart.o(.text)
    uartConfig                               0x08002601   Thumb Code   136  hal_uart.o(.text)
    nvicConfiguration                        0x08002689   Thumb Code    60  hal_uart.o(.text)
    uart1SendData                            0x080026c5   Thumb Code    28  hal_uart.o(.text)
    uartxInit                                0x080026e1   Thumb Code    16  hal_uart.o(.text)
    fputc                                    0x080026f1   Thumb Code    32  hal_uart.o(.text)
    watchdogInit                             0x0800271d   Thumb Code    44  hal_watchdog.o(.text)
    watchdogFeed                             0x08002749   Thumb Code    10  hal_watchdog.o(.text)
    ledGpioInit                              0x08002759   Thumb Code    88  hal_led.o(.text)
    ledon                                    0x080027b1   Thumb Code    18  hal_led.o(.text)
    ledoff                                   0x080027c3   Thumb Code    18  hal_led.o(.text)
    ledDelay                                 0x080027d5   Thumb Code    24  hal_led.o(.text)
    gizwitsEventProcess                      0x08002801   Thumb Code   460  gizwits_product.o(.text)
    userHandle                               0x080029cd   Thumb Code     2  gizwits_product.o(.text)
    userInit                                 0x080029cf   Thumb Code    12  gizwits_product.o(.text)
    gizTimerMs                               0x080029db   Thumb Code    12  gizwits_product.o(.text)
    gizGetTimerCount                         0x080029e7   Thumb Code     6  gizwits_product.o(.text)
    mcuRestart                               0x080029ed   Thumb Code    38  gizwits_product.o(.text)
    TIM3_IRQHandler                          0x08002a13   Thumb Code    26  gizwits_product.o(.text)
    timerInit                                0x08002a2d   Thumb Code    92  gizwits_product.o(.text)
    USART2_IRQHandler                        0x08002a89   Thumb Code    48  gizwits_product.o(.text)
    uartWrite                                0x08002ab9   Thumb Code    82  gizwits_product.o(.text)
    uartInit                                 0x08002b0b   Thumb Code   172  gizwits_product.o(.text)
    gizPutData                               0x08002d15   Thumb Code    52  gizwits_protocol.o(.text)
    gizwitsInit                              0x080041cb   Thumb Code    46  gizwits_protocol.o(.text)
    gizwitsSetMode                           0x080041f9   Thumb Code   896  gizwits_protocol.o(.text)
    gizwitsGetNTP                            0x08004579   Thumb Code    94  gizwits_protocol.o(.text)
    gizwitsGetModuleInfo                     0x080045d7   Thumb Code   100  gizwits_protocol.o(.text)
    gizwitsHandle                            0x0800467d   Thumb Code   546  gizwits_protocol.o(.text)
    gizwitsPassthroughData                   0x0800489f   Thumb Code   532  gizwits_protocol.o(.text)
    gizProtocolSum                           0x08004ab9   Thumb Code    38  common.o(.text)
    exchangeBytes                            0x08004adf   Thumb Code    22  common.o(.text)
    exchangeWord                             0x08004af5   Thumb Code    26  common.o(.text)
    char2hex                                 0x08004b0f   Thumb Code   106  common.o(.text)
    checkStringIsNotZero                     0x08004b79   Thumb Code    46  common.o(.text)
    returnWeekDay                            0x08004ba7   Thumb Code   156  common.o(.text)
    returnNtp2Wt                             0x08004c8f   Thumb Code   274  common.o(.text)
    str2Hex                                  0x08004da1   Thumb Code    80  common.o(.text)
    hex2Str                                  0x08004df1   Thumb Code    80  common.o(.text)
    gizByteOrderExchange                     0x08004e49   Thumb Code    50  datapointtools.o(.text)
    gizY2X                                   0x08004e7b   Thumb Code    14  datapointtools.o(.text)
    gizX2Y                                   0x08004e89   Thumb Code    12  datapointtools.o(.text)
    gizY2XFloat                              0x08004e95   Thumb Code    42  datapointtools.o(.text)
    gizX2YFloat                              0x08004ebf   Thumb Code    42  datapointtools.o(.text)
    gizAcrossByteJudge                       0x08004ee9   Thumb Code    42  datapointtools.o(.text)
    gizVarlenCompressValue                   0x08004f13   Thumb Code   124  datapointtools.o(.text)
    gizVarlenDecompressionValue              0x08004f8f   Thumb Code   196  datapointtools.o(.text)
    gizStandardDecompressionValue            0x08005053   Thumb Code   194  datapointtools.o(.text)
    gizStandardCompressValue                 0x08005115   Thumb Code   128  datapointtools.o(.text)
    rbCreate                                 0x08005195   Thumb Code    22  ringbuffer.o(.text)
    rbDelete                                 0x080051ab   Thumb Code    24  ringbuffer.o(.text)
    rbCapacity                               0x080051c3   Thumb Code    14  ringbuffer.o(.text)
    rbCanRead                                0x080051d1   Thumb Code    56  ringbuffer.o(.text)
    rbCanWrite                               0x08005209   Thumb Code    30  ringbuffer.o(.text)
    rbRead                                   0x08005227   Thumb Code   162  ringbuffer.o(.text)
    rbWrite                                  0x080052c9   Thumb Code   154  ringbuffer.o(.text)
    toupper                                  0x08005363   Thumb Code    12  toupper.o(.text)
    __aeabi_memcpy                           0x0800536f   Thumb Code    36  memcpya.o(.text)
    __aeabi_memcpy4                          0x0800536f   Thumb Code     0  memcpya.o(.text)
    __aeabi_memcpy8                          0x0800536f   Thumb Code     0  memcpya.o(.text)
    __aeabi_memset                           0x08005393   Thumb Code    14  memseta.o(.text)
    __aeabi_memset4                          0x08005393   Thumb Code     0  memseta.o(.text)
    __aeabi_memset8                          0x08005393   Thumb Code     0  memseta.o(.text)
    __aeabi_memclr                           0x080053a1   Thumb Code     4  memseta.o(.text)
    __aeabi_memclr4                          0x080053a1   Thumb Code     0  memseta.o(.text)
    __aeabi_memclr8                          0x080053a1   Thumb Code     0  memseta.o(.text)
    _memset$wrapper                          0x080053a5   Thumb Code    18  memseta.o(.text)
    strlen                                   0x080053b7   Thumb Code    14  strlen.o(.text)
    __aeabi_fadd                             0x080053c5   Thumb Code   164  fadd.o(.text)
    __aeabi_fsub                             0x08005469   Thumb Code     6  fadd.o(.text)
    __aeabi_frsub                            0x0800546f   Thumb Code     6  fadd.o(.text)
    __aeabi_fmul                             0x08005475   Thumb Code   108  fmul.o(.text)
    __aeabi_fdiv                             0x080054e1   Thumb Code   128  fdiv.o(.text)
    __aeabi_ui2f                             0x08005561   Thumb Code    10  ffltui.o(.text)
    __aeabi_f2uiz                            0x0800556b   Thumb Code    40  ffixui.o(.text)
    __aeabi_uldivmod                         0x08005593   Thumb Code    98  uldiv.o(.text)
    __I$use$fp                               0x080055f5   Thumb Code     0  iusefp.o(.text)
    _float_round                             0x080055f5   Thumb Code    18  fepilogue.o(.text)
    _float_epilogue                          0x08005607   Thumb Code    90  fepilogue.o(.text)
    __scatterload                            0x08005661   Thumb Code    28  init.o(.text)
    __scatterload_rt2                        0x08005661   Thumb Code     0  init.o(.text)
    __aeabi_llsl                             0x08005685   Thumb Code    30  llshl.o(.text)
    _ll_shift_l                              0x08005685   Thumb Code     0  llshl.o(.text)
    __aeabi_llsr                             0x080056a3   Thumb Code    32  llushr.o(.text)
    _ll_ushift_r                             0x080056a3   Thumb Code     0  llushr.o(.text)
    __0printf$8                              0x080056c5   Thumb Code    22  printf8.o(i.__0printf$8)
    __1printf$8                              0x080056c5   Thumb Code     0  printf8.o(i.__0printf$8)
    __2printf                                0x080056c5   Thumb Code     0  printf8.o(i.__0printf$8)
    __scatterload_copy                       0x080056e5   Thumb Code    14  handlers.o(i.__scatterload_copy)
    __scatterload_null                       0x080056f3   Thumb Code     2  handlers.o(i.__scatterload_null)
    __scatterload_zeroinit                   0x080056f5   Thumb Code    14  handlers.o(i.__scatterload_zeroinit)
    Region$$Table$$Base                      0x08005b94   Number         0  anon$$obj.o(Region$$Table)
    Region$$Table$$Limit                     0x08005bb4   Number         0  anon$$obj.o(Region$$Table)
    SystemCoreClock                          0x20000000   Data           4  system_stm32f10x.o(.data)
    AHBPrescTable                            0x20000004   Data          16  system_stm32f10x.o(.data)
    keys                                     0x20000029   Data           5  main.o(.data)
    keyCountTime                             0x20000037   Data           1  hal_key.o(.data)
    __stdout                                 0x2000004c   Data           4  stdout.o(.data)
    singleKey                                0x20000050   Data          84  main.o(.bss)
    currentDataPoint                         0x200000a4   Data          36  gizwits_product.o(.bss)
    gizwitsProtocol                          0x200000c8   Data         370  gizwits_protocol.o(.bss)
    pRb                                      0x2000023a   Data          16  gizwits_protocol.o(.bss)
    __initial_sp                             0x20001288   Data           0  startup_stm32f10x_md.o(STACK)



==============================================================================

Memory Map of the image

  Image Entry point : 0x08000101

  Load Region LR_1 (Base: 0x08000000, Size: 0x00005c04, Max: 0xffffffff, ABSOLUTE)

    Execution Region ER_RO (Base: 0x08000000, Size: 0x00005bb4, Max: 0xffffffff, ABSOLUTE)

    Base Addr    Size         Type   Attr      Idx    E Section Name        Object

    0x08000000   0x000000ec   Data   RO            3    RESET               startup_stm32f10x_md.o
    0x080000ec   0x00000000   Code   RO          728  * .ARM.Collect$$$$00000000  mc_w.l(entry.o)
    0x080000ec   0x00000004   Code   RO         1012    .ARM.Collect$$$$00000001  mc_w.l(entry2.o)
    0x080000f0   0x00000004   Code   RO         1015    .ARM.Collect$$$$00000004  mc_w.l(entry5.o)
    0x080000f4   0x00000000   Code   RO         1017    .ARM.Collect$$$$00000008  mc_w.l(entry7b.o)
    0x080000f4   0x00000000   Code   RO         1019    .ARM.Collect$$$$0000000A  mc_w.l(entry8b.o)
    0x080000f4   0x00000008   Code   RO         1020    .ARM.Collect$$$$0000000B  mc_w.l(entry9a.o)
    0x080000fc   0x00000000   Code   RO         1022    .ARM.Collect$$$$0000000D  mc_w.l(entry10a.o)
    0x080000fc   0x00000000   Code   RO         1024    .ARM.Collect$$$$0000000F  mc_w.l(entry11a.o)
    0x080000fc   0x00000004   Code   RO         1013    .ARM.Collect$$$$00002712  mc_w.l(entry2.o)
    0x08000100   0x00000024   Code   RO            4  * .text               startup_stm32f10x_md.o
    0x08000124   0x000001dc   Code   RO           24    .text               system_stm32f10x.o
    0x08000300   0x000000dc   Code   RO          121    .text               misc.o
    0x080003dc   0x00000358   Code   RO          269    .text               stm32f10x_gpio.o
    0x08000734   0x00000040   Code   RO          293    .text               stm32f10x_iwdg.o
    0x08000774   0x000003a4   Code   RO          317    .text               stm32f10x_rcc.o
    0x08000b18   0x00000144   Code   RO          331    .text               stm32f10x_rtc.o
    0x08000c5c   0x00000e1a   Code   RO          367    .text               stm32f10x_tim.o
    0x08001a76   0x00000002   PAD
    0x08001a78   0x00000408   Code   RO          379    .text               stm32f10x_usart.o
    0x08001e80   0x000002dc   Code   RO          403    .text               main.o
    0x0800215c   0x000000ac   Code   RO          543    .text               stm32f10x_it.o
    0x08002208   0x00000364   Code   RO          558    .text               hal_key.o
    0x0800256c   0x000001b0   Code   RO          585    .text               hal_uart.o
    0x0800271c   0x0000003c   Code   RO          600    .text               hal_watchdog.o
    0x08002758   0x000000a8   Code   RO          615    .text               hal_led.o
    0x08002800   0x00000514   Code   RO          630    .text               gizwits_product.o
    0x08002d14   0x00001da4   Code   RO          659    .text               gizwits_protocol.o
    0x08004ab8   0x00000390   Code   RO          691    .text               common.o
    0x08004e48   0x0000034c   Code   RO          704    .text               datapointtools.o
    0x08005194   0x000001ce   Code   RO          716    .text               ringbuffer.o
    0x08005362   0x0000000c   Code   RO          731    .text               mc_w.l(toupper.o)
    0x0800536e   0x00000024   Code   RO          733    .text               mc_w.l(memcpya.o)
    0x08005392   0x00000024   Code   RO          735    .text               mc_w.l(memseta.o)
    0x080053b6   0x0000000e   Code   RO          737    .text               mc_w.l(strlen.o)
    0x080053c4   0x000000b0   Code   RO         1002    .text               mf_w.l(fadd.o)
    0x08005474   0x0000006c   Code   RO         1004    .text               mf_w.l(fmul.o)
    0x080054e0   0x00000080   Code   RO         1006    .text               mf_w.l(fdiv.o)
    0x08005560   0x0000000a   Code   RO         1008    .text               mf_w.l(ffltui.o)
    0x0800556a   0x00000028   Code   RO         1010    .text               mf_w.l(ffixui.o)
    0x08005592   0x00000062   Code   RO         1029    .text               mc_w.l(uldiv.o)
    0x080055f4   0x00000000   Code   RO         1031    .text               mc_w.l(iusefp.o)
    0x080055f4   0x0000006c   Code   RO         1032    .text               mf_w.l(fepilogue.o)
    0x08005660   0x00000024   Code   RO         1044    .text               mc_w.l(init.o)
    0x08005684   0x0000001e   Code   RO         1046    .text               mc_w.l(llshl.o)
    0x080056a2   0x00000020   Code   RO         1048    .text               mc_w.l(llushr.o)
    0x080056c2   0x00000002   PAD
    0x080056c4   0x00000020   Code   RO          948    i.__0printf$8       mc_w.l(printf8.o)
    0x080056e4   0x0000000e   Code   RO         1056    i.__scatterload_copy  mc_w.l(handlers.o)
    0x080056f2   0x00000002   Code   RO         1057    i.__scatterload_null  mc_w.l(handlers.o)
    0x080056f4   0x0000000e   Code   RO         1058    i.__scatterload_zeroinit  mc_w.l(handlers.o)
    0x08005702   0x00000002   PAD
    0x08005704   0x00000408   Code   RO          955    i._printf_core      mc_w.l(printf8.o)
    0x08005b0c   0x00000026   Code   RO          956    i._printf_post_padding  mc_w.l(printf8.o)
    0x08005b32   0x00000030   Code   RO          957    i._printf_pre_padding  mc_w.l(printf8.o)
    0x08005b62   0x00000002   PAD
    0x08005b64   0x00000030   Data   RO          692    .constdata          common.o
    0x08005b94   0x00000020   Data   RO         1054    Region$$Table       anon$$obj.o


    Execution Region ER_RW (Base: 0x20000000, Size: 0x00000050, Max: 0xffffffff, ABSOLUTE)

    Base Addr    Size         Type   Attr      Idx    E Section Name        Object

    0x20000000   0x00000014   Data   RW           25    .data               system_stm32f10x.o
    0x20000014   0x00000014   Data   RW          318    .data               stm32f10x_rcc.o
    0x20000028   0x00000006   Data   RW          405    .data               main.o
    0x2000002e   0x0000000a   Data   RW          559    .data               hal_key.o
    0x20000038   0x00000004   Data   RW          632    .data               gizwits_product.o
    0x2000003c   0x00000010   Data   RW          661    .data               gizwits_protocol.o
    0x2000004c   0x00000004   Data   RW         1026    .data               mc_w.l(stdout.o)


    Execution Region ER_ZI (Base: 0x20000050, Size: 0x00001238, Max: 0xffffffff, ABSOLUTE)

    Base Addr    Size         Type   Attr      Idx    E Section Name        Object

    0x20000050   0x00000054   Zero   RW          404    .bss                main.o
    0x200000a4   0x00000024   Zero   RW          631    .bss                gizwits_product.o
    0x200000c8   0x000001c0   Zero   RW          660    .bss                gizwits_protocol.o
    0x20000288   0x00001000   Zero   RW            1    STACK               startup_stm32f10x_md.o


==============================================================================

Image component sizes


      Code (inc. data)   RO Data    RW Data    ZI Data      Debug   Object Name

       912          8         48          0          0       4017   common.o
         0          0          0          0          0       4212   core_cm3.o
       844          0          0          0          0       5002   datapointtools.o
      1300        374          0          4         36      18914   gizwits_product.o
      7588       2318          0         16        448      21198   gizwits_protocol.o
       868         32          0         10          0       5320   hal_key.o
       168         20          0          0          0       1036   hal_led.o
       432         12          0          0          0       1462   hal_uart.o
        60          6          0          0          0        696   hal_watchdog.o
       732        302          0          6         84     251136   main.o
       220         20          0          0          0       1845   misc.o
       462          0          0          0          0       2467   ringbuffer.o
        36          8        236          0       4096        868   startup_stm32f10x_md.o
       856         40          0          0          0       5685   stm32f10x_gpio.o
       172          8          0          0          0       1717   stm32f10x_it.o
        64          6          0          0          0       1281   stm32f10x_iwdg.o
       932         44          0         20          0       8856   stm32f10x_rcc.o
       324          4          0          0          0       2682   stm32f10x_rtc.o
      3610         88          0          0          0      22176   stm32f10x_tim.o
      1032         22          0          0          0       8416   stm32f10x_usart.o
       476         36          0         20          0     250567   system_stm32f10x.o

    ----------------------------------------------------------------------
     21090       3348        316         76       4664     619553   Object Totals
         0          0         32          0          0          0   (incl. Generated)
         2          0          0          0          0          0   (incl. Padding)

    ----------------------------------------------------------------------

      Code (inc. data)   RO Data    RW Data    ZI Data      Debug   Library Member Name

         0          0          0          0          0          0   entry.o
         0          0          0          0          0          0   entry10a.o
         0          0          0          0          0          0   entry11a.o
         8          4          0          0          0          0   entry2.o
         4          0          0          0          0          0   entry5.o
         0          0          0          0          0          0   entry7b.o
         0          0          0          0          0          0   entry8b.o
         8          4          0          0          0          0   entry9a.o
        30          0          0          0          0          0   handlers.o
        36          8          0          0          0         68   init.o
         0          0          0          0          0          0   iusefp.o
        30          0          0          0          0         68   llshl.o
        32          0          0          0          0         68   llushr.o
        36          0          0          0          0         68   memcpya.o
        36          0          0          0          0        108   memseta.o
      1150         54          0          0          0        352   printf8.o
         0          0          0          4          0          0   stdout.o
        14          0          0          0          0         68   strlen.o
        12          0          0          0          0         68   toupper.o
        98          0          0          0          0         92   uldiv.o
       176          0          0          0          0        140   fadd.o
       128          0          0          0          0         88   fdiv.o
       108          0          0          0          0        168   fepilogue.o
        40          0          0          0          0         68   ffixui.o
        10          0          0          0          0         68   ffltui.o
       108          0          0          0          0         76   fmul.o

    ----------------------------------------------------------------------
      2070         70          0          4          0       1568   Library Totals
         6          0          0          0          0          0   (incl. Padding)

    ----------------------------------------------------------------------

      Code (inc. data)   RO Data    RW Data    ZI Data      Debug   Library Name

      1494         70          0          4          0        960   mc_w.l
       570          0          0          0          0        608   mf_w.l

    ----------------------------------------------------------------------
      2070         70          0          4          0       1568   Library Totals

    ----------------------------------------------------------------------

==============================================================================


      Code (inc. data)   RO Data    RW Data    ZI Data      Debug   

     23160       3418        316         80       4664     618313   Grand Totals
     23160       3418        316         80       4664     618313   ELF Image Totals
     23160       3418        316         80          0          0   ROM Totals

==============================================================================

    Total RO  Size (Code + RO Data)                23476 (  22.93kB)
    Total RW  Size (RW Data + ZI Data)              4744 (   4.63kB)
    Total ROM Size (Code + RO Data + RW Data)      23556 (  23.00kB)

==============================================================================

