<html>
<body>
<pre>
<h1>礦ision Build Log</h1>
<h2>Project:</h2>
E:\STM32开发板资料\机智云\home-assistant\Project\mcu_stm32f103c8x.uvproj
Project File Date:  11/21/2017

<h2>Output:</h2>
Build target 'mcu_stm32f103c8x'
compiling main.c...
compiling stm32f10x_it.c...
compiling common.c...
compiling dataPointTools.c...
compiling ringbuffer.c...
linking...
Program Size: Code=24870 RO-data=326 RW-data=80 ZI-data=4728  
FromELF: creating hex file...
".\Obj\mcu_stm32f103c8x.axf" - 0 Errors, 0 Warning(s).
Build target 'mcu_stm32f103c8x'
compiling core_cm3.c...
compiling system_stm32f10x.c...
compiling misc.c...
compiling stm32f10x_adc.c...
compiling stm32f10x_bkp.c...
compiling stm32f10x_can.c...
compiling stm32f10x_cec.c...
compiling stm32f10x_crc.c...
compiling stm32f10x_dac.c...
compiling stm32f10x_dbgmcu.c...
compiling stm32f10x_dma.c...
compiling stm32f10x_exti.c...
compiling stm32f10x_flash.c...
compiling stm32f10x_fsmc.c...
compiling stm32f10x_gpio.c...
compiling stm32f10x_i2c.c...
compiling stm32f10x_iwdg.c...
compiling stm32f10x_pwr.c...
compiling stm32f10x_rcc.c...
compiling stm32f10x_rtc.c...
compiling stm32f10x_sdio.c...
compiling stm32f10x_spi.c...
compiling stm32f10x_tim.c...
compiling stm32f10x_usart.c...
compiling stm32f10x_wwdg.c...
compiling main.c...
compiling stm32f10x_it.c...
compiling hal_key.c...
compiling hal_uart.c...
compiling hal_watchdog.c...
compiling hal_led.c...
compiling Hal_relay.c...
compiling Hal_nrf24l01.c...
compiling gizwits_product.c...
compiling gizwits_protocol.c...
compiling common.c...
compiling dataPointTools.c...
compiling ringbuffer.c...
linking...
Program Size: Code=24870 RO-data=326 RW-data=80 ZI-data=4728  
FromELF: creating hex file...
".\Obj\mcu_stm32f103c8x.axf" - 0 Errors, 0 Warning(s).
Load "E:\\STM32开发板资料\\机智云\\home-assistant\\Project\\Obj\\mcu_stm32f103c8x.axf" 
Set JLink Project File to "E:\STM32开发板资料\机智云\home-assistant\Project\JLinkSettings.ini"
* JLink Info: Device "STM32F103C8" selected.
 
JLink info:
------------
DLL: V5.12f, compiled May 17 2016 16:03:35
Firmware: J-Link ARM V8 compiled Nov 28 2014 13:44:46
Hardware: V8.00
S/N : 17935099 
Feature(s) : RDI,FlashDL,FlashBP,JFlash 
 
* JLink Info: STM32 (connect): Can not attach to CPU. Trying connect under reset.
***JLink Error: STM32: Connecting to CPU via connect under reset failed.
* JLink Info: STM32 (connect): Can not attach to CPU. Trying connect under reset.
***JLink Error: STM32: Connecting to CPU via connect under reset failed.
Build target 'mcu_stm32f103c8x'
linking...
Program Size: Code=24870 RO-data=326 RW-data=80 ZI-data=4728  
FromELF: creating hex file...
".\Obj\mcu_stm32f103c8x.axf" - 0 Errors, 0 Warning(s).
Load "E:\\STM32开发板资料\\机智云\\home-assistant\\Project\\Obj\\mcu_stm32f103c8x.axf" 
Set JLink Project File to "E:\STM32开发板资料\机智云\home-assistant\Project\JLinkSettings.ini"
* JLink Info: Device "STM32F103C8" selected.
 
JLink info:
------------
DLL: V5.12f, compiled May 17 2016 16:03:35
Firmware: J-Link ARM V8 compiled Nov 28 2014 13:44:46
Hardware: V8.00
S/N : 17935099 
Feature(s) : RDI,FlashDL,FlashBP,JFlash 
 
* JLink Info: Found SWD-DP with ID 0x1BA01477
* JLink Info: Found SWD-DP with ID 0x1BA01477
* JLink Info: Found Cortex-M3 r1p1, Little endian.
* JLink Info: FPUnit: 6 code (BP) slots and 2 literal slots
* JLink Info: CoreSight components:
* JLink Info: ROMTbl 0 @ E00FF000
* JLink Info: ROMTbl 0 [0]: FFF0F000, CID: B105E00D, PID: 001BB000 SCS
* JLink Info: ROMTbl 0 [1]: FFF02000, CID: B105E00D, PID: 001BB002 DWT
* JLink Info: ROMTbl 0 [2]: FFF03000, CID: B105E00D, PID: 000BB003 FPB
* JLink Info: ROMTbl 0 [3]: FFF01000, CID: B105E00D, PID: 001BB001 ITM
* JLink Info: ROMTbl 0 [4]: FFF41000, CID: B105900D, PID: 001BB923 TPIU-Lite
ROMTableAddr = 0xE00FF003
 
Target info:
------------
Device: STM32F103C8
VTarget = 3.345V
State of Pins: 
TCK: 0, TDI: 0, TDO: 0, TMS: 1, TRES: 1, TRST: 1
Hardware-Breakpoints: 6
Software-Breakpoints: 8192
Watchpoints:          4
JTAG speed: 2000 kHz
 
Full Chip Erase Done.
Programming Done.
Verify OK.
Application running ...
Build target 'mcu_stm32f103c8x'
linking...
Program Size: Code=24870 RO-data=326 RW-data=80 ZI-data=4728  
FromELF: creating hex file...
".\Obj\mcu_stm32f103c8x.axf" - 0 Errors, 0 Warning(s).
Load "E:\\STM32开发板资料\\机智云\\home-assistant\\Project\\Obj\\mcu_stm32f103c8x.axf" 
Load "E:\\STM32开发板资料\\机智云\\home-assistant\\Project\\Obj\\mcu_stm32f103c8x.axf" 
Set JLink Project File to "E:\STM32开发板资料\机智云\home-assistant\Project\JLinkSettings.ini"
* JLink Info: Device "STM32F103C8" selected.
 
JLink info:
------------
DLL: V5.12f, compiled May 17 2016 16:03:35
Firmware: J-Link ARM V8 compiled Nov 28 2014 13:44:46
Hardware: V8.00
S/N : 17935099 
Feature(s) : RDI,FlashDL,FlashBP,JFlash 
 
* JLink Info: Found SWD-DP with ID 0x1BA01477
* JLink Info: Found SWD-DP with ID 0x1BA01477
* JLink Info: Found Cortex-M3 r1p1, Little endian.
* JLink Info: FPUnit: 6 code (BP) slots and 2 literal slots
* JLink Info: CoreSight components:
* JLink Info: ROMTbl 0 @ E00FF000
* JLink Info: ROMTbl 0 [0]: FFF0F000, CID: B105E00D, PID: 001BB000 SCS
* JLink Info: ROMTbl 0 [1]: FFF02000, CID: B105E00D, PID: 001BB002 DWT
* JLink Info: ROMTbl 0 [2]: FFF03000, CID: B105E00D, PID: 000BB003 FPB
* JLink Info: ROMTbl 0 [3]: FFF01000, CID: B105E00D, PID: 001BB001 ITM
* JLink Info: ROMTbl 0 [4]: FFF41000, CID: B105900D, PID: 001BB923 TPIU-Lite
ROMTableAddr = 0xE00FF003
 
Target info:
------------
Device: STM32F103C8
VTarget = 3.274V
State of Pins: 
TCK: 0, TDI: 0, TDO: 0, TMS: 1, TRES: 1, TRST: 1
Hardware-Breakpoints: 6
Software-Breakpoints: 8192
Watchpoints:          4
JTAG speed: 2000 kHz
 
Full Chip Erase Done.
Programming Done.
Verify OK.
Application running ...
Build target 'mcu_stm32f103c8x'
compiling main.c...
linking...
Program Size: Code=24870 RO-data=326 RW-data=80 ZI-data=4728  
FromELF: creating hex file...
".\Obj\mcu_stm32f103c8x.axf" - 0 Errors, 0 Warning(s).
Build target 'mcu_stm32f103c8x'
compiling gizwits_product.c...
linking...
Program Size: Code=24870 RO-data=326 RW-data=80 ZI-data=4728  
FromELF: creating hex file...
".\Obj\mcu_stm32f103c8x.axf" - 0 Errors, 0 Warning(s).
Build target 'mcu_stm32f103c8x'
linking...
Program Size: Code=24870 RO-data=326 RW-data=80 ZI-data=4728  
FromELF: creating hex file...
".\Obj\mcu_stm32f103c8x.axf" - 0 Errors, 0 Warning(s).
Load "E:\\STM32开发板资料\\机智云\\home-assistant\\Project\\Obj\\mcu_stm32f103c8x.axf" 
Set JLink Project File to "E:\STM32开发板资料\机智云\home-assistant\Project\JLinkSettings.ini"
* JLink Info: Device "STM32F103C8" selected.
 
JLink info:
------------
DLL: V5.12f, compiled May 17 2016 16:03:35
Firmware: J-Link ARM V8 compiled Nov 28 2014 13:44:46
Hardware: V8.00
S/N : 17935099 
Feature(s) : RDI,FlashDL,FlashBP,JFlash 
 
* JLink Info: Found SWD-DP with ID 0x1BA01477
* JLink Info: Found SWD-DP with ID 0x1BA01477
* JLink Info: Found Cortex-M3 r1p1, Little endian.
* JLink Info: FPUnit: 6 code (BP) slots and 2 literal slots
* JLink Info: CoreSight components:
* JLink Info: ROMTbl 0 @ E00FF000
* JLink Info: ROMTbl 0 [0]: FFF0F000, CID: B105E00D, PID: 001BB000 SCS
* JLink Info: ROMTbl 0 [1]: FFF02000, CID: B105E00D, PID: 001BB002 DWT
* JLink Info: ROMTbl 0 [2]: FFF03000, CID: B105E00D, PID: 000BB003 FPB
* JLink Info: ROMTbl 0 [3]: FFF01000, CID: B105E00D, PID: 001BB001 ITM
* JLink Info: ROMTbl 0 [4]: FFF41000, CID: B105900D, PID: 001BB923 TPIU-Lite
ROMTableAddr = 0xE00FF003
 
Target info:
------------
Device: STM32F103C8
VTarget = 3.332V
State of Pins: 
TCK: 0, TDI: 0, TDO: 0, TMS: 1, TRES: 1, TRST: 1
Hardware-Breakpoints: 6
Software-Breakpoints: 8192
Watchpoints:          4
JTAG speed: 2000 kHz
 
Full Chip Erase Done.
Programming Done.
Verify OK.
Application running ...
